
> soyl-site@1.0.0 test
> jest src/components/__tests__/AssistantPromo.test.tsx

  console.error
    Error: Uncaught [TypeError: Invalid base URL: ]
        at reportException (C:\Users\ryang\soyl-site\node_modules\jsdom\lib\jsdom\living\helpers\runtime-script-errors.js:66:24)
        at innerInvokeEventListeners (C:\Users\ryang\soyl-site\node_modules\jsdom\lib\jsdom\living\events\EventTarget-impl.js:353:9)
        at invokeEventListeners (C:\Users\ryang\soyl-site\node_modules\jsdom\lib\jsdom\living\events\EventTarget-impl.js:286:3)
        at HTMLUnknownElementImpl._dispatch (C:\Users\ryang\soyl-site\node_modules\jsdom\lib\jsdom\living\events\EventTarget-impl.js:233:9)
        at HTMLUnknownElementImpl.dispatchEvent (C:\Users\ryang\soyl-site\node_modules\jsdom\lib\jsdom\living\events\EventTarget-impl.js:104:17)
        at HTMLUnknownElement.dispatchEvent (C:\Users\ryang\soyl-site\node_modules\jsdom\lib\jsdom\living\generated\EventTarget.js:241:34)
        at Object.invokeGuardedCallbackDev (C:\Users\ryang\soyl-site\node_modules\react-dom\cjs\react-dom.development.js:4213:16)
        at invokeGuardedCallback (C:\Users\ryang\soyl-site\node_modules\react-dom\cjs\react-dom.development.js:4277:31)
        at beginWork$1 (C:\Users\ryang\soyl-site\node_modules\react-dom\cjs\react-dom.development.js:27490:7)
        at performUnitOfWork (C:\Users\ryang\soyl-site\node_modules\react-dom\cjs\react-dom.development.js:26599:12)
        at workLoopSync (C:\Users\ryang\soyl-site\node_modules\react-dom\cjs\react-dom.development.js:26505:5)
        at renderRootSync (C:\Users\ryang\soyl-site\node_modules\react-dom\cjs\react-dom.development.js:26473:7)
        at performConcurrentWorkOnRoot (C:\Users\ryang\soyl-site\node_modules\react-dom\cjs\react-dom.development.js:25777:74)
        at flushActQueue (C:\Users\ryang\soyl-site\node_modules\react\cjs\react.development.js:2667:24)
        at act (C:\Users\ryang\soyl-site\node_modules\react\cjs\react.development.js:2582:11)
        at C:\Users\ryang\soyl-site\node_modules\@testing-library\react\dist\act-compat.js:47:25
        at renderRoot (C:\Users\ryang\soyl-site\node_modules\@testing-library\react\dist\pure.js:180:26)
        at render (C:\Users\ryang\soyl-site\node_modules\@testing-library\react\dist\pure.js:271:10)
        at Object.<anonymous> (C:\Users\ryang\soyl-site\src\components\__tests__\AssistantPromo.test.tsx:113:11)
        at Promise.then.completed (C:\Users\ryang\soyl-site\node_modules\jest-circus\build\utils.js:298:28)
        at new Promise (<anonymous>)
        at callAsyncCircusFn (C:\Users\ryang\soyl-site\node_modules\jest-circus\build\utils.js:231:10)
        at _callCircusTest (C:\Users\ryang\soyl-site\node_modules\jest-circus\build\run.js:316:40)
        at _runTest (C:\Users\ryang\soyl-site\node_modules\jest-circus\build\run.js:252:3)
        at _runTestsForDescribeBlock (C:\Users\ryang\soyl-site\node_modules\jest-circus\build\run.js:126:9)
        at _runTestsForDescribeBlock (C:\Users\ryang\soyl-site\node_modules\jest-circus\build\run.js:121:9)
        at run (C:\Users\ryang\soyl-site\node_modules\jest-circus\build\run.js:71:3)
        at runAndTransformResultsToJestFormat (C:\Users\ryang\soyl-site\node_modules\jest-circus\build\legacy-code-todo-rewrite\jestAdapterInit.js:122:21)
        at jestAdapter (C:\Users\ryang\soyl-site\node_modules\jest-circus\build\legacy-code-todo-rewrite\jestAdapter.js:79:19)
        at runTestInternal (C:\Users\ryang\soyl-site\node_modules\jest-runner\build\runTest.js:367:16)
        at runTest (C:\Users\ryang\soyl-site\node_modules\jest-runner\build\runTest.js:444:34) {
      detail: TypeError: Invalid base URL: 
          at new URLImpl (C:\Users\ryang\soyl-site\node_modules\whatwg-url\lib\URL-impl.js:15:15)
          at Object.exports.setup (C:\Users\ryang\soyl-site\node_modules\whatwg-url\lib\URL.js:54:12)
          at new URL (C:\Users\ryang\soyl-site\node_modules\whatwg-url\lib\URL.js:115:22)
          at getImgProps (C:\Users\ryang\soyl-site\node_modules\next\src\shared\lib\get-img-props.ts:666:19)
          at C:\Users\ryang\soyl-site\node_modules\next\src\client\image-component.tsx:398:20
          at renderWithHooks (C:\Users\ryang\soyl-site\node_modules\react-dom\cjs\react-dom.development.js:15486:18)
          at updateForwardRef (C:\Users\ryang\soyl-site\node_modules\react-dom\cjs\react-dom.development.js:19245:20)
          at beginWork (C:\Users\ryang\soyl-site\node_modules\react-dom\cjs\react-dom.development.js:21675:16)
          at HTMLUnknownElement.callCallback (C:\Users\ryang\soyl-site\node_modules\react-dom\cjs\react-dom.development.js:4164:14)
          at HTMLUnknownElement.callTheUserObjectsOperation (C:\Users\ryang\soyl-site\node_modules\jsdom\lib\jsdom\living\generated\EventListener.js:26:30)
          at innerInvokeEventListeners (C:\Users\ryang\soyl-site\node_modules\jsdom\lib\jsdom\living\events\EventTarget-impl.js:350:25)
          at invokeEventListeners (C:\Users\ryang\soyl-site\node_modules\jsdom\lib\jsdom\living\events\EventTarget-impl.js:286:3)
          at HTMLUnknownElementImpl._dispatch (C:\Users\ryang\soyl-site\node_modules\jsdom\lib\jsdom\living\events\EventTarget-impl.js:233:9)
          at HTMLUnknownElementImpl.dispatchEvent (C:\Users\ryang\soyl-site\node_modules\jsdom\lib\jsdom\living\events\EventTarget-impl.js:104:17)
          at HTMLUnknownElement.dispatchEvent (C:\Users\ryang\soyl-site\node_modules\jsdom\lib\jsdom\living\generated\EventTarget.js:241:34)
          at Object.invokeGuardedCallbackDev (C:\Users\ryang\soyl-site\node_modules\react-dom\cjs\react-dom.development.js:4213:16)
          at invokeGuardedCallback (C:\Users\ryang\soyl-site\node_modules\react-dom\cjs\react-dom.development.js:4277:31)
          at beginWork$1 (C:\Users\ryang\soyl-site\node_modules\react-dom\cjs\react-dom.development.js:27490:7)
          at performUnitOfWork (C:\Users\ryang\soyl-site\node_modules\react-dom\cjs\react-dom.development.js:26599:12)
          at workLoopSync (C:\Users\ryang\soyl-site\node_modules\react-dom\cjs\react-dom.development.js:26505:5)
          at renderRootSync (C:\Users\ryang\soyl-site\node_modules\react-dom\cjs\react-dom.development.js:26473:7)
          at performConcurrentWorkOnRoot (C:\Users\ryang\soyl-site\node_modules\react-dom\cjs\react-dom.development.js:25777:74)
          at flushActQueue (C:\Users\ryang\soyl-site\node_modules\react\cjs\react.development.js:2667:24)
          at act (C:\Users\ryang\soyl-site\node_modules\react\cjs\react.development.js:2582:11)
          at C:\Users\ryang\soyl-site\node_modules\@testing-library\react\dist\act-compat.js:47:25
          at renderRoot (C:\Users\ryang\soyl-site\node_modules\@testing-library\react\dist\pure.js:180:26)
          at render (C:\Users\ryang\soyl-site\node_modules\@testing-library\react\dist\pure.js:271:10)
          at Object.<anonymous> (C:\Users\ryang\soyl-site\src\components\__tests__\AssistantPromo.test.tsx:113:11)
          at Promise.then.completed (C:\Users\ryang\soyl-site\node_modules\jest-circus\build\utils.js:298:28)
          at new Promise (<anonymous>)
          at callAsyncCircusFn (C:\Users\ryang\soyl-site\node_modules\jest-circus\build\utils.js:231:10)
          at _callCircusTest (C:\Users\ryang\soyl-site\node_modules\jest-circus\build\run.js:316:40)
          at _runTest (C:\Users\ryang\soyl-site\node_modules\jest-circus\build\run.js:252:3)
          at _runTestsForDescribeBlock (C:\Users\ryang\soyl-site\node_modules\jest-circus\build\run.js:126:9)
          at _runTestsForDescribeBlock (C:\Users\ryang\soyl-site\node_modules\jest-circus\build\run.js:121:9)
          at run (C:\Users\ryang\soyl-site\node_modules\jest-circus\build\run.js:71:3)
          at runAndTransformResultsToJestFormat (C:\Users\ryang\soyl-site\node_modules\jest-circus\build\legacy-code-todo-rewrite\jestAdapterInit.js:122:21)
          at jestAdapter (C:\Users\ryang\soyl-site\node_modules\jest-circus\build\legacy-code-todo-rewrite\jestAdapter.js:79:19)
          at runTestInternal (C:\Users\ryang\soyl-site\node_modules\jest-runner\build\runTest.js:367:16)
          at runTest (C:\Users\ryang\soyl-site\node_modules\jest-runner\build\runTest.js:444:34),
      type: 'unhandled exception'
    }

    [0m [90m 111 |[39m
     [90m 112 |[39m   it([32m'renders the promo section with correct heading'[39m[33m,[39m [36masync[39m () [33m=>[39m {
    [31m[1m>[22m[39m[90m 113 |[39m     render([33m<[39m[33mAssistantPromo[39m [33m/[39m[33m>[39m)
     [90m     |[39m           [31m[1m^[22m[39m
     [90m 114 |[39m     [36mawait[39m waitFor(() [33m=>[39m {
     [90m 115 |[39m       expect(screen[33m.[39mgetByRole([32m'region'[39m[33m,[39m { name[33m:[39m [35m/soyl assistant/i[39m }))[33m.[39mtoBeInTheDocument()
     [90m 116 |[39m     })[0m

      at VirtualConsole.<anonymous> (node_modules/jest-environment-jsdom/build/index.js:63:23)
      at reportException (node_modules/jsdom/lib/jsdom/living/helpers/runtime-script-errors.js:70:28)
      at innerInvokeEventListeners (node_modules/jsdom/lib/jsdom/living/events/EventTarget-impl.js:353:9)
      at invokeEventListeners (node_modules/jsdom/lib/jsdom/living/events/EventTarget-impl.js:286:3)
      at HTMLUnknownElementImpl._dispatch (node_modules/jsdom/lib/jsdom/living/events/EventTarget-impl.js:233:9)
      at HTMLUnknownElementImpl.dispatchEvent (node_modules/jsdom/lib/jsdom/living/events/EventTarget-impl.js:104:17)
      at HTMLUnknownElement.dispatchEvent (node_modules/jsdom/lib/jsdom/living/generated/EventTarget.js:241:34)
      at Object.invokeGuardedCallbackDev (node_modules/react-dom/cjs/react-dom.development.js:4213:16)
      at invokeGuardedCallback (node_modules/react-dom/cjs/react-dom.development.js:4277:31)
      at beginWork$1 (node_modules/react-dom/cjs/react-dom.development.js:27490:7)
      at performUnitOfWork (node_modules/react-dom/cjs/react-dom.development.js:26599:12)
      at workLoopSync (node_modules/react-dom/cjs/react-dom.development.js:26505:5)
      at renderRootSync (node_modules/react-dom/cjs/react-dom.development.js:26473:7)
      at performConcurrentWorkOnRoot (node_modules/react-dom/cjs/react-dom.development.js:25777:74)
      at flushActQueue (node_modules/react/cjs/react.development.js:2667:24)
      at act (node_modules/react/cjs/react.development.js:2582:11)
      at node_modules/@testing-library/react/dist/act-compat.js:47:25
      at renderRoot (node_modules/@testing-library/react/dist/pure.js:180:26)
      at render (node_modules/@testing-library/react/dist/pure.js:271:10)
      at Object.<anonymous> (src/components/__tests__/AssistantPromo.test.tsx:113:11)

  console.error
    Error: Uncaught [TypeError: Invalid base URL: ]
        at reportException (C:\Users\ryang\soyl-site\node_modules\jsdom\lib\jsdom\living\helpers\runtime-script-errors.js:66:24)
        at innerInvokeEventListeners (C:\Users\ryang\soyl-site\node_modules\jsdom\lib\jsdom\living\events\EventTarget-impl.js:353:9)
        at invokeEventListeners (C:\Users\ryang\soyl-site\node_modules\jsdom\lib\jsdom\living\events\EventTarget-impl.js:286:3)
        at HTMLUnknownElementImpl._dispatch (C:\Users\ryang\soyl-site\node_modules\jsdom\lib\jsdom\living\events\EventTarget-impl.js:233:9)
        at HTMLUnknownElementImpl.dispatchEvent (C:\Users\ryang\soyl-site\node_modules\jsdom\lib\jsdom\living\events\EventTarget-impl.js:104:17)
        at HTMLUnknownElement.dispatchEvent (C:\Users\ryang\soyl-site\node_modules\jsdom\lib\jsdom\living\generated\EventTarget.js:241:34)
        at Object.invokeGuardedCallbackDev (C:\Users\ryang\soyl-site\node_modules\react-dom\cjs\react-dom.development.js:4213:16)
        at invokeGuardedCallback (C:\Users\ryang\soyl-site\node_modules\react-dom\cjs\react-dom.development.js:4277:31)
        at beginWork$1 (C:\Users\ryang\soyl-site\node_modules\react-dom\cjs\react-dom.development.js:27490:7)
        at performUnitOfWork (C:\Users\ryang\soyl-site\node_modules\react-dom\cjs\react-dom.development.js:26599:12)
        at workLoopSync (C:\Users\ryang\soyl-site\node_modules\react-dom\cjs\react-dom.development.js:26505:5)
        at renderRootSync (C:\Users\ryang\soyl-site\node_modules\react-dom\cjs\react-dom.development.js:26473:7)
        at recoverFromConcurrentError (C:\Users\ryang\soyl-site\node_modules\react-dom\cjs\react-dom.development.js:25889:20)
        at performConcurrentWorkOnRoot (C:\Users\ryang\soyl-site\node_modules\react-dom\cjs\react-dom.development.js:25789:22)
        at flushActQueue (C:\Users\ryang\soyl-site\node_modules\react\cjs\react.development.js:2667:24)
        at act (C:\Users\ryang\soyl-site\node_modules\react\cjs\react.development.js:2582:11)
        at C:\Users\ryang\soyl-site\node_modules\@testing-library\react\dist\act-compat.js:47:25
        at renderRoot (C:\Users\ryang\soyl-site\node_modules\@testing-library\react\dist\pure.js:180:26)
        at render (C:\Users\ryang\soyl-site\node_modules\@testing-library\react\dist\pure.js:271:10)
        at Object.<anonymous> (C:\Users\ryang\soyl-site\src\components\__tests__\AssistantPromo.test.tsx:113:11)
        at Promise.then.completed (C:\Users\ryang\soyl-site\node_modules\jest-circus\build\utils.js:298:28)
        at new Promise (<anonymous>)
        at callAsyncCircusFn (C:\Users\ryang\soyl-site\node_modules\jest-circus\build\utils.js:231:10)
        at _callCircusTest (C:\Users\ryang\soyl-site\node_modules\jest-circus\build\run.js:316:40)
        at _runTest (C:\Users\ryang\soyl-site\node_modules\jest-circus\build\run.js:252:3)
        at _runTestsForDescribeBlock (C:\Users\ryang\soyl-site\node_modules\jest-circus\build\run.js:126:9)
        at _runTestsForDescribeBlock (C:\Users\ryang\soyl-site\node_modules\jest-circus\build\run.js:121:9)
        at run (C:\Users\ryang\soyl-site\node_modules\jest-circus\build\run.js:71:3)
        at runAndTransformResultsToJestFormat (C:\Users\ryang\soyl-site\node_modules\jest-circus\build\legacy-code-todo-rewrite\jestAdapterInit.js:122:21)
        at jestAdapter (C:\Users\ryang\soyl-site\node_modules\jest-circus\build\legacy-code-todo-rewrite\jestAdapter.js:79:19)
        at runTestInternal (C:\Users\ryang\soyl-site\node_modules\jest-runner\build\runTest.js:367:16)
        at runTest (C:\Users\ryang\soyl-site\node_modules\jest-runner\build\runTest.js:444:34) {
      detail: TypeError: Invalid base URL: 
          at new URLImpl (C:\Users\ryang\soyl-site\node_modules\whatwg-url\lib\URL-impl.js:15:15)
          at Object.exports.setup (C:\Users\ryang\soyl-site\node_modules\whatwg-url\lib\URL.js:54:12)
          at new URL (C:\Users\ryang\soyl-site\node_modules\whatwg-url\lib\URL.js:115:22)
          at getImgProps (C:\Users\ryang\soyl-site\node_modules\next\src\shared\lib\get-img-props.ts:666:19)
          at C:\Users\ryang\soyl-site\node_modules\next\src\client\image-component.tsx:398:20
          at renderWithHooks (C:\Users\ryang\soyl-site\node_modules\react-dom\cjs\react-dom.development.js:15486:18)
          at updateForwardRef (C:\Users\ryang\soyl-site\node_modules\react-dom\cjs\react-dom.development.js:19245:20)
          at beginWork (C:\Users\ryang\soyl-site\node_modules\react-dom\cjs\react-dom.development.js:21675:16)
          at HTMLUnknownElement.callCallback (C:\Users\ryang\soyl-site\node_modules\react-dom\cjs\react-dom.development.js:4164:14)
          at HTMLUnknownElement.callTheUserObjectsOperation (C:\Users\ryang\soyl-site\node_modules\jsdom\lib\jsdom\living\generated\EventListener.js:26:30)
          at innerInvokeEventListeners (C:\Users\ryang\soyl-site\node_modules\jsdom\lib\jsdom\living\events\EventTarget-impl.js:350:25)
          at invokeEventListeners (C:\Users\ryang\soyl-site\node_modules\jsdom\lib\jsdom\living\events\EventTarget-impl.js:286:3)
          at HTMLUnknownElementImpl._dispatch (C:\Users\ryang\soyl-site\node_modules\jsdom\lib\jsdom\living\events\EventTarget-impl.js:233:9)
          at HTMLUnknownElementImpl.dispatchEvent (C:\Users\ryang\soyl-site\node_modules\jsdom\lib\jsdom\living\events\EventTarget-impl.js:104:17)
          at HTMLUnknownElement.dispatchEvent (C:\Users\ryang\soyl-site\node_modules\jsdom\lib\jsdom\living\generated\EventTarget.js:241:34)
          at Object.invokeGuardedCallbackDev (C:\Users\ryang\soyl-site\node_modules\react-dom\cjs\react-dom.development.js:4213:16)
          at invokeGuardedCallback (C:\Users\ryang\soyl-site\node_modules\react-dom\cjs\react-dom.development.js:4277:31)
          at beginWork$1 (C:\Users\ryang\soyl-site\node_modules\react-dom\cjs\react-dom.development.js:27490:7)
          at performUnitOfWork (C:\Users\ryang\soyl-site\node_modules\react-dom\cjs\react-dom.development.js:26599:12)
          at workLoopSync (C:\Users\ryang\soyl-site\node_modules\react-dom\cjs\react-dom.development.js:26505:5)
          at renderRootSync (C:\Users\ryang\soyl-site\node_modules\react-dom\cjs\react-dom.development.js:26473:7)
          at recoverFromConcurrentError (C:\Users\ryang\soyl-site\node_modules\react-dom\cjs\react-dom.development.js:25889:20)
          at performConcurrentWorkOnRoot (C:\Users\ryang\soyl-site\node_modules\react-dom\cjs\react-dom.development.js:25789:22)
          at flushActQueue (C:\Users\ryang\soyl-site\node_modules\react\cjs\react.development.js:2667:24)
          at act (C:\Users\ryang\soyl-site\node_modules\react\cjs\react.development.js:2582:11)
          at C:\Users\ryang\soyl-site\node_modules\@testing-library\react\dist\act-compat.js:47:25
          at renderRoot (C:\Users\ryang\soyl-site\node_modules\@testing-library\react\dist\pure.js:180:26)
          at render (C:\Users\ryang\soyl-site\node_modules\@testing-library\react\dist\pure.js:271:10)
          at Object.<anonymous> (C:\Users\ryang\soyl-site\src\components\__tests__\AssistantPromo.test.tsx:113:11)
          at Promise.then.completed (C:\Users\ryang\soyl-site\node_modules\jest-circus\build\utils.js:298:28)
          at new Promise (<anonymous>)
          at callAsyncCircusFn (C:\Users\ryang\soyl-site\node_modules\jest-circus\build\utils.js:231:10)
          at _callCircusTest (C:\Users\ryang\soyl-site\node_modules\jest-circus\build\run.js:316:40)
          at _runTest (C:\Users\ryang\soyl-site\node_modules\jest-circus\build\run.js:252:3)
          at _runTestsForDescribeBlock (C:\Users\ryang\soyl-site\node_modules\jest-circus\build\run.js:126:9)
          at _runTestsForDescribeBlock (C:\Users\ryang\soyl-site\node_modules\jest-circus\build\run.js:121:9)
          at run (C:\Users\ryang\soyl-site\node_modules\jest-circus\build\run.js:71:3)
          at runAndTransformResultsToJestFormat (C:\Users\ryang\soyl-site\node_modules\jest-circus\build\legacy-code-todo-rewrite\jestAdapterInit.js:122:21)
          at jestAdapter (C:\Users\ryang\soyl-site\node_modules\jest-circus\build\legacy-code-todo-rewrite\jestAdapter.js:79:19)
          at runTestInternal (C:\Users\ryang\soyl-site\node_modules\jest-runner\build\runTest.js:367:16)
          at runTest (C:\Users\ryang\soyl-site\node_modules\jest-runner\build\runTest.js:444:34),
      type: 'unhandled exception'
    }

    [0m [90m 111 |[39m
     [90m 112 |[39m   it([32m'renders the promo section with correct heading'[39m[33m,[39m [36masync[39m () [33m=>[39m {
    [31m[1m>[22m[39m[90m 113 |[39m     render([33m<[39m[33mAssistantPromo[39m [33m/[39m[33m>[39m)
     [90m     |[39m           [31m[1m^[22m[39m
     [90m 114 |[39m     [36mawait[39m waitFor(() [33m=>[39m {
     [90m 115 |[39m       expect(screen[33m.[39mgetByRole([32m'region'[39m[33m,[39m { name[33m:[39m [35m/soyl assistant/i[39m }))[33m.[39mtoBeInTheDocument()
     [90m 116 |[39m     })[0m

      at VirtualConsole.<anonymous> (node_modules/jest-environment-jsdom/build/index.js:63:23)
      at reportException (node_modules/jsdom/lib/jsdom/living/helpers/runtime-script-errors.js:70:28)
      at innerInvokeEventListeners (node_modules/jsdom/lib/jsdom/living/events/EventTarget-impl.js:353:9)
      at invokeEventListeners (node_modules/jsdom/lib/jsdom/living/events/EventTarget-impl.js:286:3)
      at HTMLUnknownElementImpl._dispatch (node_modules/jsdom/lib/jsdom/living/events/EventTarget-impl.js:233:9)
      at HTMLUnknownElementImpl.dispatchEvent (node_modules/jsdom/lib/jsdom/living/events/EventTarget-impl.js:104:17)
      at HTMLUnknownElement.dispatchEvent (node_modules/jsdom/lib/jsdom/living/generated/EventTarget.js:241:34)
      at Object.invokeGuardedCallbackDev (node_modules/react-dom/cjs/react-dom.development.js:4213:16)
      at invokeGuardedCallback (node_modules/react-dom/cjs/react-dom.development.js:4277:31)
      at beginWork$1 (node_modules/react-dom/cjs/react-dom.development.js:27490:7)
      at performUnitOfWork (node_modules/react-dom/cjs/react-dom.development.js:26599:12)
      at workLoopSync (node_modules/react-dom/cjs/react-dom.development.js:26505:5)
      at renderRootSync (node_modules/react-dom/cjs/react-dom.development.js:26473:7)
      at recoverFromConcurrentError (node_modules/react-dom/cjs/react-dom.development.js:25889:20)
      at performConcurrentWorkOnRoot (node_modules/react-dom/cjs/react-dom.development.js:25789:22)
      at flushActQueue (node_modules/react/cjs/react.development.js:2667:24)
      at act (node_modules/react/cjs/react.development.js:2582:11)
      at node_modules/@testing-library/react/dist/act-compat.js:47:25
      at renderRoot (node_modules/@testing-library/react/dist/pure.js:180:26)
      at render (node_modules/@testing-library/react/dist/pure.js:271:10)
      at Object.<anonymous> (src/components/__tests__/AssistantPromo.test.tsx:113:11)

  console.error
    The above error occurred in the <ForwardRef> component:
    
        at C:\Users\ryang\soyl-site\node_modules\next\src\client\image-component.tsx:369:5
        at div
        at div
        at children (C:\Users\ryang\soyl-site\src\components\__tests__\AssistantPromo.test.tsx:19:7)
        at div
        at div
        at section
        at AssistantPromo (C:\Users\ryang\soyl-site\src\components\AssistantPromo.tsx:9:41)
    
    Consider adding an error boundary to your tree to customize error handling behavior.
    Visit https://reactjs.org/link/error-boundaries to learn more about error boundaries.

    [0m [90m 111 |[39m
     [90m 112 |[39m   it([32m'renders the promo section with correct heading'[39m[33m,[39m [36masync[39m () [33m=>[39m {
    [31m[1m>[22m[39m[90m 113 |[39m     render([33m<[39m[33mAssistantPromo[39m [33m/[39m[33m>[39m)
     [90m     |[39m           [31m[1m^[22m[39m
     [90m 114 |[39m     [36mawait[39m waitFor(() [33m=>[39m {
     [90m 115 |[39m       expect(screen[33m.[39mgetByRole([32m'region'[39m[33m,[39m { name[33m:[39m [35m/soyl assistant/i[39m }))[33m.[39mtoBeInTheDocument()
     [90m 116 |[39m     })[0m

      at logCapturedError (node_modules/react-dom/cjs/react-dom.development.js:18704:23)
      at update.callback (node_modules/react-dom/cjs/react-dom.development.js:18737:5)
      at callCallback (node_modules/react-dom/cjs/react-dom.development.js:15036:12)
      at commitUpdateQueue (node_modules/react-dom/cjs/react-dom.development.js:15057:9)
      at commitLayoutEffectOnFiber (node_modules/react-dom/cjs/react-dom.development.js:23430:13)
      at commitLayoutMountEffects_complete (node_modules/react-dom/cjs/react-dom.development.js:24727:9)
      at commitLayoutEffects_begin (node_modules/react-dom/cjs/react-dom.development.js:24713:7)
      at commitLayoutEffects (node_modules/react-dom/cjs/react-dom.development.js:24651:3)
      at commitRootImpl (node_modules/react-dom/cjs/react-dom.development.js:26862:5)
      at commitRoot (node_modules/react-dom/cjs/react-dom.development.js:26721:5)
      at finishConcurrentRender (node_modules/react-dom/cjs/react-dom.development.js:25931:9)
      at performConcurrentWorkOnRoot (node_modules/react-dom/cjs/react-dom.development.js:25848:7)
      at flushActQueue (node_modules/react/cjs/react.development.js:2667:24)
      at act (node_modules/react/cjs/react.development.js:2582:11)
      at node_modules/@testing-library/react/dist/act-compat.js:47:25
      at renderRoot (node_modules/@testing-library/react/dist/pure.js:180:26)
      at render (node_modules/@testing-library/react/dist/pure.js:271:10)
      at Object.<anonymous> (src/components/__tests__/AssistantPromo.test.tsx:113:11)

  console.error
    Error: Uncaught [TypeError: Invalid base URL: ]
        at reportException (C:\Users\ryang\soyl-site\node_modules\jsdom\lib\jsdom\living\helpers\runtime-script-errors.js:66:24)
        at innerInvokeEventListeners (C:\Users\ryang\soyl-site\node_modules\jsdom\lib\jsdom\living\events\EventTarget-impl.js:353:9)
        at invokeEventListeners (C:\Users\ryang\soyl-site\node_modules\jsdom\lib\jsdom\living\events\EventTarget-impl.js:286:3)
        at HTMLUnknownElementImpl._dispatch (C:\Users\ryang\soyl-site\node_modules\jsdom\lib\jsdom\living\events\EventTarget-impl.js:233:9)
        at HTMLUnknownElementImpl.dispatchEvent (C:\Users\ryang\soyl-site\node_modules\jsdom\lib\jsdom\living\events\EventTarget-impl.js:104:17)
        at HTMLUnknownElement.dispatchEvent (C:\Users\ryang\soyl-site\node_modules\jsdom\lib\jsdom\living\generated\EventTarget.js:241:34)
        at Object.invokeGuardedCallbackDev (C:\Users\ryang\soyl-site\node_modules\react-dom\cjs\react-dom.development.js:4213:16)
        at invokeGuardedCallback (C:\Users\ryang\soyl-site\node_modules\react-dom\cjs\react-dom.development.js:4277:31)
        at beginWork$1 (C:\Users\ryang\soyl-site\node_modules\react-dom\cjs\react-dom.development.js:27490:7)
        at performUnitOfWork (C:\Users\ryang\soyl-site\node_modules\react-dom\cjs\react-dom.development.js:26599:12)
        at workLoopSync (C:\Users\ryang\soyl-site\node_modules\react-dom\cjs\react-dom.development.js:26505:5)
        at renderRootSync (C:\Users\ryang\soyl-site\node_modules\react-dom\cjs\react-dom.development.js:26473:7)
        at performConcurrentWorkOnRoot (C:\Users\ryang\soyl-site\node_modules\react-dom\cjs\react-dom.development.js:25777:74)
        at flushActQueue (C:\Users\ryang\soyl-site\node_modules\react\cjs\react.development.js:2667:24)
        at act (C:\Users\ryang\soyl-site\node_modules\react\cjs\react.development.js:2582:11)
        at C:\Users\ryang\soyl-site\node_modules\@testing-library\react\dist\act-compat.js:47:25
        at renderRoot (C:\Users\ryang\soyl-site\node_modules\@testing-library\react\dist\pure.js:180:26)
        at render (C:\Users\ryang\soyl-site\node_modules\@testing-library\react\dist\pure.js:271:10)
        at Object.<anonymous> (C:\Users\ryang\soyl-site\src\components\__tests__\AssistantPromo.test.tsx:121:11)
        at Promise.then.completed (C:\Users\ryang\soyl-site\node_modules\jest-circus\build\utils.js:298:28)
        at new Promise (<anonymous>)
        at callAsyncCircusFn (C:\Users\ryang\soyl-site\node_modules\jest-circus\build\utils.js:231:10)
        at _callCircusTest (C:\Users\ryang\soyl-site\node_modules\jest-circus\build\run.js:316:40)
        at _runTest (C:\Users\ryang\soyl-site\node_modules\jest-circus\build\run.js:252:3)
        at _runTestsForDescribeBlock (C:\Users\ryang\soyl-site\node_modules\jest-circus\build\run.js:126:9)
        at _runTestsForDescribeBlock (C:\Users\ryang\soyl-site\node_modules\jest-circus\build\run.js:121:9)
        at run (C:\Users\ryang\soyl-site\node_modules\jest-circus\build\run.js:71:3)
        at runAndTransformResultsToJestFormat (C:\Users\ryang\soyl-site\node_modules\jest-circus\build\legacy-code-todo-rewrite\jestAdapterInit.js:122:21)
        at jestAdapter (C:\Users\ryang\soyl-site\node_modules\jest-circus\build\legacy-code-todo-rewrite\jestAdapter.js:79:19)
        at runTestInternal (C:\Users\ryang\soyl-site\node_modules\jest-runner\build\runTest.js:367:16)
        at runTest (C:\Users\ryang\soyl-site\node_modules\jest-runner\build\runTest.js:444:34) {
      detail: TypeError: Invalid base URL: 
          at new URLImpl (C:\Users\ryang\soyl-site\node_modules\whatwg-url\lib\URL-impl.js:15:15)
          at Object.exports.setup (C:\Users\ryang\soyl-site\node_modules\whatwg-url\lib\URL.js:54:12)
          at new URL (C:\Users\ryang\soyl-site\node_modules\whatwg-url\lib\URL.js:115:22)
          at getImgProps (C:\Users\ryang\soyl-site\node_modules\next\src\shared\lib\get-img-props.ts:666:19)
          at C:\Users\ryang\soyl-site\node_modules\next\src\client\image-component.tsx:398:20
          at renderWithHooks (C:\Users\ryang\soyl-site\node_modules\react-dom\cjs\react-dom.development.js:15486:18)
          at updateForwardRef (C:\Users\ryang\soyl-site\node_modules\react-dom\cjs\react-dom.development.js:19245:20)
          at beginWork (C:\Users\ryang\soyl-site\node_modules\react-dom\cjs\react-dom.development.js:21675:16)
          at HTMLUnknownElement.callCallback (C:\Users\ryang\soyl-site\node_modules\react-dom\cjs\react-dom.development.js:4164:14)
          at HTMLUnknownElement.callTheUserObjectsOperation (C:\Users\ryang\soyl-site\node_modules\jsdom\lib\jsdom\living\generated\EventListener.js:26:30)
          at innerInvokeEventListeners (C:\Users\ryang\soyl-site\node_modules\jsdom\lib\jsdom\living\events\EventTarget-impl.js:350:25)
          at invokeEventListeners (C:\Users\ryang\soyl-site\node_modules\jsdom\lib\jsdom\living\events\EventTarget-impl.js:286:3)
          at HTMLUnknownElementImpl._dispatch (C:\Users\ryang\soyl-site\node_modules\jsdom\lib\jsdom\living\events\EventTarget-impl.js:233:9)
          at HTMLUnknownElementImpl.dispatchEvent (C:\Users\ryang\soyl-site\node_modules\jsdom\lib\jsdom\living\events\EventTarget-impl.js:104:17)
          at HTMLUnknownElement.dispatchEvent (C:\Users\ryang\soyl-site\node_modules\jsdom\lib\jsdom\living\generated\EventTarget.js:241:34)
          at Object.invokeGuardedCallbackDev (C:\Users\ryang\soyl-site\node_modules\react-dom\cjs\react-dom.development.js:4213:16)
          at invokeGuardedCallback (C:\Users\ryang\soyl-site\node_modules\react-dom\cjs\react-dom.development.js:4277:31)
          at beginWork$1 (C:\Users\ryang\soyl-site\node_modules\react-dom\cjs\react-dom.development.js:27490:7)
          at performUnitOfWork (C:\Users\ryang\soyl-site\node_modules\react-dom\cjs\react-dom.development.js:26599:12)
          at workLoopSync (C:\Users\ryang\soyl-site\node_modules\react-dom\cjs\react-dom.development.js:26505:5)
          at renderRootSync (C:\Users\ryang\soyl-site\node_modules\react-dom\cjs\react-dom.development.js:26473:7)
          at performConcurrentWorkOnRoot (C:\Users\ryang\soyl-site\node_modules\react-dom\cjs\react-dom.development.js:25777:74)
          at flushActQueue (C:\Users\ryang\soyl-site\node_modules\react\cjs\react.development.js:2667:24)
          at act (C:\Users\ryang\soyl-site\node_modules\react\cjs\react.development.js:2582:11)
          at C:\Users\ryang\soyl-site\node_modules\@testing-library\react\dist\act-compat.js:47:25
          at renderRoot (C:\Users\ryang\soyl-site\node_modules\@testing-library\react\dist\pure.js:180:26)
          at render (C:\Users\ryang\soyl-site\node_modules\@testing-library\react\dist\pure.js:271:10)
          at Object.<anonymous> (C:\Users\ryang\soyl-site\src\components\__tests__\AssistantPromo.test.tsx:121:11)
          at Promise.then.completed (C:\Users\ryang\soyl-site\node_modules\jest-circus\build\utils.js:298:28)
          at new Promise (<anonymous>)
          at callAsyncCircusFn (C:\Users\ryang\soyl-site\node_modules\jest-circus\build\utils.js:231:10)
          at _callCircusTest (C:\Users\ryang\soyl-site\node_modules\jest-circus\build\run.js:316:40)
          at _runTest (C:\Users\ryang\soyl-site\node_modules\jest-circus\build\run.js:252:3)
          at _runTestsForDescribeBlock (C:\Users\ryang\soyl-site\node_modules\jest-circus\build\run.js:126:9)
          at _runTestsForDescribeBlock (C:\Users\ryang\soyl-site\node_modules\jest-circus\build\run.js:121:9)
          at run (C:\Users\ryang\soyl-site\node_modules\jest-circus\build\run.js:71:3)
          at runAndTransformResultsToJestFormat (C:\Users\ryang\soyl-site\node_modules\jest-circus\build\legacy-code-todo-rewrite\jestAdapterInit.js:122:21)
          at jestAdapter (C:\Users\ryang\soyl-site\node_modules\jest-circus\build\legacy-code-todo-rewrite\jestAdapter.js:79:19)
          at runTestInternal (C:\Users\ryang\soyl-site\node_modules\jest-runner\build\runTest.js:367:16)
          at runTest (C:\Users\ryang\soyl-site\node_modules\jest-runner\build\runTest.js:444:34),
      type: 'unhandled exception'
    }

    [0m [90m 119 |[39m
     [90m 120 |[39m   it([32m'renders the description text'[39m[33m,[39m [36masync[39m () [33m=>[39m {
    [31m[1m>[22m[39m[90m 121 |[39m     render([33m<[39m[33mAssistantPromo[39m [33m/[39m[33m>[39m)
     [90m     |[39m           [31m[1m^[22m[39m
     [90m 122 |[39m     [36mawait[39m waitFor(() [33m=>[39m {
     [90m 123 |[39m       expect(
     [90m 124 |[39m         screen[33m.[39mgetByText([35m/Try our multimodal, emotion-aware AI assistant/[39m)[0m

      at VirtualConsole.<anonymous> (node_modules/jest-environment-jsdom/build/index.js:63:23)
      at reportException (node_modules/jsdom/lib/jsdom/living/helpers/runtime-script-errors.js:70:28)
      at innerInvokeEventListeners (node_modules/jsdom/lib/jsdom/living/events/EventTarget-impl.js:353:9)
      at invokeEventListeners (node_modules/jsdom/lib/jsdom/living/events/EventTarget-impl.js:286:3)
      at HTMLUnknownElementImpl._dispatch (node_modules/jsdom/lib/jsdom/living/events/EventTarget-impl.js:233:9)
      at HTMLUnknownElementImpl.dispatchEvent (node_modules/jsdom/lib/jsdom/living/events/EventTarget-impl.js:104:17)
      at HTMLUnknownElement.dispatchEvent (node_modules/jsdom/lib/jsdom/living/generated/EventTarget.js:241:34)
      at Object.invokeGuardedCallbackDev (node_modules/react-dom/cjs/react-dom.development.js:4213:16)
      at invokeGuardedCallback (node_modules/react-dom/cjs/react-dom.development.js:4277:31)
      at beginWork$1 (node_modules/react-dom/cjs/react-dom.development.js:27490:7)
      at performUnitOfWork (node_modules/react-dom/cjs/react-dom.development.js:26599:12)
      at workLoopSync (node_modules/react-dom/cjs/react-dom.development.js:26505:5)
      at renderRootSync (node_modules/react-dom/cjs/react-dom.development.js:26473:7)
      at performConcurrentWorkOnRoot (node_modules/react-dom/cjs/react-dom.development.js:25777:74)
      at flushActQueue (node_modules/react/cjs/react.development.js:2667:24)
      at act (node_modules/react/cjs/react.development.js:2582:11)
      at node_modules/@testing-library/react/dist/act-compat.js:47:25
      at renderRoot (node_modules/@testing-library/react/dist/pure.js:180:26)
      at render (node_modules/@testing-library/react/dist/pure.js:271:10)
      at Object.<anonymous> (src/components/__tests__/AssistantPromo.test.tsx:121:11)

  console.error
    Error: Uncaught [TypeError: Invalid base URL: ]
        at reportException (C:\Users\ryang\soyl-site\node_modules\jsdom\lib\jsdom\living\helpers\runtime-script-errors.js:66:24)
        at innerInvokeEventListeners (C:\Users\ryang\soyl-site\node_modules\jsdom\lib\jsdom\living\events\EventTarget-impl.js:353:9)
        at invokeEventListeners (C:\Users\ryang\soyl-site\node_modules\jsdom\lib\jsdom\living\events\EventTarget-impl.js:286:3)
        at HTMLUnknownElementImpl._dispatch (C:\Users\ryang\soyl-site\node_modules\jsdom\lib\jsdom\living\events\EventTarget-impl.js:233:9)
        at HTMLUnknownElementImpl.dispatchEvent (C:\Users\ryang\soyl-site\node_modules\jsdom\lib\jsdom\living\events\EventTarget-impl.js:104:17)
        at HTMLUnknownElement.dispatchEvent (C:\Users\ryang\soyl-site\node_modules\jsdom\lib\jsdom\living\generated\EventTarget.js:241:34)
        at Object.invokeGuardedCallbackDev (C:\Users\ryang\soyl-site\node_modules\react-dom\cjs\react-dom.development.js:4213:16)
        at invokeGuardedCallback (C:\Users\ryang\soyl-site\node_modules\react-dom\cjs\react-dom.development.js:4277:31)
        at beginWork$1 (C:\Users\ryang\soyl-site\node_modules\react-dom\cjs\react-dom.development.js:27490:7)
        at performUnitOfWork (C:\Users\ryang\soyl-site\node_modules\react-dom\cjs\react-dom.development.js:26599:12)
        at workLoopSync (C:\Users\ryang\soyl-site\node_modules\react-dom\cjs\react-dom.development.js:26505:5)
        at renderRootSync (C:\Users\ryang\soyl-site\node_modules\react-dom\cjs\react-dom.development.js:26473:7)
        at recoverFromConcurrentError (C:\Users\ryang\soyl-site\node_modules\react-dom\cjs\react-dom.development.js:25889:20)
        at performConcurrentWorkOnRoot (C:\Users\ryang\soyl-site\node_modules\react-dom\cjs\react-dom.development.js:25789:22)
        at flushActQueue (C:\Users\ryang\soyl-site\node_modules\react\cjs\react.development.js:2667:24)
        at act (C:\Users\ryang\soyl-site\node_modules\react\cjs\react.development.js:2582:11)
        at C:\Users\ryang\soyl-site\node_modules\@testing-library\react\dist\act-compat.js:47:25
        at renderRoot (C:\Users\ryang\soyl-site\node_modules\@testing-library\react\dist\pure.js:180:26)
        at render (C:\Users\ryang\soyl-site\node_modules\@testing-library\react\dist\pure.js:271:10)
        at Object.<anonymous> (C:\Users\ryang\soyl-site\src\components\__tests__\AssistantPromo.test.tsx:121:11)
        at Promise.then.completed (C:\Users\ryang\soyl-site\node_modules\jest-circus\build\utils.js:298:28)
        at new Promise (<anonymous>)
        at callAsyncCircusFn (C:\Users\ryang\soyl-site\node_modules\jest-circus\build\utils.js:231:10)
        at _callCircusTest (C:\Users\ryang\soyl-site\node_modules\jest-circus\build\run.js:316:40)
        at _runTest (C:\Users\ryang\soyl-site\node_modules\jest-circus\build\run.js:252:3)
        at _runTestsForDescribeBlock (C:\Users\ryang\soyl-site\node_modules\jest-circus\build\run.js:126:9)
        at _runTestsForDescribeBlock (C:\Users\ryang\soyl-site\node_modules\jest-circus\build\run.js:121:9)
        at run (C:\Users\ryang\soyl-site\node_modules\jest-circus\build\run.js:71:3)
        at runAndTransformResultsToJestFormat (C:\Users\ryang\soyl-site\node_modules\jest-circus\build\legacy-code-todo-rewrite\jestAdapterInit.js:122:21)
        at jestAdapter (C:\Users\ryang\soyl-site\node_modules\jest-circus\build\legacy-code-todo-rewrite\jestAdapter.js:79:19)
        at runTestInternal (C:\Users\ryang\soyl-site\node_modules\jest-runner\build\runTest.js:367:16)
        at runTest (C:\Users\ryang\soyl-site\node_modules\jest-runner\build\runTest.js:444:34) {
      detail: TypeError: Invalid base URL: 
          at new URLImpl (C:\Users\ryang\soyl-site\node_modules\whatwg-url\lib\URL-impl.js:15:15)
          at Object.exports.setup (C:\Users\ryang\soyl-site\node_modules\whatwg-url\lib\URL.js:54:12)
          at new URL (C:\Users\ryang\soyl-site\node_modules\whatwg-url\lib\URL.js:115:22)
          at getImgProps (C:\Users\ryang\soyl-site\node_modules\next\src\shared\lib\get-img-props.ts:666:19)
          at C:\Users\ryang\soyl-site\node_modules\next\src\client\image-component.tsx:398:20
          at renderWithHooks (C:\Users\ryang\soyl-site\node_modules\react-dom\cjs\react-dom.development.js:15486:18)
          at updateForwardRef (C:\Users\ryang\soyl-site\node_modules\react-dom\cjs\react-dom.development.js:19245:20)
          at beginWork (C:\Users\ryang\soyl-site\node_modules\react-dom\cjs\react-dom.development.js:21675:16)
          at HTMLUnknownElement.callCallback (C:\Users\ryang\soyl-site\node_modules\react-dom\cjs\react-dom.development.js:4164:14)
          at HTMLUnknownElement.callTheUserObjectsOperation (C:\Users\ryang\soyl-site\node_modules\jsdom\lib\jsdom\living\generated\EventListener.js:26:30)
          at innerInvokeEventListeners (C:\Users\ryang\soyl-site\node_modules\jsdom\lib\jsdom\living\events\EventTarget-impl.js:350:25)
          at invokeEventListeners (C:\Users\ryang\soyl-site\node_modules\jsdom\lib\jsdom\living\events\EventTarget-impl.js:286:3)
          at HTMLUnknownElementImpl._dispatch (C:\Users\ryang\soyl-site\node_modules\jsdom\lib\jsdom\living\events\EventTarget-impl.js:233:9)
          at HTMLUnknownElementImpl.dispatchEvent (C:\Users\ryang\soyl-site\node_modules\jsdom\lib\jsdom\living\events\EventTarget-impl.js:104:17)
          at HTMLUnknownElement.dispatchEvent (C:\Users\ryang\soyl-site\node_modules\jsdom\lib\jsdom\living\generated\EventTarget.js:241:34)
          at Object.invokeGuardedCallbackDev (C:\Users\ryang\soyl-site\node_modules\react-dom\cjs\react-dom.development.js:4213:16)
          at invokeGuardedCallback (C:\Users\ryang\soyl-site\node_modules\react-dom\cjs\react-dom.development.js:4277:31)
          at beginWork$1 (C:\Users\ryang\soyl-site\node_modules\react-dom\cjs\react-dom.development.js:27490:7)
          at performUnitOfWork (C:\Users\ryang\soyl-site\node_modules\react-dom\cjs\react-dom.development.js:26599:12)
          at workLoopSync (C:\Users\ryang\soyl-site\node_modules\react-dom\cjs\react-dom.development.js:26505:5)
          at renderRootSync (C:\Users\ryang\soyl-site\node_modules\react-dom\cjs\react-dom.development.js:26473:7)
          at recoverFromConcurrentError (C:\Users\ryang\soyl-site\node_modules\react-dom\cjs\react-dom.development.js:25889:20)
          at performConcurrentWorkOnRoot (C:\Users\ryang\soyl-site\node_modules\react-dom\cjs\react-dom.development.js:25789:22)
          at flushActQueue (C:\Users\ryang\soyl-site\node_modules\react\cjs\react.development.js:2667:24)
          at act (C:\Users\ryang\soyl-site\node_modules\react\cjs\react.development.js:2582:11)
          at C:\Users\ryang\soyl-site\node_modules\@testing-library\react\dist\act-compat.js:47:25
          at renderRoot (C:\Users\ryang\soyl-site\node_modules\@testing-library\react\dist\pure.js:180:26)
          at render (C:\Users\ryang\soyl-site\node_modules\@testing-library\react\dist\pure.js:271:10)
          at Object.<anonymous> (C:\Users\ryang\soyl-site\src\components\__tests__\AssistantPromo.test.tsx:121:11)
          at Promise.then.completed (C:\Users\ryang\soyl-site\node_modules\jest-circus\build\utils.js:298:28)
          at new Promise (<anonymous>)
          at callAsyncCircusFn (C:\Users\ryang\soyl-site\node_modules\jest-circus\build\utils.js:231:10)
          at _callCircusTest (C:\Users\ryang\soyl-site\node_modules\jest-circus\build\run.js:316:40)
          at _runTest (C:\Users\ryang\soyl-site\node_modules\jest-circus\build\run.js:252:3)
          at _runTestsForDescribeBlock (C:\Users\ryang\soyl-site\node_modules\jest-circus\build\run.js:126:9)
          at _runTestsForDescribeBlock (C:\Users\ryang\soyl-site\node_modules\jest-circus\build\run.js:121:9)
          at run (C:\Users\ryang\soyl-site\node_modules\jest-circus\build\run.js:71:3)
          at runAndTransformResultsToJestFormat (C:\Users\ryang\soyl-site\node_modules\jest-circus\build\legacy-code-todo-rewrite\jestAdapterInit.js:122:21)
          at jestAdapter (C:\Users\ryang\soyl-site\node_modules\jest-circus\build\legacy-code-todo-rewrite\jestAdapter.js:79:19)
          at runTestInternal (C:\Users\ryang\soyl-site\node_modules\jest-runner\build\runTest.js:367:16)
          at runTest (C:\Users\ryang\soyl-site\node_modules\jest-runner\build\runTest.js:444:34),
      type: 'unhandled exception'
    }

    [0m [90m 119 |[39m
     [90m 120 |[39m   it([32m'renders the description text'[39m[33m,[39m [36masync[39m () [33m=>[39m {
    [31m[1m>[22m[39m[90m 121 |[39m     render([33m<[39m[33mAssistantPromo[39m [33m/[39m[33m>[39m)
     [90m     |[39m           [31m[1m^[22m[39m
     [90m 122 |[39m     [36mawait[39m waitFor(() [33m=>[39m {
     [90m 123 |[39m       expect(
     [90m 124 |[39m         screen[33m.[39mgetByText([35m/Try our multimodal, emotion-aware AI assistant/[39m)[0m

      at VirtualConsole.<anonymous> (node_modules/jest-environment-jsdom/build/index.js:63:23)
      at reportException (node_modules/jsdom/lib/jsdom/living/helpers/runtime-script-errors.js:70:28)
      at innerInvokeEventListeners (node_modules/jsdom/lib/jsdom/living/events/EventTarget-impl.js:353:9)
      at invokeEventListeners (node_modules/jsdom/lib/jsdom/living/events/EventTarget-impl.js:286:3)
      at HTMLUnknownElementImpl._dispatch (node_modules/jsdom/lib/jsdom/living/events/EventTarget-impl.js:233:9)
      at HTMLUnknownElementImpl.dispatchEvent (node_modules/jsdom/lib/jsdom/living/events/EventTarget-impl.js:104:17)
      at HTMLUnknownElement.dispatchEvent (node_modules/jsdom/lib/jsdom/living/generated/EventTarget.js:241:34)
      at Object.invokeGuardedCallbackDev (node_modules/react-dom/cjs/react-dom.development.js:4213:16)
      at invokeGuardedCallback (node_modules/react-dom/cjs/react-dom.development.js:4277:31)
      at beginWork$1 (node_modules/react-dom/cjs/react-dom.development.js:27490:7)
      at performUnitOfWork (node_modules/react-dom/cjs/react-dom.development.js:26599:12)
      at workLoopSync (node_modules/react-dom/cjs/react-dom.development.js:26505:5)
      at renderRootSync (node_modules/react-dom/cjs/react-dom.development.js:26473:7)
      at recoverFromConcurrentError (node_modules/react-dom/cjs/react-dom.development.js:25889:20)
      at performConcurrentWorkOnRoot (node_modules/react-dom/cjs/react-dom.development.js:25789:22)
      at flushActQueue (node_modules/react/cjs/react.development.js:2667:24)
      at act (node_modules/react/cjs/react.development.js:2582:11)
      at node_modules/@testing-library/react/dist/act-compat.js:47:25
      at renderRoot (node_modules/@testing-library/react/dist/pure.js:180:26)
      at render (node_modules/@testing-library/react/dist/pure.js:271:10)
      at Object.<anonymous> (src/components/__tests__/AssistantPromo.test.tsx:121:11)

  console.error
    The above error occurred in the <ForwardRef> component:
    
        at C:\Users\ryang\soyl-site\node_modules\next\src\client\image-component.tsx:369:5
        at div
        at div
        at children (C:\Users\ryang\soyl-site\src\components\__tests__\AssistantPromo.test.tsx:19:7)
        at div
        at div
        at section
        at AssistantPromo (C:\Users\ryang\soyl-site\src\components\AssistantPromo.tsx:9:41)
    
    Consider adding an error boundary to your tree to customize error handling behavior.
    Visit https://reactjs.org/link/error-boundaries to learn more about error boundaries.

    [0m [90m 119 |[39m
     [90m 120 |[39m   it([32m'renders the description text'[39m[33m,[39m [36masync[39m () [33m=>[39m {
    [31m[1m>[22m[39m[90m 121 |[39m     render([33m<[39m[33mAssistantPromo[39m [33m/[39m[33m>[39m)
     [90m     |[39m           [31m[1m^[22m[39m
     [90m 122 |[39m     [36mawait[39m waitFor(() [33m=>[39m {
     [90m 123 |[39m       expect(
     [90m 124 |[39m         screen[33m.[39mgetByText([35m/Try our multimodal, emotion-aware AI assistant/[39m)[0m

      at logCapturedError (node_modules/react-dom/cjs/react-dom.development.js:18704:23)
      at update.callback (node_modules/react-dom/cjs/react-dom.development.js:18737:5)
      at callCallback (node_modules/react-dom/cjs/react-dom.development.js:15036:12)
      at commitUpdateQueue (node_modules/react-dom/cjs/react-dom.development.js:15057:9)
      at commitLayoutEffectOnFiber (node_modules/react-dom/cjs/react-dom.development.js:23430:13)
      at commitLayoutMountEffects_complete (node_modules/react-dom/cjs/react-dom.development.js:24727:9)
      at commitLayoutEffects_begin (node_modules/react-dom/cjs/react-dom.development.js:24713:7)
      at commitLayoutEffects (node_modules/react-dom/cjs/react-dom.development.js:24651:3)
      at commitRootImpl (node_modules/react-dom/cjs/react-dom.development.js:26862:5)
      at commitRoot (node_modules/react-dom/cjs/react-dom.development.js:26721:5)
      at finishConcurrentRender (node_modules/react-dom/cjs/react-dom.development.js:25931:9)
      at performConcurrentWorkOnRoot (node_modules/react-dom/cjs/react-dom.development.js:25848:7)
      at flushActQueue (node_modules/react/cjs/react.development.js:2667:24)
      at act (node_modules/react/cjs/react.development.js:2582:11)
      at node_modules/@testing-library/react/dist/act-compat.js:47:25
      at renderRoot (node_modules/@testing-library/react/dist/pure.js:180:26)
      at render (node_modules/@testing-library/react/dist/pure.js:271:10)
      at Object.<anonymous> (src/components/__tests__/AssistantPromo.test.tsx:121:11)

  console.error
    Error: Uncaught [TypeError: Invalid base URL: ]
        at reportException (C:\Users\ryang\soyl-site\node_modules\jsdom\lib\jsdom\living\helpers\runtime-script-errors.js:66:24)
        at innerInvokeEventListeners (C:\Users\ryang\soyl-site\node_modules\jsdom\lib\jsdom\living\events\EventTarget-impl.js:353:9)
        at invokeEventListeners (C:\Users\ryang\soyl-site\node_modules\jsdom\lib\jsdom\living\events\EventTarget-impl.js:286:3)
        at HTMLUnknownElementImpl._dispatch (C:\Users\ryang\soyl-site\node_modules\jsdom\lib\jsdom\living\events\EventTarget-impl.js:233:9)
        at HTMLUnknownElementImpl.dispatchEvent (C:\Users\ryang\soyl-site\node_modules\jsdom\lib\jsdom\living\events\EventTarget-impl.js:104:17)
        at HTMLUnknownElement.dispatchEvent (C:\Users\ryang\soyl-site\node_modules\jsdom\lib\jsdom\living\generated\EventTarget.js:241:34)
        at Object.invokeGuardedCallbackDev (C:\Users\ryang\soyl-site\node_modules\react-dom\cjs\react-dom.development.js:4213:16)
        at invokeGuardedCallback (C:\Users\ryang\soyl-site\node_modules\react-dom\cjs\react-dom.development.js:4277:31)
        at beginWork$1 (C:\Users\ryang\soyl-site\node_modules\react-dom\cjs\react-dom.development.js:27490:7)
        at performUnitOfWork (C:\Users\ryang\soyl-site\node_modules\react-dom\cjs\react-dom.development.js:26599:12)
        at workLoopSync (C:\Users\ryang\soyl-site\node_modules\react-dom\cjs\react-dom.development.js:26505:5)
        at renderRootSync (C:\Users\ryang\soyl-site\node_modules\react-dom\cjs\react-dom.development.js:26473:7)
        at performConcurrentWorkOnRoot (C:\Users\ryang\soyl-site\node_modules\react-dom\cjs\react-dom.development.js:25777:74)
        at flushActQueue (C:\Users\ryang\soyl-site\node_modules\react\cjs\react.development.js:2667:24)
        at act (C:\Users\ryang\soyl-site\node_modules\react\cjs\react.development.js:2582:11)
        at C:\Users\ryang\soyl-site\node_modules\@testing-library\react\dist\act-compat.js:47:25
        at renderRoot (C:\Users\ryang\soyl-site\node_modules\@testing-library\react\dist\pure.js:180:26)
        at render (C:\Users\ryang\soyl-site\node_modules\@testing-library\react\dist\pure.js:271:10)
        at Object.<anonymous> (C:\Users\ryang\soyl-site\src\components\__tests__\AssistantPromo.test.tsx:130:11)
        at Promise.then.completed (C:\Users\ryang\soyl-site\node_modules\jest-circus\build\utils.js:298:28)
        at new Promise (<anonymous>)
        at callAsyncCircusFn (C:\Users\ryang\soyl-site\node_modules\jest-circus\build\utils.js:231:10)
        at _callCircusTest (C:\Users\ryang\soyl-site\node_modules\jest-circus\build\run.js:316:40)
        at _runTest (C:\Users\ryang\soyl-site\node_modules\jest-circus\build\run.js:252:3)
        at _runTestsForDescribeBlock (C:\Users\ryang\soyl-site\node_modules\jest-circus\build\run.js:126:9)
        at _runTestsForDescribeBlock (C:\Users\ryang\soyl-site\node_modules\jest-circus\build\run.js:121:9)
        at run (C:\Users\ryang\soyl-site\node_modules\jest-circus\build\run.js:71:3)
        at runAndTransformResultsToJestFormat (C:\Users\ryang\soyl-site\node_modules\jest-circus\build\legacy-code-todo-rewrite\jestAdapterInit.js:122:21)
        at jestAdapter (C:\Users\ryang\soyl-site\node_modules\jest-circus\build\legacy-code-todo-rewrite\jestAdapter.js:79:19)
        at runTestInternal (C:\Users\ryang\soyl-site\node_modules\jest-runner\build\runTest.js:367:16)
        at runTest (C:\Users\ryang\soyl-site\node_modules\jest-runner\build\runTest.js:444:34) {
      detail: TypeError: Invalid base URL: 
          at new URLImpl (C:\Users\ryang\soyl-site\node_modules\whatwg-url\lib\URL-impl.js:15:15)
          at Object.exports.setup (C:\Users\ryang\soyl-site\node_modules\whatwg-url\lib\URL.js:54:12)
          at new URL (C:\Users\ryang\soyl-site\node_modules\whatwg-url\lib\URL.js:115:22)
          at getImgProps (C:\Users\ryang\soyl-site\node_modules\next\src\shared\lib\get-img-props.ts:666:19)
          at C:\Users\ryang\soyl-site\node_modules\next\src\client\image-component.tsx:398:20
          at renderWithHooks (C:\Users\ryang\soyl-site\node_modules\react-dom\cjs\react-dom.development.js:15486:18)
          at updateForwardRef (C:\Users\ryang\soyl-site\node_modules\react-dom\cjs\react-dom.development.js:19245:20)
          at beginWork (C:\Users\ryang\soyl-site\node_modules\react-dom\cjs\react-dom.development.js:21675:16)
          at HTMLUnknownElement.callCallback (C:\Users\ryang\soyl-site\node_modules\react-dom\cjs\react-dom.development.js:4164:14)
          at HTMLUnknownElement.callTheUserObjectsOperation (C:\Users\ryang\soyl-site\node_modules\jsdom\lib\jsdom\living\generated\EventListener.js:26:30)
          at innerInvokeEventListeners (C:\Users\ryang\soyl-site\node_modules\jsdom\lib\jsdom\living\events\EventTarget-impl.js:350:25)
          at invokeEventListeners (C:\Users\ryang\soyl-site\node_modules\jsdom\lib\jsdom\living\events\EventTarget-impl.js:286:3)
          at HTMLUnknownElementImpl._dispatch (C:\Users\ryang\soyl-site\node_modules\jsdom\lib\jsdom\living\events\EventTarget-impl.js:233:9)
          at HTMLUnknownElementImpl.dispatchEvent (C:\Users\ryang\soyl-site\node_modules\jsdom\lib\jsdom\living\events\EventTarget-impl.js:104:17)
          at HTMLUnknownElement.dispatchEvent (C:\Users\ryang\soyl-site\node_modules\jsdom\lib\jsdom\living\generated\EventTarget.js:241:34)
          at Object.invokeGuardedCallbackDev (C:\Users\ryang\soyl-site\node_modules\react-dom\cjs\react-dom.development.js:4213:16)
          at invokeGuardedCallback (C:\Users\ryang\soyl-site\node_modules\react-dom\cjs\react-dom.development.js:4277:31)
          at beginWork$1 (C:\Users\ryang\soyl-site\node_modules\react-dom\cjs\react-dom.development.js:27490:7)
          at performUnitOfWork (C:\Users\ryang\soyl-site\node_modules\react-dom\cjs\react-dom.development.js:26599:12)
          at workLoopSync (C:\Users\ryang\soyl-site\node_modules\react-dom\cjs\react-dom.development.js:26505:5)
          at renderRootSync (C:\Users\ryang\soyl-site\node_modules\react-dom\cjs\react-dom.development.js:26473:7)
          at performConcurrentWorkOnRoot (C:\Users\ryang\soyl-site\node_modules\react-dom\cjs\react-dom.development.js:25777:74)
          at flushActQueue (C:\Users\ryang\soyl-site\node_modules\react\cjs\react.development.js:2667:24)
          at act (C:\Users\ryang\soyl-site\node_modules\react\cjs\react.development.js:2582:11)
          at C:\Users\ryang\soyl-site\node_modules\@testing-library\react\dist\act-compat.js:47:25
          at renderRoot (C:\Users\ryang\soyl-site\node_modules\@testing-library\react\dist\pure.js:180:26)
          at render (C:\Users\ryang\soyl-site\node_modules\@testing-library\react\dist\pure.js:271:10)
          at Object.<anonymous> (C:\Users\ryang\soyl-site\src\components\__tests__\AssistantPromo.test.tsx:130:11)
          at Promise.then.completed (C:\Users\ryang\soyl-site\node_modules\jest-circus\build\utils.js:298:28)
          at new Promise (<anonymous>)
          at callAsyncCircusFn (C:\Users\ryang\soyl-site\node_modules\jest-circus\build\utils.js:231:10)
          at _callCircusTest (C:\Users\ryang\soyl-site\node_modules\jest-circus\build\run.js:316:40)
          at _runTest (C:\Users\ryang\soyl-site\node_modules\jest-circus\build\run.js:252:3)
          at _runTestsForDescribeBlock (C:\Users\ryang\soyl-site\node_modules\jest-circus\build\run.js:126:9)
          at _runTestsForDescribeBlock (C:\Users\ryang\soyl-site\node_modules\jest-circus\build\run.js:121:9)
          at run (C:\Users\ryang\soyl-site\node_modules\jest-circus\build\run.js:71:3)
          at runAndTransformResultsToJestFormat (C:\Users\ryang\soyl-site\node_modules\jest-circus\build\legacy-code-todo-rewrite\jestAdapterInit.js:122:21)
          at jestAdapter (C:\Users\ryang\soyl-site\node_modules\jest-circus\build\legacy-code-todo-rewrite\jestAdapter.js:79:19)
          at runTestInternal (C:\Users\ryang\soyl-site\node_modules\jest-runner\build\runTest.js:367:16)
          at runTest (C:\Users\ryang\soyl-site\node_modules\jest-runner\build\runTest.js:444:34),
      type: 'unhandled exception'
    }

    [0m [90m 128 |[39m
     [90m 129 |[39m   it([32m'renders primary CTA button that redirects to under development page'[39m[33m,[39m [36masync[39m () [33m=>[39m {
    [31m[1m>[22m[39m[90m 130 |[39m     render([33m<[39m[33mAssistantPromo[39m [33m/[39m[33m>[39m)
     [90m     |[39m           [31m[1m^[22m[39m
     [90m 131 |[39m
     [90m 132 |[39m     [36mawait[39m waitFor(() [33m=>[39m {
     [90m 133 |[39m       expect(screen[33m.[39mgetByText([32m'Try the Assistant'[39m))[33m.[39mtoBeInTheDocument()[0m

      at VirtualConsole.<anonymous> (node_modules/jest-environment-jsdom/build/index.js:63:23)
      at reportException (node_modules/jsdom/lib/jsdom/living/helpers/runtime-script-errors.js:70:28)
      at innerInvokeEventListeners (node_modules/jsdom/lib/jsdom/living/events/EventTarget-impl.js:353:9)
      at invokeEventListeners (node_modules/jsdom/lib/jsdom/living/events/EventTarget-impl.js:286:3)
      at HTMLUnknownElementImpl._dispatch (node_modules/jsdom/lib/jsdom/living/events/EventTarget-impl.js:233:9)
      at HTMLUnknownElementImpl.dispatchEvent (node_modules/jsdom/lib/jsdom/living/events/EventTarget-impl.js:104:17)
      at HTMLUnknownElement.dispatchEvent (node_modules/jsdom/lib/jsdom/living/generated/EventTarget.js:241:34)
      at Object.invokeGuardedCallbackDev (node_modules/react-dom/cjs/react-dom.development.js:4213:16)
      at invokeGuardedCallback (node_modules/react-dom/cjs/react-dom.development.js:4277:31)
      at beginWork$1 (node_modules/react-dom/cjs/react-dom.development.js:27490:7)
      at performUnitOfWork (node_modules/react-dom/cjs/react-dom.development.js:26599:12)
      at workLoopSync (node_modules/react-dom/cjs/react-dom.development.js:26505:5)
      at renderRootSync (node_modules/react-dom/cjs/react-dom.development.js:26473:7)
      at performConcurrentWorkOnRoot (node_modules/react-dom/cjs/react-dom.development.js:25777:74)
      at flushActQueue (node_modules/react/cjs/react.development.js:2667:24)
      at act (node_modules/react/cjs/react.development.js:2582:11)
      at node_modules/@testing-library/react/dist/act-compat.js:47:25
      at renderRoot (node_modules/@testing-library/react/dist/pure.js:180:26)
      at render (node_modules/@testing-library/react/dist/pure.js:271:10)
      at Object.<anonymous> (src/components/__tests__/AssistantPromo.test.tsx:130:11)

  console.error
    Error: Uncaught [TypeError: Invalid base URL: ]
        at reportException (C:\Users\ryang\soyl-site\node_modules\jsdom\lib\jsdom\living\helpers\runtime-script-errors.js:66:24)
        at innerInvokeEventListeners (C:\Users\ryang\soyl-site\node_modules\jsdom\lib\jsdom\living\events\EventTarget-impl.js:353:9)
        at invokeEventListeners (C:\Users\ryang\soyl-site\node_modules\jsdom\lib\jsdom\living\events\EventTarget-impl.js:286:3)
        at HTMLUnknownElementImpl._dispatch (C:\Users\ryang\soyl-site\node_modules\jsdom\lib\jsdom\living\events\EventTarget-impl.js:233:9)
        at HTMLUnknownElementImpl.dispatchEvent (C:\Users\ryang\soyl-site\node_modules\jsdom\lib\jsdom\living\events\EventTarget-impl.js:104:17)
        at HTMLUnknownElement.dispatchEvent (C:\Users\ryang\soyl-site\node_modules\jsdom\lib\jsdom\living\generated\EventTarget.js:241:34)
        at Object.invokeGuardedCallbackDev (C:\Users\ryang\soyl-site\node_modules\react-dom\cjs\react-dom.development.js:4213:16)
        at invokeGuardedCallback (C:\Users\ryang\soyl-site\node_modules\react-dom\cjs\react-dom.development.js:4277:31)
        at beginWork$1 (C:\Users\ryang\soyl-site\node_modules\react-dom\cjs\react-dom.development.js:27490:7)
        at performUnitOfWork (C:\Users\ryang\soyl-site\node_modules\react-dom\cjs\react-dom.development.js:26599:12)
        at workLoopSync (C:\Users\ryang\soyl-site\node_modules\react-dom\cjs\react-dom.development.js:26505:5)
        at renderRootSync (C:\Users\ryang\soyl-site\node_modules\react-dom\cjs\react-dom.development.js:26473:7)
        at recoverFromConcurrentError (C:\Users\ryang\soyl-site\node_modules\react-dom\cjs\react-dom.development.js:25889:20)
        at performConcurrentWorkOnRoot (C:\Users\ryang\soyl-site\node_modules\react-dom\cjs\react-dom.development.js:25789:22)
        at flushActQueue (C:\Users\ryang\soyl-site\node_modules\react\cjs\react.development.js:2667:24)
        at act (C:\Users\ryang\soyl-site\node_modules\react\cjs\react.development.js:2582:11)
        at C:\Users\ryang\soyl-site\node_modules\@testing-library\react\dist\act-compat.js:47:25
        at renderRoot (C:\Users\ryang\soyl-site\node_modules\@testing-library\react\dist\pure.js:180:26)
        at render (C:\Users\ryang\soyl-site\node_modules\@testing-library\react\dist\pure.js:271:10)
        at Object.<anonymous> (C:\Users\ryang\soyl-site\src\components\__tests__\AssistantPromo.test.tsx:130:11)
        at Promise.then.completed (C:\Users\ryang\soyl-site\node_modules\jest-circus\build\utils.js:298:28)
        at new Promise (<anonymous>)
        at callAsyncCircusFn (C:\Users\ryang\soyl-site\node_modules\jest-circus\build\utils.js:231:10)
        at _callCircusTest (C:\Users\ryang\soyl-site\node_modules\jest-circus\build\run.js:316:40)
        at _runTest (C:\Users\ryang\soyl-site\node_modules\jest-circus\build\run.js:252:3)
        at _runTestsForDescribeBlock (C:\Users\ryang\soyl-site\node_modules\jest-circus\build\run.js:126:9)
        at _runTestsForDescribeBlock (C:\Users\ryang\soyl-site\node_modules\jest-circus\build\run.js:121:9)
        at run (C:\Users\ryang\soyl-site\node_modules\jest-circus\build\run.js:71:3)
        at runAndTransformResultsToJestFormat (C:\Users\ryang\soyl-site\node_modules\jest-circus\build\legacy-code-todo-rewrite\jestAdapterInit.js:122:21)
        at jestAdapter (C:\Users\ryang\soyl-site\node_modules\jest-circus\build\legacy-code-todo-rewrite\jestAdapter.js:79:19)
        at runTestInternal (C:\Users\ryang\soyl-site\node_modules\jest-runner\build\runTest.js:367:16)
        at runTest (C:\Users\ryang\soyl-site\node_modules\jest-runner\build\runTest.js:444:34) {
      detail: TypeError: Invalid base URL: 
          at new URLImpl (C:\Users\ryang\soyl-site\node_modules\whatwg-url\lib\URL-impl.js:15:15)
          at Object.exports.setup (C:\Users\ryang\soyl-site\node_modules\whatwg-url\lib\URL.js:54:12)
          at new URL (C:\Users\ryang\soyl-site\node_modules\whatwg-url\lib\URL.js:115:22)
          at getImgProps (C:\Users\ryang\soyl-site\node_modules\next\src\shared\lib\get-img-props.ts:666:19)
          at C:\Users\ryang\soyl-site\node_modules\next\src\client\image-component.tsx:398:20
          at renderWithHooks (C:\Users\ryang\soyl-site\node_modules\react-dom\cjs\react-dom.development.js:15486:18)
          at updateForwardRef (C:\Users\ryang\soyl-site\node_modules\react-dom\cjs\react-dom.development.js:19245:20)
          at beginWork (C:\Users\ryang\soyl-site\node_modules\react-dom\cjs\react-dom.development.js:21675:16)
          at HTMLUnknownElement.callCallback (C:\Users\ryang\soyl-site\node_modules\react-dom\cjs\react-dom.development.js:4164:14)
          at HTMLUnknownElement.callTheUserObjectsOperation (C:\Users\ryang\soyl-site\node_modules\jsdom\lib\jsdom\living\generated\EventListener.js:26:30)
          at innerInvokeEventListeners (C:\Users\ryang\soyl-site\node_modules\jsdom\lib\jsdom\living\events\EventTarget-impl.js:350:25)
          at invokeEventListeners (C:\Users\ryang\soyl-site\node_modules\jsdom\lib\jsdom\living\events\EventTarget-impl.js:286:3)
          at HTMLUnknownElementImpl._dispatch (C:\Users\ryang\soyl-site\node_modules\jsdom\lib\jsdom\living\events\EventTarget-impl.js:233:9)
          at HTMLUnknownElementImpl.dispatchEvent (C:\Users\ryang\soyl-site\node_modules\jsdom\lib\jsdom\living\events\EventTarget-impl.js:104:17)
          at HTMLUnknownElement.dispatchEvent (C:\Users\ryang\soyl-site\node_modules\jsdom\lib\jsdom\living\generated\EventTarget.js:241:34)
          at Object.invokeGuardedCallbackDev (C:\Users\ryang\soyl-site\node_modules\react-dom\cjs\react-dom.development.js:4213:16)
          at invokeGuardedCallback (C:\Users\ryang\soyl-site\node_modules\react-dom\cjs\react-dom.development.js:4277:31)
          at beginWork$1 (C:\Users\ryang\soyl-site\node_modules\react-dom\cjs\react-dom.development.js:27490:7)
          at performUnitOfWork (C:\Users\ryang\soyl-site\node_modules\react-dom\cjs\react-dom.development.js:26599:12)
          at workLoopSync (C:\Users\ryang\soyl-site\node_modules\react-dom\cjs\react-dom.development.js:26505:5)
          at renderRootSync (C:\Users\ryang\soyl-site\node_modules\react-dom\cjs\react-dom.development.js:26473:7)
          at recoverFromConcurrentError (C:\Users\ryang\soyl-site\node_modules\react-dom\cjs\react-dom.development.js:25889:20)
          at performConcurrentWorkOnRoot (C:\Users\ryang\soyl-site\node_modules\react-dom\cjs\react-dom.development.js:25789:22)
          at flushActQueue (C:\Users\ryang\soyl-site\node_modules\react\cjs\react.development.js:2667:24)
          at act (C:\Users\ryang\soyl-site\node_modules\react\cjs\react.development.js:2582:11)
          at C:\Users\ryang\soyl-site\node_modules\@testing-library\react\dist\act-compat.js:47:25
          at renderRoot (C:\Users\ryang\soyl-site\node_modules\@testing-library\react\dist\pure.js:180:26)
          at render (C:\Users\ryang\soyl-site\node_modules\@testing-library\react\dist\pure.js:271:10)
          at Object.<anonymous> (C:\Users\ryang\soyl-site\src\components\__tests__\AssistantPromo.test.tsx:130:11)
          at Promise.then.completed (C:\Users\ryang\soyl-site\node_modules\jest-circus\build\utils.js:298:28)
          at new Promise (<anonymous>)
          at callAsyncCircusFn (C:\Users\ryang\soyl-site\node_modules\jest-circus\build\utils.js:231:10)
          at _callCircusTest (C:\Users\ryang\soyl-site\node_modules\jest-circus\build\run.js:316:40)
          at _runTest (C:\Users\ryang\soyl-site\node_modules\jest-circus\build\run.js:252:3)
          at _runTestsForDescribeBlock (C:\Users\ryang\soyl-site\node_modules\jest-circus\build\run.js:126:9)
          at _runTestsForDescribeBlock (C:\Users\ryang\soyl-site\node_modules\jest-circus\build\run.js:121:9)
          at run (C:\Users\ryang\soyl-site\node_modules\jest-circus\build\run.js:71:3)
          at runAndTransformResultsToJestFormat (C:\Users\ryang\soyl-site\node_modules\jest-circus\build\legacy-code-todo-rewrite\jestAdapterInit.js:122:21)
          at jestAdapter (C:\Users\ryang\soyl-site\node_modules\jest-circus\build\legacy-code-todo-rewrite\jestAdapter.js:79:19)
          at runTestInternal (C:\Users\ryang\soyl-site\node_modules\jest-runner\build\runTest.js:367:16)
          at runTest (C:\Users\ryang\soyl-site\node_modules\jest-runner\build\runTest.js:444:34),
      type: 'unhandled exception'
    }

    [0m [90m 128 |[39m
     [90m 129 |[39m   it([32m'renders primary CTA button that redirects to under development page'[39m[33m,[39m [36masync[39m () [33m=>[39m {
    [31m[1m>[22m[39m[90m 130 |[39m     render([33m<[39m[33mAssistantPromo[39m [33m/[39m[33m>[39m)
     [90m     |[39m           [31m[1m^[22m[39m
     [90m 131 |[39m
     [90m 132 |[39m     [36mawait[39m waitFor(() [33m=>[39m {
     [90m 133 |[39m       expect(screen[33m.[39mgetByText([32m'Try the Assistant'[39m))[33m.[39mtoBeInTheDocument()[0m

      at VirtualConsole.<anonymous> (node_modules/jest-environment-jsdom/build/index.js:63:23)
      at reportException (node_modules/jsdom/lib/jsdom/living/helpers/runtime-script-errors.js:70:28)
      at innerInvokeEventListeners (node_modules/jsdom/lib/jsdom/living/events/EventTarget-impl.js:353:9)
      at invokeEventListeners (node_modules/jsdom/lib/jsdom/living/events/EventTarget-impl.js:286:3)
      at HTMLUnknownElementImpl._dispatch (node_modules/jsdom/lib/jsdom/living/events/EventTarget-impl.js:233:9)
      at HTMLUnknownElementImpl.dispatchEvent (node_modules/jsdom/lib/jsdom/living/events/EventTarget-impl.js:104:17)
      at HTMLUnknownElement.dispatchEvent (node_modules/jsdom/lib/jsdom/living/generated/EventTarget.js:241:34)
      at Object.invokeGuardedCallbackDev (node_modules/react-dom/cjs/react-dom.development.js:4213:16)
      at invokeGuardedCallback (node_modules/react-dom/cjs/react-dom.development.js:4277:31)
      at beginWork$1 (node_modules/react-dom/cjs/react-dom.development.js:27490:7)
      at performUnitOfWork (node_modules/react-dom/cjs/react-dom.development.js:26599:12)
      at workLoopSync (node_modules/react-dom/cjs/react-dom.development.js:26505:5)
      at renderRootSync (node_modules/react-dom/cjs/react-dom.development.js:26473:7)
      at recoverFromConcurrentError (node_modules/react-dom/cjs/react-dom.development.js:25889:20)
      at performConcurrentWorkOnRoot (node_modules/react-dom/cjs/react-dom.development.js:25789:22)
      at flushActQueue (node_modules/react/cjs/react.development.js:2667:24)
      at act (node_modules/react/cjs/react.development.js:2582:11)
      at node_modules/@testing-library/react/dist/act-compat.js:47:25
      at renderRoot (node_modules/@testing-library/react/dist/pure.js:180:26)
      at render (node_modules/@testing-library/react/dist/pure.js:271:10)
      at Object.<anonymous> (src/components/__tests__/AssistantPromo.test.tsx:130:11)

  console.error
    The above error occurred in the <ForwardRef> component:
    
        at C:\Users\ryang\soyl-site\node_modules\next\src\client\image-component.tsx:369:5
        at div
        at div
        at children (C:\Users\ryang\soyl-site\src\components\__tests__\AssistantPromo.test.tsx:19:7)
        at div
        at div
        at section
        at AssistantPromo (C:\Users\ryang\soyl-site\src\components\AssistantPromo.tsx:9:41)
    
    Consider adding an error boundary to your tree to customize error handling behavior.
    Visit https://reactjs.org/link/error-boundaries to learn more about error boundaries.

    [0m [90m 128 |[39m
     [90m 129 |[39m   it([32m'renders primary CTA button that redirects to under development page'[39m[33m,[39m [36masync[39m () [33m=>[39m {
    [31m[1m>[22m[39m[90m 130 |[39m     render([33m<[39m[33mAssistantPromo[39m [33m/[39m[33m>[39m)
     [90m     |[39m           [31m[1m^[22m[39m
     [90m 131 |[39m
     [90m 132 |[39m     [36mawait[39m waitFor(() [33m=>[39m {
     [90m 133 |[39m       expect(screen[33m.[39mgetByText([32m'Try the Assistant'[39m))[33m.[39mtoBeInTheDocument()[0m

      at logCapturedError (node_modules/react-dom/cjs/react-dom.development.js:18704:23)
      at update.callback (node_modules/react-dom/cjs/react-dom.development.js:18737:5)
      at callCallback (node_modules/react-dom/cjs/react-dom.development.js:15036:12)
      at commitUpdateQueue (node_modules/react-dom/cjs/react-dom.development.js:15057:9)
      at commitLayoutEffectOnFiber (node_modules/react-dom/cjs/react-dom.development.js:23430:13)
      at commitLayoutMountEffects_complete (node_modules/react-dom/cjs/react-dom.development.js:24727:9)
      at commitLayoutEffects_begin (node_modules/react-dom/cjs/react-dom.development.js:24713:7)
      at commitLayoutEffects (node_modules/react-dom/cjs/react-dom.development.js:24651:3)
      at commitRootImpl (node_modules/react-dom/cjs/react-dom.development.js:26862:5)
      at commitRoot (node_modules/react-dom/cjs/react-dom.development.js:26721:5)
      at finishConcurrentRender (node_modules/react-dom/cjs/react-dom.development.js:25931:9)
      at performConcurrentWorkOnRoot (node_modules/react-dom/cjs/react-dom.development.js:25848:7)
      at flushActQueue (node_modules/react/cjs/react.development.js:2667:24)
      at act (node_modules/react/cjs/react.development.js:2582:11)
      at node_modules/@testing-library/react/dist/act-compat.js:47:25
      at renderRoot (node_modules/@testing-library/react/dist/pure.js:180:26)
      at render (node_modules/@testing-library/react/dist/pure.js:271:10)
      at Object.<anonymous> (src/components/__tests__/AssistantPromo.test.tsx:130:11)

  console.error
    Error: Uncaught [TypeError: Invalid base URL: ]
        at reportException (C:\Users\ryang\soyl-site\node_modules\jsdom\lib\jsdom\living\helpers\runtime-script-errors.js:66:24)
        at innerInvokeEventListeners (C:\Users\ryang\soyl-site\node_modules\jsdom\lib\jsdom\living\events\EventTarget-impl.js:353:9)
        at invokeEventListeners (C:\Users\ryang\soyl-site\node_modules\jsdom\lib\jsdom\living\events\EventTarget-impl.js:286:3)
        at HTMLUnknownElementImpl._dispatch (C:\Users\ryang\soyl-site\node_modules\jsdom\lib\jsdom\living\events\EventTarget-impl.js:233:9)
        at HTMLUnknownElementImpl.dispatchEvent (C:\Users\ryang\soyl-site\node_modules\jsdom\lib\jsdom\living\events\EventTarget-impl.js:104:17)
        at HTMLUnknownElement.dispatchEvent (C:\Users\ryang\soyl-site\node_modules\jsdom\lib\jsdom\living\generated\EventTarget.js:241:34)
        at Object.invokeGuardedCallbackDev (C:\Users\ryang\soyl-site\node_modules\react-dom\cjs\react-dom.development.js:4213:16)
        at invokeGuardedCallback (C:\Users\ryang\soyl-site\node_modules\react-dom\cjs\react-dom.development.js:4277:31)
        at beginWork$1 (C:\Users\ryang\soyl-site\node_modules\react-dom\cjs\react-dom.development.js:27490:7)
        at performUnitOfWork (C:\Users\ryang\soyl-site\node_modules\react-dom\cjs\react-dom.development.js:26599:12)
        at workLoopSync (C:\Users\ryang\soyl-site\node_modules\react-dom\cjs\react-dom.development.js:26505:5)
        at renderRootSync (C:\Users\ryang\soyl-site\node_modules\react-dom\cjs\react-dom.development.js:26473:7)
        at performConcurrentWorkOnRoot (C:\Users\ryang\soyl-site\node_modules\react-dom\cjs\react-dom.development.js:25777:74)
        at flushActQueue (C:\Users\ryang\soyl-site\node_modules\react\cjs\react.development.js:2667:24)
        at act (C:\Users\ryang\soyl-site\node_modules\react\cjs\react.development.js:2582:11)
        at C:\Users\ryang\soyl-site\node_modules\@testing-library\react\dist\act-compat.js:47:25
        at renderRoot (C:\Users\ryang\soyl-site\node_modules\@testing-library\react\dist\pure.js:180:26)
        at render (C:\Users\ryang\soyl-site\node_modules\@testing-library\react\dist\pure.js:271:10)
        at Object.<anonymous> (C:\Users\ryang\soyl-site\src\components\__tests__\AssistantPromo.test.tsx:144:11)
        at Promise.then.completed (C:\Users\ryang\soyl-site\node_modules\jest-circus\build\utils.js:298:28)
        at new Promise (<anonymous>)
        at callAsyncCircusFn (C:\Users\ryang\soyl-site\node_modules\jest-circus\build\utils.js:231:10)
        at _callCircusTest (C:\Users\ryang\soyl-site\node_modules\jest-circus\build\run.js:316:40)
        at _runTest (C:\Users\ryang\soyl-site\node_modules\jest-circus\build\run.js:252:3)
        at _runTestsForDescribeBlock (C:\Users\ryang\soyl-site\node_modules\jest-circus\build\run.js:126:9)
        at _runTestsForDescribeBlock (C:\Users\ryang\soyl-site\node_modules\jest-circus\build\run.js:121:9)
        at run (C:\Users\ryang\soyl-site\node_modules\jest-circus\build\run.js:71:3)
        at runAndTransformResultsToJestFormat (C:\Users\ryang\soyl-site\node_modules\jest-circus\build\legacy-code-todo-rewrite\jestAdapterInit.js:122:21)
        at jestAdapter (C:\Users\ryang\soyl-site\node_modules\jest-circus\build\legacy-code-todo-rewrite\jestAdapter.js:79:19)
        at runTestInternal (C:\Users\ryang\soyl-site\node_modules\jest-runner\build\runTest.js:367:16)
        at runTest (C:\Users\ryang\soyl-site\node_modules\jest-runner\build\runTest.js:444:34) {
      detail: TypeError: Invalid base URL: 
          at new URLImpl (C:\Users\ryang\soyl-site\node_modules\whatwg-url\lib\URL-impl.js:15:15)
          at Object.exports.setup (C:\Users\ryang\soyl-site\node_modules\whatwg-url\lib\URL.js:54:12)
          at new URL (C:\Users\ryang\soyl-site\node_modules\whatwg-url\lib\URL.js:115:22)
          at getImgProps (C:\Users\ryang\soyl-site\node_modules\next\src\shared\lib\get-img-props.ts:666:19)
          at C:\Users\ryang\soyl-site\node_modules\next\src\client\image-component.tsx:398:20
          at renderWithHooks (C:\Users\ryang\soyl-site\node_modules\react-dom\cjs\react-dom.development.js:15486:18)
          at updateForwardRef (C:\Users\ryang\soyl-site\node_modules\react-dom\cjs\react-dom.development.js:19245:20)
          at beginWork (C:\Users\ryang\soyl-site\node_modules\react-dom\cjs\react-dom.development.js:21675:16)
          at HTMLUnknownElement.callCallback (C:\Users\ryang\soyl-site\node_modules\react-dom\cjs\react-dom.development.js:4164:14)
          at HTMLUnknownElement.callTheUserObjectsOperation (C:\Users\ryang\soyl-site\node_modules\jsdom\lib\jsdom\living\generated\EventListener.js:26:30)
          at innerInvokeEventListeners (C:\Users\ryang\soyl-site\node_modules\jsdom\lib\jsdom\living\events\EventTarget-impl.js:350:25)
          at invokeEventListeners (C:\Users\ryang\soyl-site\node_modules\jsdom\lib\jsdom\living\events\EventTarget-impl.js:286:3)
          at HTMLUnknownElementImpl._dispatch (C:\Users\ryang\soyl-site\node_modules\jsdom\lib\jsdom\living\events\EventTarget-impl.js:233:9)
          at HTMLUnknownElementImpl.dispatchEvent (C:\Users\ryang\soyl-site\node_modules\jsdom\lib\jsdom\living\events\EventTarget-impl.js:104:17)
          at HTMLUnknownElement.dispatchEvent (C:\Users\ryang\soyl-site\node_modules\jsdom\lib\jsdom\living\generated\EventTarget.js:241:34)
          at Object.invokeGuardedCallbackDev (C:\Users\ryang\soyl-site\node_modules\react-dom\cjs\react-dom.development.js:4213:16)
          at invokeGuardedCallback (C:\Users\ryang\soyl-site\node_modules\react-dom\cjs\react-dom.development.js:4277:31)
          at beginWork$1 (C:\Users\ryang\soyl-site\node_modules\react-dom\cjs\react-dom.development.js:27490:7)
          at performUnitOfWork (C:\Users\ryang\soyl-site\node_modules\react-dom\cjs\react-dom.development.js:26599:12)
          at workLoopSync (C:\Users\ryang\soyl-site\node_modules\react-dom\cjs\react-dom.development.js:26505:5)
          at renderRootSync (C:\Users\ryang\soyl-site\node_modules\react-dom\cjs\react-dom.development.js:26473:7)
          at performConcurrentWorkOnRoot (C:\Users\ryang\soyl-site\node_modules\react-dom\cjs\react-dom.development.js:25777:74)
          at flushActQueue (C:\Users\ryang\soyl-site\node_modules\react\cjs\react.development.js:2667:24)
          at act (C:\Users\ryang\soyl-site\node_modules\react\cjs\react.development.js:2582:11)
          at C:\Users\ryang\soyl-site\node_modules\@testing-library\react\dist\act-compat.js:47:25
          at renderRoot (C:\Users\ryang\soyl-site\node_modules\@testing-library\react\dist\pure.js:180:26)
          at render (C:\Users\ryang\soyl-site\node_modules\@testing-library\react\dist\pure.js:271:10)
          at Object.<anonymous> (C:\Users\ryang\soyl-site\src\components\__tests__\AssistantPromo.test.tsx:144:11)
          at Promise.then.completed (C:\Users\ryang\soyl-site\node_modules\jest-circus\build\utils.js:298:28)
          at new Promise (<anonymous>)
          at callAsyncCircusFn (C:\Users\ryang\soyl-site\node_modules\jest-circus\build\utils.js:231:10)
          at _callCircusTest (C:\Users\ryang\soyl-site\node_modules\jest-circus\build\run.js:316:40)
          at _runTest (C:\Users\ryang\soyl-site\node_modules\jest-circus\build\run.js:252:3)
          at _runTestsForDescribeBlock (C:\Users\ryang\soyl-site\node_modules\jest-circus\build\run.js:126:9)
          at _runTestsForDescribeBlock (C:\Users\ryang\soyl-site\node_modules\jest-circus\build\run.js:121:9)
          at run (C:\Users\ryang\soyl-site\node_modules\jest-circus\build\run.js:71:3)
          at runAndTransformResultsToJestFormat (C:\Users\ryang\soyl-site\node_modules\jest-circus\build\legacy-code-todo-rewrite\jestAdapterInit.js:122:21)
          at jestAdapter (C:\Users\ryang\soyl-site\node_modules\jest-circus\build\legacy-code-todo-rewrite\jestAdapter.js:79:19)
          at runTestInternal (C:\Users\ryang\soyl-site\node_modules\jest-runner\build\runTest.js:367:16)
          at runTest (C:\Users\ryang\soyl-site\node_modules\jest-runner\build\runTest.js:444:34),
      type: 'unhandled exception'
    }

    [0m [90m 142 |[39m
     [90m 143 |[39m   it([32m'renders secondary CTA link to how it works'[39m[33m,[39m [36masync[39m () [33m=>[39m {
    [31m[1m>[22m[39m[90m 144 |[39m     render([33m<[39m[33mAssistantPromo[39m [33m/[39m[33m>[39m)
     [90m     |[39m           [31m[1m^[22m[39m
     [90m 145 |[39m     [36mawait[39m waitFor(() [33m=>[39m {
     [90m 146 |[39m       expect(screen[33m.[39mgetByRole([32m'link'[39m[33m,[39m { name[33m:[39m [35m/how it works/i[39m }))[33m.[39mtoBeInTheDocument()
     [90m 147 |[39m     })[0m

      at VirtualConsole.<anonymous> (node_modules/jest-environment-jsdom/build/index.js:63:23)
      at reportException (node_modules/jsdom/lib/jsdom/living/helpers/runtime-script-errors.js:70:28)
      at innerInvokeEventListeners (node_modules/jsdom/lib/jsdom/living/events/EventTarget-impl.js:353:9)
      at invokeEventListeners (node_modules/jsdom/lib/jsdom/living/events/EventTarget-impl.js:286:3)
      at HTMLUnknownElementImpl._dispatch (node_modules/jsdom/lib/jsdom/living/events/EventTarget-impl.js:233:9)
      at HTMLUnknownElementImpl.dispatchEvent (node_modules/jsdom/lib/jsdom/living/events/EventTarget-impl.js:104:17)
      at HTMLUnknownElement.dispatchEvent (node_modules/jsdom/lib/jsdom/living/generated/EventTarget.js:241:34)
      at Object.invokeGuardedCallbackDev (node_modules/react-dom/cjs/react-dom.development.js:4213:16)
      at invokeGuardedCallback (node_modules/react-dom/cjs/react-dom.development.js:4277:31)
      at beginWork$1 (node_modules/react-dom/cjs/react-dom.development.js:27490:7)
      at performUnitOfWork (node_modules/react-dom/cjs/react-dom.development.js:26599:12)
      at workLoopSync (node_modules/react-dom/cjs/react-dom.development.js:26505:5)
      at renderRootSync (node_modules/react-dom/cjs/react-dom.development.js:26473:7)
      at performConcurrentWorkOnRoot (node_modules/react-dom/cjs/react-dom.development.js:25777:74)
      at flushActQueue (node_modules/react/cjs/react.development.js:2667:24)
      at act (node_modules/react/cjs/react.development.js:2582:11)
      at node_modules/@testing-library/react/dist/act-compat.js:47:25
      at renderRoot (node_modules/@testing-library/react/dist/pure.js:180:26)
      at render (node_modules/@testing-library/react/dist/pure.js:271:10)
      at Object.<anonymous> (src/components/__tests__/AssistantPromo.test.tsx:144:11)

  console.error
    Error: Uncaught [TypeError: Invalid base URL: ]
        at reportException (C:\Users\ryang\soyl-site\node_modules\jsdom\lib\jsdom\living\helpers\runtime-script-errors.js:66:24)
        at innerInvokeEventListeners (C:\Users\ryang\soyl-site\node_modules\jsdom\lib\jsdom\living\events\EventTarget-impl.js:353:9)
        at invokeEventListeners (C:\Users\ryang\soyl-site\node_modules\jsdom\lib\jsdom\living\events\EventTarget-impl.js:286:3)
        at HTMLUnknownElementImpl._dispatch (C:\Users\ryang\soyl-site\node_modules\jsdom\lib\jsdom\living\events\EventTarget-impl.js:233:9)
        at HTMLUnknownElementImpl.dispatchEvent (C:\Users\ryang\soyl-site\node_modules\jsdom\lib\jsdom\living\events\EventTarget-impl.js:104:17)
        at HTMLUnknownElement.dispatchEvent (C:\Users\ryang\soyl-site\node_modules\jsdom\lib\jsdom\living\generated\EventTarget.js:241:34)
        at Object.invokeGuardedCallbackDev (C:\Users\ryang\soyl-site\node_modules\react-dom\cjs\react-dom.development.js:4213:16)
        at invokeGuardedCallback (C:\Users\ryang\soyl-site\node_modules\react-dom\cjs\react-dom.development.js:4277:31)
        at beginWork$1 (C:\Users\ryang\soyl-site\node_modules\react-dom\cjs\react-dom.development.js:27490:7)
        at performUnitOfWork (C:\Users\ryang\soyl-site\node_modules\react-dom\cjs\react-dom.development.js:26599:12)
        at workLoopSync (C:\Users\ryang\soyl-site\node_modules\react-dom\cjs\react-dom.development.js:26505:5)
        at renderRootSync (C:\Users\ryang\soyl-site\node_modules\react-dom\cjs\react-dom.development.js:26473:7)
        at recoverFromConcurrentError (C:\Users\ryang\soyl-site\node_modules\react-dom\cjs\react-dom.development.js:25889:20)
        at performConcurrentWorkOnRoot (C:\Users\ryang\soyl-site\node_modules\react-dom\cjs\react-dom.development.js:25789:22)
        at flushActQueue (C:\Users\ryang\soyl-site\node_modules\react\cjs\react.development.js:2667:24)
        at act (C:\Users\ryang\soyl-site\node_modules\react\cjs\react.development.js:2582:11)
        at C:\Users\ryang\soyl-site\node_modules\@testing-library\react\dist\act-compat.js:47:25
        at renderRoot (C:\Users\ryang\soyl-site\node_modules\@testing-library\react\dist\pure.js:180:26)
        at render (C:\Users\ryang\soyl-site\node_modules\@testing-library\react\dist\pure.js:271:10)
        at Object.<anonymous> (C:\Users\ryang\soyl-site\src\components\__tests__\AssistantPromo.test.tsx:144:11)
        at Promise.then.completed (C:\Users\ryang\soyl-site\node_modules\jest-circus\build\utils.js:298:28)
        at new Promise (<anonymous>)
        at callAsyncCircusFn (C:\Users\ryang\soyl-site\node_modules\jest-circus\build\utils.js:231:10)
        at _callCircusTest (C:\Users\ryang\soyl-site\node_modules\jest-circus\build\run.js:316:40)
        at _runTest (C:\Users\ryang\soyl-site\node_modules\jest-circus\build\run.js:252:3)
        at _runTestsForDescribeBlock (C:\Users\ryang\soyl-site\node_modules\jest-circus\build\run.js:126:9)
        at _runTestsForDescribeBlock (C:\Users\ryang\soyl-site\node_modules\jest-circus\build\run.js:121:9)
        at run (C:\Users\ryang\soyl-site\node_modules\jest-circus\build\run.js:71:3)
        at runAndTransformResultsToJestFormat (C:\Users\ryang\soyl-site\node_modules\jest-circus\build\legacy-code-todo-rewrite\jestAdapterInit.js:122:21)
        at jestAdapter (C:\Users\ryang\soyl-site\node_modules\jest-circus\build\legacy-code-todo-rewrite\jestAdapter.js:79:19)
        at runTestInternal (C:\Users\ryang\soyl-site\node_modules\jest-runner\build\runTest.js:367:16)
        at runTest (C:\Users\ryang\soyl-site\node_modules\jest-runner\build\runTest.js:444:34) {
      detail: TypeError: Invalid base URL: 
          at new URLImpl (C:\Users\ryang\soyl-site\node_modules\whatwg-url\lib\URL-impl.js:15:15)
          at Object.exports.setup (C:\Users\ryang\soyl-site\node_modules\whatwg-url\lib\URL.js:54:12)
          at new URL (C:\Users\ryang\soyl-site\node_modules\whatwg-url\lib\URL.js:115:22)
          at getImgProps (C:\Users\ryang\soyl-site\node_modules\next\src\shared\lib\get-img-props.ts:666:19)
          at C:\Users\ryang\soyl-site\node_modules\next\src\client\image-component.tsx:398:20
          at renderWithHooks (C:\Users\ryang\soyl-site\node_modules\react-dom\cjs\react-dom.development.js:15486:18)
          at updateForwardRef (C:\Users\ryang\soyl-site\node_modules\react-dom\cjs\react-dom.development.js:19245:20)
          at beginWork (C:\Users\ryang\soyl-site\node_modules\react-dom\cjs\react-dom.development.js:21675:16)
          at HTMLUnknownElement.callCallback (C:\Users\ryang\soyl-site\node_modules\react-dom\cjs\react-dom.development.js:4164:14)
          at HTMLUnknownElement.callTheUserObjectsOperation (C:\Users\ryang\soyl-site\node_modules\jsdom\lib\jsdom\living\generated\EventListener.js:26:30)
          at innerInvokeEventListeners (C:\Users\ryang\soyl-site\node_modules\jsdom\lib\jsdom\living\events\EventTarget-impl.js:350:25)
          at invokeEventListeners (C:\Users\ryang\soyl-site\node_modules\jsdom\lib\jsdom\living\events\EventTarget-impl.js:286:3)
          at HTMLUnknownElementImpl._dispatch (C:\Users\ryang\soyl-site\node_modules\jsdom\lib\jsdom\living\events\EventTarget-impl.js:233:9)
          at HTMLUnknownElementImpl.dispatchEvent (C:\Users\ryang\soyl-site\node_modules\jsdom\lib\jsdom\living\events\EventTarget-impl.js:104:17)
          at HTMLUnknownElement.dispatchEvent (C:\Users\ryang\soyl-site\node_modules\jsdom\lib\jsdom\living\generated\EventTarget.js:241:34)
          at Object.invokeGuardedCallbackDev (C:\Users\ryang\soyl-site\node_modules\react-dom\cjs\react-dom.development.js:4213:16)
          at invokeGuardedCallback (C:\Users\ryang\soyl-site\node_modules\react-dom\cjs\react-dom.development.js:4277:31)
          at beginWork$1 (C:\Users\ryang\soyl-site\node_modules\react-dom\cjs\react-dom.development.js:27490:7)
          at performUnitOfWork (C:\Users\ryang\soyl-site\node_modules\react-dom\cjs\react-dom.development.js:26599:12)
          at workLoopSync (C:\Users\ryang\soyl-site\node_modules\react-dom\cjs\react-dom.development.js:26505:5)
          at renderRootSync (C:\Users\ryang\soyl-site\node_modules\react-dom\cjs\react-dom.development.js:26473:7)
          at recoverFromConcurrentError (C:\Users\ryang\soyl-site\node_modules\react-dom\cjs\react-dom.development.js:25889:20)
          at performConcurrentWorkOnRoot (C:\Users\ryang\soyl-site\node_modules\react-dom\cjs\react-dom.development.js:25789:22)
          at flushActQueue (C:\Users\ryang\soyl-site\node_modules\react\cjs\react.development.js:2667:24)
          at act (C:\Users\ryang\soyl-site\node_modules\react\cjs\react.development.js:2582:11)
          at C:\Users\ryang\soyl-site\node_modules\@testing-library\react\dist\act-compat.js:47:25
          at renderRoot (C:\Users\ryang\soyl-site\node_modules\@testing-library\react\dist\pure.js:180:26)
          at render (C:\Users\ryang\soyl-site\node_modules\@testing-library\react\dist\pure.js:271:10)
          at Object.<anonymous> (C:\Users\ryang\soyl-site\src\components\__tests__\AssistantPromo.test.tsx:144:11)
          at Promise.then.completed (C:\Users\ryang\soyl-site\node_modules\jest-circus\build\utils.js:298:28)
          at new Promise (<anonymous>)
          at callAsyncCircusFn (C:\Users\ryang\soyl-site\node_modules\jest-circus\build\utils.js:231:10)
          at _callCircusTest (C:\Users\ryang\soyl-site\node_modules\jest-circus\build\run.js:316:40)
          at _runTest (C:\Users\ryang\soyl-site\node_modules\jest-circus\build\run.js:252:3)
          at _runTestsForDescribeBlock (C:\Users\ryang\soyl-site\node_modules\jest-circus\build\run.js:126:9)
          at _runTestsForDescribeBlock (C:\Users\ryang\soyl-site\node_modules\jest-circus\build\run.js:121:9)
          at run (C:\Users\ryang\soyl-site\node_modules\jest-circus\build\run.js:71:3)
          at runAndTransformResultsToJestFormat (C:\Users\ryang\soyl-site\node_modules\jest-circus\build\legacy-code-todo-rewrite\jestAdapterInit.js:122:21)
          at jestAdapter (C:\Users\ryang\soyl-site\node_modules\jest-circus\build\legacy-code-todo-rewrite\jestAdapter.js:79:19)
          at runTestInternal (C:\Users\ryang\soyl-site\node_modules\jest-runner\build\runTest.js:367:16)
          at runTest (C:\Users\ryang\soyl-site\node_modules\jest-runner\build\runTest.js:444:34),
      type: 'unhandled exception'
    }

    [0m [90m 142 |[39m
     [90m 143 |[39m   it([32m'renders secondary CTA link to how it works'[39m[33m,[39m [36masync[39m () [33m=>[39m {
    [31m[1m>[22m[39m[90m 144 |[39m     render([33m<[39m[33mAssistantPromo[39m [33m/[39m[33m>[39m)
     [90m     |[39m           [31m[1m^[22m[39m
     [90m 145 |[39m     [36mawait[39m waitFor(() [33m=>[39m {
     [90m 146 |[39m       expect(screen[33m.[39mgetByRole([32m'link'[39m[33m,[39m { name[33m:[39m [35m/how it works/i[39m }))[33m.[39mtoBeInTheDocument()
     [90m 147 |[39m     })[0m

      at VirtualConsole.<anonymous> (node_modules/jest-environment-jsdom/build/index.js:63:23)
      at reportException (node_modules/jsdom/lib/jsdom/living/helpers/runtime-script-errors.js:70:28)
      at innerInvokeEventListeners (node_modules/jsdom/lib/jsdom/living/events/EventTarget-impl.js:353:9)
      at invokeEventListeners (node_modules/jsdom/lib/jsdom/living/events/EventTarget-impl.js:286:3)
      at HTMLUnknownElementImpl._dispatch (node_modules/jsdom/lib/jsdom/living/events/EventTarget-impl.js:233:9)
      at HTMLUnknownElementImpl.dispatchEvent (node_modules/jsdom/lib/jsdom/living/events/EventTarget-impl.js:104:17)
      at HTMLUnknownElement.dispatchEvent (node_modules/jsdom/lib/jsdom/living/generated/EventTarget.js:241:34)
      at Object.invokeGuardedCallbackDev (node_modules/react-dom/cjs/react-dom.development.js:4213:16)
      at invokeGuardedCallback (node_modules/react-dom/cjs/react-dom.development.js:4277:31)
      at beginWork$1 (node_modules/react-dom/cjs/react-dom.development.js:27490:7)
      at performUnitOfWork (node_modules/react-dom/cjs/react-dom.development.js:26599:12)
      at workLoopSync (node_modules/react-dom/cjs/react-dom.development.js:26505:5)
      at renderRootSync (node_modules/react-dom/cjs/react-dom.development.js:26473:7)
      at recoverFromConcurrentError (node_modules/react-dom/cjs/react-dom.development.js:25889:20)
      at performConcurrentWorkOnRoot (node_modules/react-dom/cjs/react-dom.development.js:25789:22)
      at flushActQueue (node_modules/react/cjs/react.development.js:2667:24)
      at act (node_modules/react/cjs/react.development.js:2582:11)
      at node_modules/@testing-library/react/dist/act-compat.js:47:25
      at renderRoot (node_modules/@testing-library/react/dist/pure.js:180:26)
      at render (node_modules/@testing-library/react/dist/pure.js:271:10)
      at Object.<anonymous> (src/components/__tests__/AssistantPromo.test.tsx:144:11)

  console.error
    The above error occurred in the <ForwardRef> component:
    
        at C:\Users\ryang\soyl-site\node_modules\next\src\client\image-component.tsx:369:5
        at div
        at div
        at children (C:\Users\ryang\soyl-site\src\components\__tests__\AssistantPromo.test.tsx:19:7)
        at div
        at div
        at section
        at AssistantPromo (C:\Users\ryang\soyl-site\src\components\AssistantPromo.tsx:9:41)
    
    Consider adding an error boundary to your tree to customize error handling behavior.
    Visit https://reactjs.org/link/error-boundaries to learn more about error boundaries.

    [0m [90m 142 |[39m
     [90m 143 |[39m   it([32m'renders secondary CTA link to how it works'[39m[33m,[39m [36masync[39m () [33m=>[39m {
    [31m[1m>[22m[39m[90m 144 |[39m     render([33m<[39m[33mAssistantPromo[39m [33m/[39m[33m>[39m)
     [90m     |[39m           [31m[1m^[22m[39m
     [90m 145 |[39m     [36mawait[39m waitFor(() [33m=>[39m {
     [90m 146 |[39m       expect(screen[33m.[39mgetByRole([32m'link'[39m[33m,[39m { name[33m:[39m [35m/how it works/i[39m }))[33m.[39mtoBeInTheDocument()
     [90m 147 |[39m     })[0m

      at logCapturedError (node_modules/react-dom/cjs/react-dom.development.js:18704:23)
      at update.callback (node_modules/react-dom/cjs/react-dom.development.js:18737:5)
      at callCallback (node_modules/react-dom/cjs/react-dom.development.js:15036:12)
      at commitUpdateQueue (node_modules/react-dom/cjs/react-dom.development.js:15057:9)
      at commitLayoutEffectOnFiber (node_modules/react-dom/cjs/react-dom.development.js:23430:13)
      at commitLayoutMountEffects_complete (node_modules/react-dom/cjs/react-dom.development.js:24727:9)
      at commitLayoutEffects_begin (node_modules/react-dom/cjs/react-dom.development.js:24713:7)
      at commitLayoutEffects (node_modules/react-dom/cjs/react-dom.development.js:24651:3)
      at commitRootImpl (node_modules/react-dom/cjs/react-dom.development.js:26862:5)
      at commitRoot (node_modules/react-dom/cjs/react-dom.development.js:26721:5)
      at finishConcurrentRender (node_modules/react-dom/cjs/react-dom.development.js:25931:9)
      at performConcurrentWorkOnRoot (node_modules/react-dom/cjs/react-dom.development.js:25848:7)
      at flushActQueue (node_modules/react/cjs/react.development.js:2667:24)
      at act (node_modules/react/cjs/react.development.js:2582:11)
      at node_modules/@testing-library/react/dist/act-compat.js:47:25
      at renderRoot (node_modules/@testing-library/react/dist/pure.js:180:26)
      at render (node_modules/@testing-library/react/dist/pure.js:271:10)
      at Object.<anonymous> (src/components/__tests__/AssistantPromo.test.tsx:144:11)

  console.error
    Error: Uncaught [TypeError: Invalid base URL: ]
        at reportException (C:\Users\ryang\soyl-site\node_modules\jsdom\lib\jsdom\living\helpers\runtime-script-errors.js:66:24)
        at innerInvokeEventListeners (C:\Users\ryang\soyl-site\node_modules\jsdom\lib\jsdom\living\events\EventTarget-impl.js:353:9)
        at invokeEventListeners (C:\Users\ryang\soyl-site\node_modules\jsdom\lib\jsdom\living\events\EventTarget-impl.js:286:3)
        at HTMLUnknownElementImpl._dispatch (C:\Users\ryang\soyl-site\node_modules\jsdom\lib\jsdom\living\events\EventTarget-impl.js:233:9)
        at HTMLUnknownElementImpl.dispatchEvent (C:\Users\ryang\soyl-site\node_modules\jsdom\lib\jsdom\living\events\EventTarget-impl.js:104:17)
        at HTMLUnknownElement.dispatchEvent (C:\Users\ryang\soyl-site\node_modules\jsdom\lib\jsdom\living\generated\EventTarget.js:241:34)
        at Object.invokeGuardedCallbackDev (C:\Users\ryang\soyl-site\node_modules\react-dom\cjs\react-dom.development.js:4213:16)
        at invokeGuardedCallback (C:\Users\ryang\soyl-site\node_modules\react-dom\cjs\react-dom.development.js:4277:31)
        at beginWork$1 (C:\Users\ryang\soyl-site\node_modules\react-dom\cjs\react-dom.development.js:27490:7)
        at performUnitOfWork (C:\Users\ryang\soyl-site\node_modules\react-dom\cjs\react-dom.development.js:26599:12)
        at workLoopSync (C:\Users\ryang\soyl-site\node_modules\react-dom\cjs\react-dom.development.js:26505:5)
        at renderRootSync (C:\Users\ryang\soyl-site\node_modules\react-dom\cjs\react-dom.development.js:26473:7)
        at performConcurrentWorkOnRoot (C:\Users\ryang\soyl-site\node_modules\react-dom\cjs\react-dom.development.js:25777:74)
        at flushActQueue (C:\Users\ryang\soyl-site\node_modules\react\cjs\react.development.js:2667:24)
        at act (C:\Users\ryang\soyl-site\node_modules\react\cjs\react.development.js:2582:11)
        at C:\Users\ryang\soyl-site\node_modules\@testing-library\react\dist\act-compat.js:47:25
        at renderRoot (C:\Users\ryang\soyl-site\node_modules\@testing-library\react\dist\pure.js:180:26)
        at render (C:\Users\ryang\soyl-site\node_modules\@testing-library\react\dist\pure.js:271:10)
        at Object.<anonymous> (C:\Users\ryang\soyl-site\src\components\__tests__\AssistantPromo.test.tsx:154:11)
        at Promise.then.completed (C:\Users\ryang\soyl-site\node_modules\jest-circus\build\utils.js:298:28)
        at new Promise (<anonymous>)
        at callAsyncCircusFn (C:\Users\ryang\soyl-site\node_modules\jest-circus\build\utils.js:231:10)
        at _callCircusTest (C:\Users\ryang\soyl-site\node_modules\jest-circus\build\run.js:316:40)
        at _runTest (C:\Users\ryang\soyl-site\node_modules\jest-circus\build\run.js:252:3)
        at _runTestsForDescribeBlock (C:\Users\ryang\soyl-site\node_modules\jest-circus\build\run.js:126:9)
        at _runTestsForDescribeBlock (C:\Users\ryang\soyl-site\node_modules\jest-circus\build\run.js:121:9)
        at run (C:\Users\ryang\soyl-site\node_modules\jest-circus\build\run.js:71:3)
        at runAndTransformResultsToJestFormat (C:\Users\ryang\soyl-site\node_modules\jest-circus\build\legacy-code-todo-rewrite\jestAdapterInit.js:122:21)
        at jestAdapter (C:\Users\ryang\soyl-site\node_modules\jest-circus\build\legacy-code-todo-rewrite\jestAdapter.js:79:19)
        at runTestInternal (C:\Users\ryang\soyl-site\node_modules\jest-runner\build\runTest.js:367:16)
        at runTest (C:\Users\ryang\soyl-site\node_modules\jest-runner\build\runTest.js:444:34) {
      detail: TypeError: Invalid base URL: 
          at new URLImpl (C:\Users\ryang\soyl-site\node_modules\whatwg-url\lib\URL-impl.js:15:15)
          at Object.exports.setup (C:\Users\ryang\soyl-site\node_modules\whatwg-url\lib\URL.js:54:12)
          at new URL (C:\Users\ryang\soyl-site\node_modules\whatwg-url\lib\URL.js:115:22)
          at getImgProps (C:\Users\ryang\soyl-site\node_modules\next\src\shared\lib\get-img-props.ts:666:19)
          at C:\Users\ryang\soyl-site\node_modules\next\src\client\image-component.tsx:398:20
          at renderWithHooks (C:\Users\ryang\soyl-site\node_modules\react-dom\cjs\react-dom.development.js:15486:18)
          at updateForwardRef (C:\Users\ryang\soyl-site\node_modules\react-dom\cjs\react-dom.development.js:19245:20)
          at beginWork (C:\Users\ryang\soyl-site\node_modules\react-dom\cjs\react-dom.development.js:21675:16)
          at HTMLUnknownElement.callCallback (C:\Users\ryang\soyl-site\node_modules\react-dom\cjs\react-dom.development.js:4164:14)
          at HTMLUnknownElement.callTheUserObjectsOperation (C:\Users\ryang\soyl-site\node_modules\jsdom\lib\jsdom\living\generated\EventListener.js:26:30)
          at innerInvokeEventListeners (C:\Users\ryang\soyl-site\node_modules\jsdom\lib\jsdom\living\events\EventTarget-impl.js:350:25)
          at invokeEventListeners (C:\Users\ryang\soyl-site\node_modules\jsdom\lib\jsdom\living\events\EventTarget-impl.js:286:3)
          at HTMLUnknownElementImpl._dispatch (C:\Users\ryang\soyl-site\node_modules\jsdom\lib\jsdom\living\events\EventTarget-impl.js:233:9)
          at HTMLUnknownElementImpl.dispatchEvent (C:\Users\ryang\soyl-site\node_modules\jsdom\lib\jsdom\living\events\EventTarget-impl.js:104:17)
          at HTMLUnknownElement.dispatchEvent (C:\Users\ryang\soyl-site\node_modules\jsdom\lib\jsdom\living\generated\EventTarget.js:241:34)
          at Object.invokeGuardedCallbackDev (C:\Users\ryang\soyl-site\node_modules\react-dom\cjs\react-dom.development.js:4213:16)
          at invokeGuardedCallback (C:\Users\ryang\soyl-site\node_modules\react-dom\cjs\react-dom.development.js:4277:31)
          at beginWork$1 (C:\Users\ryang\soyl-site\node_modules\react-dom\cjs\react-dom.development.js:27490:7)
          at performUnitOfWork (C:\Users\ryang\soyl-site\node_modules\react-dom\cjs\react-dom.development.js:26599:12)
          at workLoopSync (C:\Users\ryang\soyl-site\node_modules\react-dom\cjs\react-dom.development.js:26505:5)
          at renderRootSync (C:\Users\ryang\soyl-site\node_modules\react-dom\cjs\react-dom.development.js:26473:7)
          at performConcurrentWorkOnRoot (C:\Users\ryang\soyl-site\node_modules\react-dom\cjs\react-dom.development.js:25777:74)
          at flushActQueue (C:\Users\ryang\soyl-site\node_modules\react\cjs\react.development.js:2667:24)
          at act (C:\Users\ryang\soyl-site\node_modules\react\cjs\react.development.js:2582:11)
          at C:\Users\ryang\soyl-site\node_modules\@testing-library\react\dist\act-compat.js:47:25
          at renderRoot (C:\Users\ryang\soyl-site\node_modules\@testing-library\react\dist\pure.js:180:26)
          at render (C:\Users\ryang\soyl-site\node_modules\@testing-library\react\dist\pure.js:271:10)
          at Object.<anonymous> (C:\Users\ryang\soyl-site\src\components\__tests__\AssistantPromo.test.tsx:154:11)
          at Promise.then.completed (C:\Users\ryang\soyl-site\node_modules\jest-circus\build\utils.js:298:28)
          at new Promise (<anonymous>)
          at callAsyncCircusFn (C:\Users\ryang\soyl-site\node_modules\jest-circus\build\utils.js:231:10)
          at _callCircusTest (C:\Users\ryang\soyl-site\node_modules\jest-circus\build\run.js:316:40)
          at _runTest (C:\Users\ryang\soyl-site\node_modules\jest-circus\build\run.js:252:3)
          at _runTestsForDescribeBlock (C:\Users\ryang\soyl-site\node_modules\jest-circus\build\run.js:126:9)
          at _runTestsForDescribeBlock (C:\Users\ryang\soyl-site\node_modules\jest-circus\build\run.js:121:9)
          at run (C:\Users\ryang\soyl-site\node_modules\jest-circus\build\run.js:71:3)
          at runAndTransformResultsToJestFormat (C:\Users\ryang\soyl-site\node_modules\jest-circus\build\legacy-code-todo-rewrite\jestAdapterInit.js:122:21)
          at jestAdapter (C:\Users\ryang\soyl-site\node_modules\jest-circus\build\legacy-code-todo-rewrite\jestAdapter.js:79:19)
          at runTestInternal (C:\Users\ryang\soyl-site\node_modules\jest-runner\build\runTest.js:367:16)
          at runTest (C:\Users\ryang\soyl-site\node_modules\jest-runner\build\runTest.js:444:34),
      type: 'unhandled exception'
    }

    [0m [90m 152 |[39m
     [90m 153 |[39m   it([32m'has correct accessibility attributes'[39m[33m,[39m [36masync[39m () [33m=>[39m {
    [31m[1m>[22m[39m[90m 154 |[39m     render([33m<[39m[33mAssistantPromo[39m [33m/[39m[33m>[39m)
     [90m     |[39m           [31m[1m^[22m[39m
     [90m 155 |[39m     [36mawait[39m waitFor(() [33m=>[39m {
     [90m 156 |[39m       expect(screen[33m.[39mgetByRole([32m'region'[39m[33m,[39m { name[33m:[39m [35m/soyl assistant/i[39m }))[33m.[39mtoBeInTheDocument()
     [90m 157 |[39m     })[0m

      at VirtualConsole.<anonymous> (node_modules/jest-environment-jsdom/build/index.js:63:23)
      at reportException (node_modules/jsdom/lib/jsdom/living/helpers/runtime-script-errors.js:70:28)
      at innerInvokeEventListeners (node_modules/jsdom/lib/jsdom/living/events/EventTarget-impl.js:353:9)
      at invokeEventListeners (node_modules/jsdom/lib/jsdom/living/events/EventTarget-impl.js:286:3)
      at HTMLUnknownElementImpl._dispatch (node_modules/jsdom/lib/jsdom/living/events/EventTarget-impl.js:233:9)
      at HTMLUnknownElementImpl.dispatchEvent (node_modules/jsdom/lib/jsdom/living/events/EventTarget-impl.js:104:17)
      at HTMLUnknownElement.dispatchEvent (node_modules/jsdom/lib/jsdom/living/generated/EventTarget.js:241:34)
      at Object.invokeGuardedCallbackDev (node_modules/react-dom/cjs/react-dom.development.js:4213:16)
      at invokeGuardedCallback (node_modules/react-dom/cjs/react-dom.development.js:4277:31)
      at beginWork$1 (node_modules/react-dom/cjs/react-dom.development.js:27490:7)
      at performUnitOfWork (node_modules/react-dom/cjs/react-dom.development.js:26599:12)
      at workLoopSync (node_modules/react-dom/cjs/react-dom.development.js:26505:5)
      at renderRootSync (node_modules/react-dom/cjs/react-dom.development.js:26473:7)
      at performConcurrentWorkOnRoot (node_modules/react-dom/cjs/react-dom.development.js:25777:74)
      at flushActQueue (node_modules/react/cjs/react.development.js:2667:24)
      at act (node_modules/react/cjs/react.development.js:2582:11)
      at node_modules/@testing-library/react/dist/act-compat.js:47:25
      at renderRoot (node_modules/@testing-library/react/dist/pure.js:180:26)
      at render (node_modules/@testing-library/react/dist/pure.js:271:10)
      at Object.<anonymous> (src/components/__tests__/AssistantPromo.test.tsx:154:11)

  console.error
    Error: Uncaught [TypeError: Invalid base URL: ]
        at reportException (C:\Users\ryang\soyl-site\node_modules\jsdom\lib\jsdom\living\helpers\runtime-script-errors.js:66:24)
        at innerInvokeEventListeners (C:\Users\ryang\soyl-site\node_modules\jsdom\lib\jsdom\living\events\EventTarget-impl.js:353:9)
        at invokeEventListeners (C:\Users\ryang\soyl-site\node_modules\jsdom\lib\jsdom\living\events\EventTarget-impl.js:286:3)
        at HTMLUnknownElementImpl._dispatch (C:\Users\ryang\soyl-site\node_modules\jsdom\lib\jsdom\living\events\EventTarget-impl.js:233:9)
        at HTMLUnknownElementImpl.dispatchEvent (C:\Users\ryang\soyl-site\node_modules\jsdom\lib\jsdom\living\events\EventTarget-impl.js:104:17)
        at HTMLUnknownElement.dispatchEvent (C:\Users\ryang\soyl-site\node_modules\jsdom\lib\jsdom\living\generated\EventTarget.js:241:34)
        at Object.invokeGuardedCallbackDev (C:\Users\ryang\soyl-site\node_modules\react-dom\cjs\react-dom.development.js:4213:16)
        at invokeGuardedCallback (C:\Users\ryang\soyl-site\node_modules\react-dom\cjs\react-dom.development.js:4277:31)
        at beginWork$1 (C:\Users\ryang\soyl-site\node_modules\react-dom\cjs\react-dom.development.js:27490:7)
        at performUnitOfWork (C:\Users\ryang\soyl-site\node_modules\react-dom\cjs\react-dom.development.js:26599:12)
        at workLoopSync (C:\Users\ryang\soyl-site\node_modules\react-dom\cjs\react-dom.development.js:26505:5)
        at renderRootSync (C:\Users\ryang\soyl-site\node_modules\react-dom\cjs\react-dom.development.js:26473:7)
        at recoverFromConcurrentError (C:\Users\ryang\soyl-site\node_modules\react-dom\cjs\react-dom.development.js:25889:20)
        at performConcurrentWorkOnRoot (C:\Users\ryang\soyl-site\node_modules\react-dom\cjs\react-dom.development.js:25789:22)
        at flushActQueue (C:\Users\ryang\soyl-site\node_modules\react\cjs\react.development.js:2667:24)
        at act (C:\Users\ryang\soyl-site\node_modules\react\cjs\react.development.js:2582:11)
        at C:\Users\ryang\soyl-site\node_modules\@testing-library\react\dist\act-compat.js:47:25
        at renderRoot (C:\Users\ryang\soyl-site\node_modules\@testing-library\react\dist\pure.js:180:26)
        at render (C:\Users\ryang\soyl-site\node_modules\@testing-library\react\dist\pure.js:271:10)
        at Object.<anonymous> (C:\Users\ryang\soyl-site\src\components\__tests__\AssistantPromo.test.tsx:154:11)
        at Promise.then.completed (C:\Users\ryang\soyl-site\node_modules\jest-circus\build\utils.js:298:28)
        at new Promise (<anonymous>)
        at callAsyncCircusFn (C:\Users\ryang\soyl-site\node_modules\jest-circus\build\utils.js:231:10)
        at _callCircusTest (C:\Users\ryang\soyl-site\node_modules\jest-circus\build\run.js:316:40)
        at _runTest (C:\Users\ryang\soyl-site\node_modules\jest-circus\build\run.js:252:3)
        at _runTestsForDescribeBlock (C:\Users\ryang\soyl-site\node_modules\jest-circus\build\run.js:126:9)
        at _runTestsForDescribeBlock (C:\Users\ryang\soyl-site\node_modules\jest-circus\build\run.js:121:9)
        at run (C:\Users\ryang\soyl-site\node_modules\jest-circus\build\run.js:71:3)
        at runAndTransformResultsToJestFormat (C:\Users\ryang\soyl-site\node_modules\jest-circus\build\legacy-code-todo-rewrite\jestAdapterInit.js:122:21)
        at jestAdapter (C:\Users\ryang\soyl-site\node_modules\jest-circus\build\legacy-code-todo-rewrite\jestAdapter.js:79:19)
        at runTestInternal (C:\Users\ryang\soyl-site\node_modules\jest-runner\build\runTest.js:367:16)
        at runTest (C:\Users\ryang\soyl-site\node_modules\jest-runner\build\runTest.js:444:34) {
      detail: TypeError: Invalid base URL: 
          at new URLImpl (C:\Users\ryang\soyl-site\node_modules\whatwg-url\lib\URL-impl.js:15:15)
          at Object.exports.setup (C:\Users\ryang\soyl-site\node_modules\whatwg-url\lib\URL.js:54:12)
          at new URL (C:\Users\ryang\soyl-site\node_modules\whatwg-url\lib\URL.js:115:22)
          at getImgProps (C:\Users\ryang\soyl-site\node_modules\next\src\shared\lib\get-img-props.ts:666:19)
          at C:\Users\ryang\soyl-site\node_modules\next\src\client\image-component.tsx:398:20
          at renderWithHooks (C:\Users\ryang\soyl-site\node_modules\react-dom\cjs\react-dom.development.js:15486:18)
          at updateForwardRef (C:\Users\ryang\soyl-site\node_modules\react-dom\cjs\react-dom.development.js:19245:20)
          at beginWork (C:\Users\ryang\soyl-site\node_modules\react-dom\cjs\react-dom.development.js:21675:16)
          at HTMLUnknownElement.callCallback (C:\Users\ryang\soyl-site\node_modules\react-dom\cjs\react-dom.development.js:4164:14)
          at HTMLUnknownElement.callTheUserObjectsOperation (C:\Users\ryang\soyl-site\node_modules\jsdom\lib\jsdom\living\generated\EventListener.js:26:30)
          at innerInvokeEventListeners (C:\Users\ryang\soyl-site\node_modules\jsdom\lib\jsdom\living\events\EventTarget-impl.js:350:25)
          at invokeEventListeners (C:\Users\ryang\soyl-site\node_modules\jsdom\lib\jsdom\living\events\EventTarget-impl.js:286:3)
          at HTMLUnknownElementImpl._dispatch (C:\Users\ryang\soyl-site\node_modules\jsdom\lib\jsdom\living\events\EventTarget-impl.js:233:9)
          at HTMLUnknownElementImpl.dispatchEvent (C:\Users\ryang\soyl-site\node_modules\jsdom\lib\jsdom\living\events\EventTarget-impl.js:104:17)
          at HTMLUnknownElement.dispatchEvent (C:\Users\ryang\soyl-site\node_modules\jsdom\lib\jsdom\living\generated\EventTarget.js:241:34)
          at Object.invokeGuardedCallbackDev (C:\Users\ryang\soyl-site\node_modules\react-dom\cjs\react-dom.development.js:4213:16)
          at invokeGuardedCallback (C:\Users\ryang\soyl-site\node_modules\react-dom\cjs\react-dom.development.js:4277:31)
          at beginWork$1 (C:\Users\ryang\soyl-site\node_modules\react-dom\cjs\react-dom.development.js:27490:7)
          at performUnitOfWork (C:\Users\ryang\soyl-site\node_modules\react-dom\cjs\react-dom.development.js:26599:12)
          at workLoopSync (C:\Users\ryang\soyl-site\node_modules\react-dom\cjs\react-dom.development.js:26505:5)
          at renderRootSync (C:\Users\ryang\soyl-site\node_modules\react-dom\cjs\react-dom.development.js:26473:7)
          at recoverFromConcurrentError (C:\Users\ryang\soyl-site\node_modules\react-dom\cjs\react-dom.development.js:25889:20)
          at performConcurrentWorkOnRoot (C:\Users\ryang\soyl-site\node_modules\react-dom\cjs\react-dom.development.js:25789:22)
          at flushActQueue (C:\Users\ryang\soyl-site\node_modules\react\cjs\react.development.js:2667:24)
          at act (C:\Users\ryang\soyl-site\node_modules\react\cjs\react.development.js:2582:11)
          at C:\Users\ryang\soyl-site\node_modules\@testing-library\react\dist\act-compat.js:47:25
          at renderRoot (C:\Users\ryang\soyl-site\node_modules\@testing-library\react\dist\pure.js:180:26)
          at render (C:\Users\ryang\soyl-site\node_modules\@testing-library\react\dist\pure.js:271:10)
          at Object.<anonymous> (C:\Users\ryang\soyl-site\src\components\__tests__\AssistantPromo.test.tsx:154:11)
          at Promise.then.completed (C:\Users\ryang\soyl-site\node_modules\jest-circus\build\utils.js:298:28)
          at new Promise (<anonymous>)
          at callAsyncCircusFn (C:\Users\ryang\soyl-site\node_modules\jest-circus\build\utils.js:231:10)
          at _callCircusTest (C:\Users\ryang\soyl-site\node_modules\jest-circus\build\run.js:316:40)
          at _runTest (C:\Users\ryang\soyl-site\node_modules\jest-circus\build\run.js:252:3)
          at _runTestsForDescribeBlock (C:\Users\ryang\soyl-site\node_modules\jest-circus\build\run.js:126:9)
          at _runTestsForDescribeBlock (C:\Users\ryang\soyl-site\node_modules\jest-circus\build\run.js:121:9)
          at run (C:\Users\ryang\soyl-site\node_modules\jest-circus\build\run.js:71:3)
          at runAndTransformResultsToJestFormat (C:\Users\ryang\soyl-site\node_modules\jest-circus\build\legacy-code-todo-rewrite\jestAdapterInit.js:122:21)
          at jestAdapter (C:\Users\ryang\soyl-site\node_modules\jest-circus\build\legacy-code-todo-rewrite\jestAdapter.js:79:19)
          at runTestInternal (C:\Users\ryang\soyl-site\node_modules\jest-runner\build\runTest.js:367:16)
          at runTest (C:\Users\ryang\soyl-site\node_modules\jest-runner\build\runTest.js:444:34),
      type: 'unhandled exception'
    }

    [0m [90m 152 |[39m
     [90m 153 |[39m   it([32m'has correct accessibility attributes'[39m[33m,[39m [36masync[39m () [33m=>[39m {
    [31m[1m>[22m[39m[90m 154 |[39m     render([33m<[39m[33mAssistantPromo[39m [33m/[39m[33m>[39m)
     [90m     |[39m           [31m[1m^[22m[39m
     [90m 155 |[39m     [36mawait[39m waitFor(() [33m=>[39m {
     [90m 156 |[39m       expect(screen[33m.[39mgetByRole([32m'region'[39m[33m,[39m { name[33m:[39m [35m/soyl assistant/i[39m }))[33m.[39mtoBeInTheDocument()
     [90m 157 |[39m     })[0m

      at VirtualConsole.<anonymous> (node_modules/jest-environment-jsdom/build/index.js:63:23)
      at reportException (node_modules/jsdom/lib/jsdom/living/helpers/runtime-script-errors.js:70:28)
      at innerInvokeEventListeners (node_modules/jsdom/lib/jsdom/living/events/EventTarget-impl.js:353:9)
      at invokeEventListeners (node_modules/jsdom/lib/jsdom/living/events/EventTarget-impl.js:286:3)
      at HTMLUnknownElementImpl._dispatch (node_modules/jsdom/lib/jsdom/living/events/EventTarget-impl.js:233:9)
      at HTMLUnknownElementImpl.dispatchEvent (node_modules/jsdom/lib/jsdom/living/events/EventTarget-impl.js:104:17)
      at HTMLUnknownElement.dispatchEvent (node_modules/jsdom/lib/jsdom/living/generated/EventTarget.js:241:34)
      at Object.invokeGuardedCallbackDev (node_modules/react-dom/cjs/react-dom.development.js:4213:16)
      at invokeGuardedCallback (node_modules/react-dom/cjs/react-dom.development.js:4277:31)
      at beginWork$1 (node_modules/react-dom/cjs/react-dom.development.js:27490:7)
      at performUnitOfWork (node_modules/react-dom/cjs/react-dom.development.js:26599:12)
      at workLoopSync (node_modules/react-dom/cjs/react-dom.development.js:26505:5)
      at renderRootSync (node_modules/react-dom/cjs/react-dom.development.js:26473:7)
      at recoverFromConcurrentError (node_modules/react-dom/cjs/react-dom.development.js:25889:20)
      at performConcurrentWorkOnRoot (node_modules/react-dom/cjs/react-dom.development.js:25789:22)
      at flushActQueue (node_modules/react/cjs/react.development.js:2667:24)
      at act (node_modules/react/cjs/react.development.js:2582:11)
      at node_modules/@testing-library/react/dist/act-compat.js:47:25
      at renderRoot (node_modules/@testing-library/react/dist/pure.js:180:26)
      at render (node_modules/@testing-library/react/dist/pure.js:271:10)
      at Object.<anonymous> (src/components/__tests__/AssistantPromo.test.tsx:154:11)

  console.error
    The above error occurred in the <ForwardRef> component:
    
        at C:\Users\ryang\soyl-site\node_modules\next\src\client\image-component.tsx:369:5
        at div
        at div
        at children (C:\Users\ryang\soyl-site\src\components\__tests__\AssistantPromo.test.tsx:19:7)
        at div
        at div
        at section
        at AssistantPromo (C:\Users\ryang\soyl-site\src\components\AssistantPromo.tsx:9:41)
    
    Consider adding an error boundary to your tree to customize error handling behavior.
    Visit https://reactjs.org/link/error-boundaries to learn more about error boundaries.

    [0m [90m 152 |[39m
     [90m 153 |[39m   it([32m'has correct accessibility attributes'[39m[33m,[39m [36masync[39m () [33m=>[39m {
    [31m[1m>[22m[39m[90m 154 |[39m     render([33m<[39m[33mAssistantPromo[39m [33m/[39m[33m>[39m)
     [90m     |[39m           [31m[1m^[22m[39m
     [90m 155 |[39m     [36mawait[39m waitFor(() [33m=>[39m {
     [90m 156 |[39m       expect(screen[33m.[39mgetByRole([32m'region'[39m[33m,[39m { name[33m:[39m [35m/soyl assistant/i[39m }))[33m.[39mtoBeInTheDocument()
     [90m 157 |[39m     })[0m

      at logCapturedError (node_modules/react-dom/cjs/react-dom.development.js:18704:23)
      at update.callback (node_modules/react-dom/cjs/react-dom.development.js:18737:5)
      at callCallback (node_modules/react-dom/cjs/react-dom.development.js:15036:12)
      at commitUpdateQueue (node_modules/react-dom/cjs/react-dom.development.js:15057:9)
      at commitLayoutEffectOnFiber (node_modules/react-dom/cjs/react-dom.development.js:23430:13)
      at commitLayoutMountEffects_complete (node_modules/react-dom/cjs/react-dom.development.js:24727:9)
      at commitLayoutEffects_begin (node_modules/react-dom/cjs/react-dom.development.js:24713:7)
      at commitLayoutEffects (node_modules/react-dom/cjs/react-dom.development.js:24651:3)
      at commitRootImpl (node_modules/react-dom/cjs/react-dom.development.js:26862:5)
      at commitRoot (node_modules/react-dom/cjs/react-dom.development.js:26721:5)
      at finishConcurrentRender (node_modules/react-dom/cjs/react-dom.development.js:25931:9)
      at performConcurrentWorkOnRoot (node_modules/react-dom/cjs/react-dom.development.js:25848:7)
      at flushActQueue (node_modules/react/cjs/react.development.js:2667:24)
      at act (node_modules/react/cjs/react.development.js:2582:11)
      at node_modules/@testing-library/react/dist/act-compat.js:47:25
      at renderRoot (node_modules/@testing-library/react/dist/pure.js:180:26)
      at render (node_modules/@testing-library/react/dist/pure.js:271:10)
      at Object.<anonymous> (src/components/__tests__/AssistantPromo.test.tsx:154:11)

  console.error
    Error: Uncaught [TypeError: Invalid base URL: ]
        at reportException (C:\Users\ryang\soyl-site\node_modules\jsdom\lib\jsdom\living\helpers\runtime-script-errors.js:66:24)
        at innerInvokeEventListeners (C:\Users\ryang\soyl-site\node_modules\jsdom\lib\jsdom\living\events\EventTarget-impl.js:353:9)
        at invokeEventListeners (C:\Users\ryang\soyl-site\node_modules\jsdom\lib\jsdom\living\events\EventTarget-impl.js:286:3)
        at HTMLUnknownElementImpl._dispatch (C:\Users\ryang\soyl-site\node_modules\jsdom\lib\jsdom\living\events\EventTarget-impl.js:233:9)
        at HTMLUnknownElementImpl.dispatchEvent (C:\Users\ryang\soyl-site\node_modules\jsdom\lib\jsdom\living\events\EventTarget-impl.js:104:17)
        at HTMLUnknownElement.dispatchEvent (C:\Users\ryang\soyl-site\node_modules\jsdom\lib\jsdom\living\generated\EventTarget.js:241:34)
        at Object.invokeGuardedCallbackDev (C:\Users\ryang\soyl-site\node_modules\react-dom\cjs\react-dom.development.js:4213:16)
        at invokeGuardedCallback (C:\Users\ryang\soyl-site\node_modules\react-dom\cjs\react-dom.development.js:4277:31)
        at beginWork$1 (C:\Users\ryang\soyl-site\node_modules\react-dom\cjs\react-dom.development.js:27490:7)
        at performUnitOfWork (C:\Users\ryang\soyl-site\node_modules\react-dom\cjs\react-dom.development.js:26599:12)
        at workLoopSync (C:\Users\ryang\soyl-site\node_modules\react-dom\cjs\react-dom.development.js:26505:5)
        at renderRootSync (C:\Users\ryang\soyl-site\node_modules\react-dom\cjs\react-dom.development.js:26473:7)
        at performConcurrentWorkOnRoot (C:\Users\ryang\soyl-site\node_modules\react-dom\cjs\react-dom.development.js:25777:74)
        at flushActQueue (C:\Users\ryang\soyl-site\node_modules\react\cjs\react.development.js:2667:24)
        at act (C:\Users\ryang\soyl-site\node_modules\react\cjs\react.development.js:2582:11)
        at C:\Users\ryang\soyl-site\node_modules\@testing-library\react\dist\act-compat.js:47:25
        at renderRoot (C:\Users\ryang\soyl-site\node_modules\@testing-library\react\dist\pure.js:180:26)
        at render (C:\Users\ryang\soyl-site\node_modules\@testing-library\react\dist\pure.js:271:10)
        at Object.<anonymous> (C:\Users\ryang\soyl-site\src\components\__tests__\AssistantPromo.test.tsx:174:11)
        at Promise.then.completed (C:\Users\ryang\soyl-site\node_modules\jest-circus\build\utils.js:298:28)
        at new Promise (<anonymous>)
        at callAsyncCircusFn (C:\Users\ryang\soyl-site\node_modules\jest-circus\build\utils.js:231:10)
        at _callCircusTest (C:\Users\ryang\soyl-site\node_modules\jest-circus\build\run.js:316:40)
        at _runTest (C:\Users\ryang\soyl-site\node_modules\jest-circus\build\run.js:252:3)
        at _runTestsForDescribeBlock (C:\Users\ryang\soyl-site\node_modules\jest-circus\build\run.js:126:9)
        at _runTestsForDescribeBlock (C:\Users\ryang\soyl-site\node_modules\jest-circus\build\run.js:121:9)
        at run (C:\Users\ryang\soyl-site\node_modules\jest-circus\build\run.js:71:3)
        at runAndTransformResultsToJestFormat (C:\Users\ryang\soyl-site\node_modules\jest-circus\build\legacy-code-todo-rewrite\jestAdapterInit.js:122:21)
        at jestAdapter (C:\Users\ryang\soyl-site\node_modules\jest-circus\build\legacy-code-todo-rewrite\jestAdapter.js:79:19)
        at runTestInternal (C:\Users\ryang\soyl-site\node_modules\jest-runner\build\runTest.js:367:16)
        at runTest (C:\Users\ryang\soyl-site\node_modules\jest-runner\build\runTest.js:444:34) {
      detail: TypeError: Invalid base URL: 
          at new URLImpl (C:\Users\ryang\soyl-site\node_modules\whatwg-url\lib\URL-impl.js:15:15)
          at Object.exports.setup (C:\Users\ryang\soyl-site\node_modules\whatwg-url\lib\URL.js:54:12)
          at new URL (C:\Users\ryang\soyl-site\node_modules\whatwg-url\lib\URL.js:115:22)
          at getImgProps (C:\Users\ryang\soyl-site\node_modules\next\src\shared\lib\get-img-props.ts:666:19)
          at C:\Users\ryang\soyl-site\node_modules\next\src\client\image-component.tsx:398:20
          at renderWithHooks (C:\Users\ryang\soyl-site\node_modules\react-dom\cjs\react-dom.development.js:15486:18)
          at updateForwardRef (C:\Users\ryang\soyl-site\node_modules\react-dom\cjs\react-dom.development.js:19245:20)
          at beginWork (C:\Users\ryang\soyl-site\node_modules\react-dom\cjs\react-dom.development.js:21675:16)
          at HTMLUnknownElement.callCallback (C:\Users\ryang\soyl-site\node_modules\react-dom\cjs\react-dom.development.js:4164:14)
          at HTMLUnknownElement.callTheUserObjectsOperation (C:\Users\ryang\soyl-site\node_modules\jsdom\lib\jsdom\living\generated\EventListener.js:26:30)
          at innerInvokeEventListeners (C:\Users\ryang\soyl-site\node_modules\jsdom\lib\jsdom\living\events\EventTarget-impl.js:350:25)
          at invokeEventListeners (C:\Users\ryang\soyl-site\node_modules\jsdom\lib\jsdom\living\events\EventTarget-impl.js:286:3)
          at HTMLUnknownElementImpl._dispatch (C:\Users\ryang\soyl-site\node_modules\jsdom\lib\jsdom\living\events\EventTarget-impl.js:233:9)
          at HTMLUnknownElementImpl.dispatchEvent (C:\Users\ryang\soyl-site\node_modules\jsdom\lib\jsdom\living\events\EventTarget-impl.js:104:17)
          at HTMLUnknownElement.dispatchEvent (C:\Users\ryang\soyl-site\node_modules\jsdom\lib\jsdom\living\generated\EventTarget.js:241:34)
          at Object.invokeGuardedCallbackDev (C:\Users\ryang\soyl-site\node_modules\react-dom\cjs\react-dom.development.js:4213:16)
          at invokeGuardedCallback (C:\Users\ryang\soyl-site\node_modules\react-dom\cjs\react-dom.development.js:4277:31)
          at beginWork$1 (C:\Users\ryang\soyl-site\node_modules\react-dom\cjs\react-dom.development.js:27490:7)
          at performUnitOfWork (C:\Users\ryang\soyl-site\node_modules\react-dom\cjs\react-dom.development.js:26599:12)
          at workLoopSync (C:\Users\ryang\soyl-site\node_modules\react-dom\cjs\react-dom.development.js:26505:5)
          at renderRootSync (C:\Users\ryang\soyl-site\node_modules\react-dom\cjs\react-dom.development.js:26473:7)
          at performConcurrentWorkOnRoot (C:\Users\ryang\soyl-site\node_modules\react-dom\cjs\react-dom.development.js:25777:74)
          at flushActQueue (C:\Users\ryang\soyl-site\node_modules\react\cjs\react.development.js:2667:24)
          at act (C:\Users\ryang\soyl-site\node_modules\react\cjs\react.development.js:2582:11)
          at C:\Users\ryang\soyl-site\node_modules\@testing-library\react\dist\act-compat.js:47:25
          at renderRoot (C:\Users\ryang\soyl-site\node_modules\@testing-library\react\dist\pure.js:180:26)
          at render (C:\Users\ryang\soyl-site\node_modules\@testing-library\react\dist\pure.js:271:10)
          at Object.<anonymous> (C:\Users\ryang\soyl-site\src\components\__tests__\AssistantPromo.test.tsx:174:11)
          at Promise.then.completed (C:\Users\ryang\soyl-site\node_modules\jest-circus\build\utils.js:298:28)
          at new Promise (<anonymous>)
          at callAsyncCircusFn (C:\Users\ryang\soyl-site\node_modules\jest-circus\build\utils.js:231:10)
          at _callCircusTest (C:\Users\ryang\soyl-site\node_modules\jest-circus\build\run.js:316:40)
          at _runTest (C:\Users\ryang\soyl-site\node_modules\jest-circus\build\run.js:252:3)
          at _runTestsForDescribeBlock (C:\Users\ryang\soyl-site\node_modules\jest-circus\build\run.js:126:9)
          at _runTestsForDescribeBlock (C:\Users\ryang\soyl-site\node_modules\jest-circus\build\run.js:121:9)
          at run (C:\Users\ryang\soyl-site\node_modules\jest-circus\build\run.js:71:3)
          at runAndTransformResultsToJestFormat (C:\Users\ryang\soyl-site\node_modules\jest-circus\build\legacy-code-todo-rewrite\jestAdapterInit.js:122:21)
          at jestAdapter (C:\Users\ryang\soyl-site\node_modules\jest-circus\build\legacy-code-todo-rewrite\jestAdapter.js:79:19)
          at runTestInternal (C:\Users\ryang\soyl-site\node_modules\jest-runner\build\runTest.js:367:16)
          at runTest (C:\Users\ryang\soyl-site\node_modules\jest-runner\build\runTest.js:444:34),
      type: 'unhandled exception'
    }

    [0m [90m 172 |[39m     jest[33m.[39mspyOn(document[33m,[39m [32m'getElementById'[39m)[33m.[39mmockReturnValue(mockElement [36mas[39m unknown [36mas[39m [33mHTMLElement[39m)
     [90m 173 |[39m
    [31m[1m>[22m[39m[90m 174 |[39m     render([33m<[39m[33mAssistantPromo[39m [33m/[39m[33m>[39m)
     [90m     |[39m           [31m[1m^[22m[39m
     [90m 175 |[39m     [36mawait[39m waitFor(() [33m=>[39m {
     [90m 176 |[39m       expect(screen[33m.[39mgetByRole([32m'link'[39m[33m,[39m { name[33m:[39m [35m/how it works/i[39m }))[33m.[39mtoBeInTheDocument()
     [90m 177 |[39m     })[0m

      at VirtualConsole.<anonymous> (node_modules/jest-environment-jsdom/build/index.js:63:23)
      at reportException (node_modules/jsdom/lib/jsdom/living/helpers/runtime-script-errors.js:70:28)
      at innerInvokeEventListeners (node_modules/jsdom/lib/jsdom/living/events/EventTarget-impl.js:353:9)
      at invokeEventListeners (node_modules/jsdom/lib/jsdom/living/events/EventTarget-impl.js:286:3)
      at HTMLUnknownElementImpl._dispatch (node_modules/jsdom/lib/jsdom/living/events/EventTarget-impl.js:233:9)
      at HTMLUnknownElementImpl.dispatchEvent (node_modules/jsdom/lib/jsdom/living/events/EventTarget-impl.js:104:17)
      at HTMLUnknownElement.dispatchEvent (node_modules/jsdom/lib/jsdom/living/generated/EventTarget.js:241:34)
      at Object.invokeGuardedCallbackDev (node_modules/react-dom/cjs/react-dom.development.js:4213:16)
      at invokeGuardedCallback (node_modules/react-dom/cjs/react-dom.development.js:4277:31)
      at beginWork$1 (node_modules/react-dom/cjs/react-dom.development.js:27490:7)
      at performUnitOfWork (node_modules/react-dom/cjs/react-dom.development.js:26599:12)
      at workLoopSync (node_modules/react-dom/cjs/react-dom.development.js:26505:5)
      at renderRootSync (node_modules/react-dom/cjs/react-dom.development.js:26473:7)
      at performConcurrentWorkOnRoot (node_modules/react-dom/cjs/react-dom.development.js:25777:74)
      at flushActQueue (node_modules/react/cjs/react.development.js:2667:24)
      at act (node_modules/react/cjs/react.development.js:2582:11)
      at node_modules/@testing-library/react/dist/act-compat.js:47:25
      at renderRoot (node_modules/@testing-library/react/dist/pure.js:180:26)
      at render (node_modules/@testing-library/react/dist/pure.js:271:10)
      at Object.<anonymous> (src/components/__tests__/AssistantPromo.test.tsx:174:11)

  console.error
    Error: Uncaught [TypeError: Invalid base URL: ]
        at reportException (C:\Users\ryang\soyl-site\node_modules\jsdom\lib\jsdom\living\helpers\runtime-script-errors.js:66:24)
        at innerInvokeEventListeners (C:\Users\ryang\soyl-site\node_modules\jsdom\lib\jsdom\living\events\EventTarget-impl.js:353:9)
        at invokeEventListeners (C:\Users\ryang\soyl-site\node_modules\jsdom\lib\jsdom\living\events\EventTarget-impl.js:286:3)
        at HTMLUnknownElementImpl._dispatch (C:\Users\ryang\soyl-site\node_modules\jsdom\lib\jsdom\living\events\EventTarget-impl.js:233:9)
        at HTMLUnknownElementImpl.dispatchEvent (C:\Users\ryang\soyl-site\node_modules\jsdom\lib\jsdom\living\events\EventTarget-impl.js:104:17)
        at HTMLUnknownElement.dispatchEvent (C:\Users\ryang\soyl-site\node_modules\jsdom\lib\jsdom\living\generated\EventTarget.js:241:34)
        at Object.invokeGuardedCallbackDev (C:\Users\ryang\soyl-site\node_modules\react-dom\cjs\react-dom.development.js:4213:16)
        at invokeGuardedCallback (C:\Users\ryang\soyl-site\node_modules\react-dom\cjs\react-dom.development.js:4277:31)
        at beginWork$1 (C:\Users\ryang\soyl-site\node_modules\react-dom\cjs\react-dom.development.js:27490:7)
        at performUnitOfWork (C:\Users\ryang\soyl-site\node_modules\react-dom\cjs\react-dom.development.js:26599:12)
        at workLoopSync (C:\Users\ryang\soyl-site\node_modules\react-dom\cjs\react-dom.development.js:26505:5)
        at renderRootSync (C:\Users\ryang\soyl-site\node_modules\react-dom\cjs\react-dom.development.js:26473:7)
        at recoverFromConcurrentError (C:\Users\ryang\soyl-site\node_modules\react-dom\cjs\react-dom.development.js:25889:20)
        at performConcurrentWorkOnRoot (C:\Users\ryang\soyl-site\node_modules\react-dom\cjs\react-dom.development.js:25789:22)
        at flushActQueue (C:\Users\ryang\soyl-site\node_modules\react\cjs\react.development.js:2667:24)
        at act (C:\Users\ryang\soyl-site\node_modules\react\cjs\react.development.js:2582:11)
        at C:\Users\ryang\soyl-site\node_modules\@testing-library\react\dist\act-compat.js:47:25
        at renderRoot (C:\Users\ryang\soyl-site\node_modules\@testing-library\react\dist\pure.js:180:26)
        at render (C:\Users\ryang\soyl-site\node_modules\@testing-library\react\dist\pure.js:271:10)
        at Object.<anonymous> (C:\Users\ryang\soyl-site\src\components\__tests__\AssistantPromo.test.tsx:174:11)
        at Promise.then.completed (C:\Users\ryang\soyl-site\node_modules\jest-circus\build\utils.js:298:28)
        at new Promise (<anonymous>)
        at callAsyncCircusFn (C:\Users\ryang\soyl-site\node_modules\jest-circus\build\utils.js:231:10)
        at _callCircusTest (C:\Users\ryang\soyl-site\node_modules\jest-circus\build\run.js:316:40)
        at _runTest (C:\Users\ryang\soyl-site\node_modules\jest-circus\build\run.js:252:3)
        at _runTestsForDescribeBlock (C:\Users\ryang\soyl-site\node_modules\jest-circus\build\run.js:126:9)
        at _runTestsForDescribeBlock (C:\Users\ryang\soyl-site\node_modules\jest-circus\build\run.js:121:9)
        at run (C:\Users\ryang\soyl-site\node_modules\jest-circus\build\run.js:71:3)
        at runAndTransformResultsToJestFormat (C:\Users\ryang\soyl-site\node_modules\jest-circus\build\legacy-code-todo-rewrite\jestAdapterInit.js:122:21)
        at jestAdapter (C:\Users\ryang\soyl-site\node_modules\jest-circus\build\legacy-code-todo-rewrite\jestAdapter.js:79:19)
        at runTestInternal (C:\Users\ryang\soyl-site\node_modules\jest-runner\build\runTest.js:367:16)
        at runTest (C:\Users\ryang\soyl-site\node_modules\jest-runner\build\runTest.js:444:34) {
      detail: TypeError: Invalid base URL: 
          at new URLImpl (C:\Users\ryang\soyl-site\node_modules\whatwg-url\lib\URL-impl.js:15:15)
          at Object.exports.setup (C:\Users\ryang\soyl-site\node_modules\whatwg-url\lib\URL.js:54:12)
          at new URL (C:\Users\ryang\soyl-site\node_modules\whatwg-url\lib\URL.js:115:22)
          at getImgProps (C:\Users\ryang\soyl-site\node_modules\next\src\shared\lib\get-img-props.ts:666:19)
          at C:\Users\ryang\soyl-site\node_modules\next\src\client\image-component.tsx:398:20
          at renderWithHooks (C:\Users\ryang\soyl-site\node_modules\react-dom\cjs\react-dom.development.js:15486:18)
          at updateForwardRef (C:\Users\ryang\soyl-site\node_modules\react-dom\cjs\react-dom.development.js:19245:20)
          at beginWork (C:\Users\ryang\soyl-site\node_modules\react-dom\cjs\react-dom.development.js:21675:16)
          at HTMLUnknownElement.callCallback (C:\Users\ryang\soyl-site\node_modules\react-dom\cjs\react-dom.development.js:4164:14)
          at HTMLUnknownElement.callTheUserObjectsOperation (C:\Users\ryang\soyl-site\node_modules\jsdom\lib\jsdom\living\generated\EventListener.js:26:30)
          at innerInvokeEventListeners (C:\Users\ryang\soyl-site\node_modules\jsdom\lib\jsdom\living\events\EventTarget-impl.js:350:25)
          at invokeEventListeners (C:\Users\ryang\soyl-site\node_modules\jsdom\lib\jsdom\living\events\EventTarget-impl.js:286:3)
          at HTMLUnknownElementImpl._dispatch (C:\Users\ryang\soyl-site\node_modules\jsdom\lib\jsdom\living\events\EventTarget-impl.js:233:9)
          at HTMLUnknownElementImpl.dispatchEvent (C:\Users\ryang\soyl-site\node_modules\jsdom\lib\jsdom\living\events\EventTarget-impl.js:104:17)
          at HTMLUnknownElement.dispatchEvent (C:\Users\ryang\soyl-site\node_modules\jsdom\lib\jsdom\living\generated\EventTarget.js:241:34)
          at Object.invokeGuardedCallbackDev (C:\Users\ryang\soyl-site\node_modules\react-dom\cjs\react-dom.development.js:4213:16)
          at invokeGuardedCallback (C:\Users\ryang\soyl-site\node_modules\react-dom\cjs\react-dom.development.js:4277:31)
          at beginWork$1 (C:\Users\ryang\soyl-site\node_modules\react-dom\cjs\react-dom.development.js:27490:7)
          at performUnitOfWork (C:\Users\ryang\soyl-site\node_modules\react-dom\cjs\react-dom.development.js:26599:12)
          at workLoopSync (C:\Users\ryang\soyl-site\node_modules\react-dom\cjs\react-dom.development.js:26505:5)
          at renderRootSync (C:\Users\ryang\soyl-site\node_modules\react-dom\cjs\react-dom.development.js:26473:7)
          at recoverFromConcurrentError (C:\Users\ryang\soyl-site\node_modules\react-dom\cjs\react-dom.development.js:25889:20)
          at performConcurrentWorkOnRoot (C:\Users\ryang\soyl-site\node_modules\react-dom\cjs\react-dom.development.js:25789:22)
          at flushActQueue (C:\Users\ryang\soyl-site\node_modules\react\cjs\react.development.js:2667:24)
          at act (C:\Users\ryang\soyl-site\node_modules\react\cjs\react.development.js:2582:11)
          at C:\Users\ryang\soyl-site\node_modules\@testing-library\react\dist\act-compat.js:47:25
          at renderRoot (C:\Users\ryang\soyl-site\node_modules\@testing-library\react\dist\pure.js:180:26)
          at render (C:\Users\ryang\soyl-site\node_modules\@testing-library\react\dist\pure.js:271:10)
          at Object.<anonymous> (C:\Users\ryang\soyl-site\src\components\__tests__\AssistantPromo.test.tsx:174:11)
          at Promise.then.completed (C:\Users\ryang\soyl-site\node_modules\jest-circus\build\utils.js:298:28)
          at new Promise (<anonymous>)
          at callAsyncCircusFn (C:\Users\ryang\soyl-site\node_modules\jest-circus\build\utils.js:231:10)
          at _callCircusTest (C:\Users\ryang\soyl-site\node_modules\jest-circus\build\run.js:316:40)
          at _runTest (C:\Users\ryang\soyl-site\node_modules\jest-circus\build\run.js:252:3)
          at _runTestsForDescribeBlock (C:\Users\ryang\soyl-site\node_modules\jest-circus\build\run.js:126:9)
          at _runTestsForDescribeBlock (C:\Users\ryang\soyl-site\node_modules\jest-circus\build\run.js:121:9)
          at run (C:\Users\ryang\soyl-site\node_modules\jest-circus\build\run.js:71:3)
          at runAndTransformResultsToJestFormat (C:\Users\ryang\soyl-site\node_modules\jest-circus\build\legacy-code-todo-rewrite\jestAdapterInit.js:122:21)
          at jestAdapter (C:\Users\ryang\soyl-site\node_modules\jest-circus\build\legacy-code-todo-rewrite\jestAdapter.js:79:19)
          at runTestInternal (C:\Users\ryang\soyl-site\node_modules\jest-runner\build\runTest.js:367:16)
          at runTest (C:\Users\ryang\soyl-site\node_modules\jest-runner\build\runTest.js:444:34),
      type: 'unhandled exception'
    }

    [0m [90m 172 |[39m     jest[33m.[39mspyOn(document[33m,[39m [32m'getElementById'[39m)[33m.[39mmockReturnValue(mockElement [36mas[39m unknown [36mas[39m [33mHTMLElement[39m)
     [90m 173 |[39m
    [31m[1m>[22m[39m[90m 174 |[39m     render([33m<[39m[33mAssistantPromo[39m [33m/[39m[33m>[39m)
     [90m     |[39m           [31m[1m^[22m[39m
     [90m 175 |[39m     [36mawait[39m waitFor(() [33m=>[39m {
     [90m 176 |[39m       expect(screen[33m.[39mgetByRole([32m'link'[39m[33m,[39m { name[33m:[39m [35m/how it works/i[39m }))[33m.[39mtoBeInTheDocument()
     [90m 177 |[39m     })[0m

      at VirtualConsole.<anonymous> (node_modules/jest-environment-jsdom/build/index.js:63:23)
      at reportException (node_modules/jsdom/lib/jsdom/living/helpers/runtime-script-errors.js:70:28)
      at innerInvokeEventListeners (node_modules/jsdom/lib/jsdom/living/events/EventTarget-impl.js:353:9)
      at invokeEventListeners (node_modules/jsdom/lib/jsdom/living/events/EventTarget-impl.js:286:3)
      at HTMLUnknownElementImpl._dispatch (node_modules/jsdom/lib/jsdom/living/events/EventTarget-impl.js:233:9)
      at HTMLUnknownElementImpl.dispatchEvent (node_modules/jsdom/lib/jsdom/living/events/EventTarget-impl.js:104:17)
      at HTMLUnknownElement.dispatchEvent (node_modules/jsdom/lib/jsdom/living/generated/EventTarget.js:241:34)
      at Object.invokeGuardedCallbackDev (node_modules/react-dom/cjs/react-dom.development.js:4213:16)
      at invokeGuardedCallback (node_modules/react-dom/cjs/react-dom.development.js:4277:31)
      at beginWork$1 (node_modules/react-dom/cjs/react-dom.development.js:27490:7)
      at performUnitOfWork (node_modules/react-dom/cjs/react-dom.development.js:26599:12)
      at workLoopSync (node_modules/react-dom/cjs/react-dom.development.js:26505:5)
      at renderRootSync (node_modules/react-dom/cjs/react-dom.development.js:26473:7)
      at recoverFromConcurrentError (node_modules/react-dom/cjs/react-dom.development.js:25889:20)
      at performConcurrentWorkOnRoot (node_modules/react-dom/cjs/react-dom.development.js:25789:22)
      at flushActQueue (node_modules/react/cjs/react.development.js:2667:24)
      at act (node_modules/react/cjs/react.development.js:2582:11)
      at node_modules/@testing-library/react/dist/act-compat.js:47:25
      at renderRoot (node_modules/@testing-library/react/dist/pure.js:180:26)
      at render (node_modules/@testing-library/react/dist/pure.js:271:10)
      at Object.<anonymous> (src/components/__tests__/AssistantPromo.test.tsx:174:11)

  console.error
    The above error occurred in the <ForwardRef> component:
    
        at C:\Users\ryang\soyl-site\node_modules\next\src\client\image-component.tsx:369:5
        at div
        at div
        at children (C:\Users\ryang\soyl-site\src\components\__tests__\AssistantPromo.test.tsx:19:7)
        at div
        at div
        at section
        at AssistantPromo (C:\Users\ryang\soyl-site\src\components\AssistantPromo.tsx:9:41)
    
    Consider adding an error boundary to your tree to customize error handling behavior.
    Visit https://reactjs.org/link/error-boundaries to learn more about error boundaries.

    [0m [90m 172 |[39m     jest[33m.[39mspyOn(document[33m,[39m [32m'getElementById'[39m)[33m.[39mmockReturnValue(mockElement [36mas[39m unknown [36mas[39m [33mHTMLElement[39m)
     [90m 173 |[39m
    [31m[1m>[22m[39m[90m 174 |[39m     render([33m<[39m[33mAssistantPromo[39m [33m/[39m[33m>[39m)
     [90m     |[39m           [31m[1m^[22m[39m
     [90m 175 |[39m     [36mawait[39m waitFor(() [33m=>[39m {
     [90m 176 |[39m       expect(screen[33m.[39mgetByRole([32m'link'[39m[33m,[39m { name[33m:[39m [35m/how it works/i[39m }))[33m.[39mtoBeInTheDocument()
     [90m 177 |[39m     })[0m

      at logCapturedError (node_modules/react-dom/cjs/react-dom.development.js:18704:23)
      at update.callback (node_modules/react-dom/cjs/react-dom.development.js:18737:5)
      at callCallback (node_modules/react-dom/cjs/react-dom.development.js:15036:12)
      at commitUpdateQueue (node_modules/react-dom/cjs/react-dom.development.js:15057:9)
      at commitLayoutEffectOnFiber (node_modules/react-dom/cjs/react-dom.development.js:23430:13)
      at commitLayoutMountEffects_complete (node_modules/react-dom/cjs/react-dom.development.js:24727:9)
      at commitLayoutEffects_begin (node_modules/react-dom/cjs/react-dom.development.js:24713:7)
      at commitLayoutEffects (node_modules/react-dom/cjs/react-dom.development.js:24651:3)
      at commitRootImpl (node_modules/react-dom/cjs/react-dom.development.js:26862:5)
      at commitRoot (node_modules/react-dom/cjs/react-dom.development.js:26721:5)
      at finishConcurrentRender (node_modules/react-dom/cjs/react-dom.development.js:25931:9)
      at performConcurrentWorkOnRoot (node_modules/react-dom/cjs/react-dom.development.js:25848:7)
      at flushActQueue (node_modules/react/cjs/react.development.js:2667:24)
      at act (node_modules/react/cjs/react.development.js:2582:11)
      at node_modules/@testing-library/react/dist/act-compat.js:47:25
      at renderRoot (node_modules/@testing-library/react/dist/pure.js:180:26)
      at render (node_modules/@testing-library/react/dist/pure.js:271:10)
      at Object.<anonymous> (src/components/__tests__/AssistantPromo.test.tsx:174:11)

  console.error
    Error: Uncaught [TypeError: Invalid base URL: ]
        at reportException (C:\Users\ryang\soyl-site\node_modules\jsdom\lib\jsdom\living\helpers\runtime-script-errors.js:66:24)
        at innerInvokeEventListeners (C:\Users\ryang\soyl-site\node_modules\jsdom\lib\jsdom\living\events\EventTarget-impl.js:353:9)
        at invokeEventListeners (C:\Users\ryang\soyl-site\node_modules\jsdom\lib\jsdom\living\events\EventTarget-impl.js:286:3)
        at HTMLUnknownElementImpl._dispatch (C:\Users\ryang\soyl-site\node_modules\jsdom\lib\jsdom\living\events\EventTarget-impl.js:233:9)
        at HTMLUnknownElementImpl.dispatchEvent (C:\Users\ryang\soyl-site\node_modules\jsdom\lib\jsdom\living\events\EventTarget-impl.js:104:17)
        at HTMLUnknownElement.dispatchEvent (C:\Users\ryang\soyl-site\node_modules\jsdom\lib\jsdom\living\generated\EventTarget.js:241:34)
        at Object.invokeGuardedCallbackDev (C:\Users\ryang\soyl-site\node_modules\react-dom\cjs\react-dom.development.js:4213:16)
        at invokeGuardedCallback (C:\Users\ryang\soyl-site\node_modules\react-dom\cjs\react-dom.development.js:4277:31)
        at beginWork$1 (C:\Users\ryang\soyl-site\node_modules\react-dom\cjs\react-dom.development.js:27490:7)
        at performUnitOfWork (C:\Users\ryang\soyl-site\node_modules\react-dom\cjs\react-dom.development.js:26599:12)
        at workLoopSync (C:\Users\ryang\soyl-site\node_modules\react-dom\cjs\react-dom.development.js:26505:5)
        at renderRootSync (C:\Users\ryang\soyl-site\node_modules\react-dom\cjs\react-dom.development.js:26473:7)
        at performConcurrentWorkOnRoot (C:\Users\ryang\soyl-site\node_modules\react-dom\cjs\react-dom.development.js:25777:74)
        at flushActQueue (C:\Users\ryang\soyl-site\node_modules\react\cjs\react.development.js:2667:24)
        at act (C:\Users\ryang\soyl-site\node_modules\react\cjs\react.development.js:2582:11)
        at C:\Users\ryang\soyl-site\node_modules\@testing-library\react\dist\act-compat.js:47:25
        at renderRoot (C:\Users\ryang\soyl-site\node_modules\@testing-library\react\dist\pure.js:180:26)
        at render (C:\Users\ryang\soyl-site\node_modules\@testing-library\react\dist\pure.js:271:10)
        at Object.<anonymous> (C:\Users\ryang\soyl-site\src\components\__tests__\AssistantPromo.test.tsx:207:11)
        at Promise.then.completed (C:\Users\ryang\soyl-site\node_modules\jest-circus\build\utils.js:298:28)
        at new Promise (<anonymous>)
        at callAsyncCircusFn (C:\Users\ryang\soyl-site\node_modules\jest-circus\build\utils.js:231:10)
        at _callCircusTest (C:\Users\ryang\soyl-site\node_modules\jest-circus\build\run.js:316:40)
        at _runTest (C:\Users\ryang\soyl-site\node_modules\jest-circus\build\run.js:252:3)
        at _runTestsForDescribeBlock (C:\Users\ryang\soyl-site\node_modules\jest-circus\build\run.js:126:9)
        at _runTestsForDescribeBlock (C:\Users\ryang\soyl-site\node_modules\jest-circus\build\run.js:121:9)
        at run (C:\Users\ryang\soyl-site\node_modules\jest-circus\build\run.js:71:3)
        at runAndTransformResultsToJestFormat (C:\Users\ryang\soyl-site\node_modules\jest-circus\build\legacy-code-todo-rewrite\jestAdapterInit.js:122:21)
        at jestAdapter (C:\Users\ryang\soyl-site\node_modules\jest-circus\build\legacy-code-todo-rewrite\jestAdapter.js:79:19)
        at runTestInternal (C:\Users\ryang\soyl-site\node_modules\jest-runner\build\runTest.js:367:16)
        at runTest (C:\Users\ryang\soyl-site\node_modules\jest-runner\build\runTest.js:444:34) {
      detail: TypeError: Invalid base URL: 
          at new URLImpl (C:\Users\ryang\soyl-site\node_modules\whatwg-url\lib\URL-impl.js:15:15)
          at Object.exports.setup (C:\Users\ryang\soyl-site\node_modules\whatwg-url\lib\URL.js:54:12)
          at new URL (C:\Users\ryang\soyl-site\node_modules\whatwg-url\lib\URL.js:115:22)
          at getImgProps (C:\Users\ryang\soyl-site\node_modules\next\src\shared\lib\get-img-props.ts:666:19)
          at C:\Users\ryang\soyl-site\node_modules\next\src\client\image-component.tsx:398:20
          at renderWithHooks (C:\Users\ryang\soyl-site\node_modules\react-dom\cjs\react-dom.development.js:15486:18)
          at updateForwardRef (C:\Users\ryang\soyl-site\node_modules\react-dom\cjs\react-dom.development.js:19245:20)
          at beginWork (C:\Users\ryang\soyl-site\node_modules\react-dom\cjs\react-dom.development.js:21675:16)
          at HTMLUnknownElement.callCallback (C:\Users\ryang\soyl-site\node_modules\react-dom\cjs\react-dom.development.js:4164:14)
          at HTMLUnknownElement.callTheUserObjectsOperation (C:\Users\ryang\soyl-site\node_modules\jsdom\lib\jsdom\living\generated\EventListener.js:26:30)
          at innerInvokeEventListeners (C:\Users\ryang\soyl-site\node_modules\jsdom\lib\jsdom\living\events\EventTarget-impl.js:350:25)
          at invokeEventListeners (C:\Users\ryang\soyl-site\node_modules\jsdom\lib\jsdom\living\events\EventTarget-impl.js:286:3)
          at HTMLUnknownElementImpl._dispatch (C:\Users\ryang\soyl-site\node_modules\jsdom\lib\jsdom\living\events\EventTarget-impl.js:233:9)
          at HTMLUnknownElementImpl.dispatchEvent (C:\Users\ryang\soyl-site\node_modules\jsdom\lib\jsdom\living\events\EventTarget-impl.js:104:17)
          at HTMLUnknownElement.dispatchEvent (C:\Users\ryang\soyl-site\node_modules\jsdom\lib\jsdom\living\generated\EventTarget.js:241:34)
          at Object.invokeGuardedCallbackDev (C:\Users\ryang\soyl-site\node_modules\react-dom\cjs\react-dom.development.js:4213:16)
          at invokeGuardedCallback (C:\Users\ryang\soyl-site\node_modules\react-dom\cjs\react-dom.development.js:4277:31)
          at beginWork$1 (C:\Users\ryang\soyl-site\node_modules\react-dom\cjs\react-dom.development.js:27490:7)
          at performUnitOfWork (C:\Users\ryang\soyl-site\node_modules\react-dom\cjs\react-dom.development.js:26599:12)
          at workLoopSync (C:\Users\ryang\soyl-site\node_modules\react-dom\cjs\react-dom.development.js:26505:5)
          at renderRootSync (C:\Users\ryang\soyl-site\node_modules\react-dom\cjs\react-dom.development.js:26473:7)
          at performConcurrentWorkOnRoot (C:\Users\ryang\soyl-site\node_modules\react-dom\cjs\react-dom.development.js:25777:74)
          at flushActQueue (C:\Users\ryang\soyl-site\node_modules\react\cjs\react.development.js:2667:24)
          at act (C:\Users\ryang\soyl-site\node_modules\react\cjs\react.development.js:2582:11)
          at C:\Users\ryang\soyl-site\node_modules\@testing-library\react\dist\act-compat.js:47:25
          at renderRoot (C:\Users\ryang\soyl-site\node_modules\@testing-library\react\dist\pure.js:180:26)
          at render (C:\Users\ryang\soyl-site\node_modules\@testing-library\react\dist\pure.js:271:10)
          at Object.<anonymous> (C:\Users\ryang\soyl-site\src\components\__tests__\AssistantPromo.test.tsx:207:11)
          at Promise.then.completed (C:\Users\ryang\soyl-site\node_modules\jest-circus\build\utils.js:298:28)
          at new Promise (<anonymous>)
          at callAsyncCircusFn (C:\Users\ryang\soyl-site\node_modules\jest-circus\build\utils.js:231:10)
          at _callCircusTest (C:\Users\ryang\soyl-site\node_modules\jest-circus\build\run.js:316:40)
          at _runTest (C:\Users\ryang\soyl-site\node_modules\jest-circus\build\run.js:252:3)
          at _runTestsForDescribeBlock (C:\Users\ryang\soyl-site\node_modules\jest-circus\build\run.js:126:9)
          at _runTestsForDescribeBlock (C:\Users\ryang\soyl-site\node_modules\jest-circus\build\run.js:121:9)
          at run (C:\Users\ryang\soyl-site\node_modules\jest-circus\build\run.js:71:3)
          at runAndTransformResultsToJestFormat (C:\Users\ryang\soyl-site\node_modules\jest-circus\build\legacy-code-todo-rewrite\jestAdapterInit.js:122:21)
          at jestAdapter (C:\Users\ryang\soyl-site\node_modules\jest-circus\build\legacy-code-todo-rewrite\jestAdapter.js:79:19)
          at runTestInternal (C:\Users\ryang\soyl-site\node_modules\jest-runner\build\runTest.js:367:16)
          at runTest (C:\Users\ryang\soyl-site\node_modules\jest-runner\build\runTest.js:444:34),
      type: 'unhandled exception'
    }

    [0m [90m 205 |[39m     jest[33m.[39mspyOn(document[33m,[39m [32m'getElementById'[39m)[33m.[39mmockReturnValue(mockElement [36mas[39m unknown [36mas[39m [33mHTMLElement[39m)
     [90m 206 |[39m
    [31m[1m>[22m[39m[90m 207 |[39m     render([33m<[39m[33mAssistantPromo[39m [33m/[39m[33m>[39m)
     [90m     |[39m           [31m[1m^[22m[39m
     [90m 208 |[39m     [36mawait[39m waitFor(() [33m=>[39m {
     [90m 209 |[39m       expect(screen[33m.[39mgetByRole([32m'link'[39m[33m,[39m { name[33m:[39m [35m/how it works/i[39m }))[33m.[39mtoBeInTheDocument()
     [90m 210 |[39m     })[0m

      at VirtualConsole.<anonymous> (node_modules/jest-environment-jsdom/build/index.js:63:23)
      at reportException (node_modules/jsdom/lib/jsdom/living/helpers/runtime-script-errors.js:70:28)
      at innerInvokeEventListeners (node_modules/jsdom/lib/jsdom/living/events/EventTarget-impl.js:353:9)
      at invokeEventListeners (node_modules/jsdom/lib/jsdom/living/events/EventTarget-impl.js:286:3)
      at HTMLUnknownElementImpl._dispatch (node_modules/jsdom/lib/jsdom/living/events/EventTarget-impl.js:233:9)
      at HTMLUnknownElementImpl.dispatchEvent (node_modules/jsdom/lib/jsdom/living/events/EventTarget-impl.js:104:17)
      at HTMLUnknownElement.dispatchEvent (node_modules/jsdom/lib/jsdom/living/generated/EventTarget.js:241:34)
      at Object.invokeGuardedCallbackDev (node_modules/react-dom/cjs/react-dom.development.js:4213:16)
      at invokeGuardedCallback (node_modules/react-dom/cjs/react-dom.development.js:4277:31)
      at beginWork$1 (node_modules/react-dom/cjs/react-dom.development.js:27490:7)
      at performUnitOfWork (node_modules/react-dom/cjs/react-dom.development.js:26599:12)
      at workLoopSync (node_modules/react-dom/cjs/react-dom.development.js:26505:5)
      at renderRootSync (node_modules/react-dom/cjs/react-dom.development.js:26473:7)
      at performConcurrentWorkOnRoot (node_modules/react-dom/cjs/react-dom.development.js:25777:74)
      at flushActQueue (node_modules/react/cjs/react.development.js:2667:24)
      at act (node_modules/react/cjs/react.development.js:2582:11)
      at node_modules/@testing-library/react/dist/act-compat.js:47:25
      at renderRoot (node_modules/@testing-library/react/dist/pure.js:180:26)
      at render (node_modules/@testing-library/react/dist/pure.js:271:10)
      at Object.<anonymous> (src/components/__tests__/AssistantPromo.test.tsx:207:11)

  console.error
    Error: Uncaught [TypeError: Invalid base URL: ]
        at reportException (C:\Users\ryang\soyl-site\node_modules\jsdom\lib\jsdom\living\helpers\runtime-script-errors.js:66:24)
        at innerInvokeEventListeners (C:\Users\ryang\soyl-site\node_modules\jsdom\lib\jsdom\living\events\EventTarget-impl.js:353:9)
        at invokeEventListeners (C:\Users\ryang\soyl-site\node_modules\jsdom\lib\jsdom\living\events\EventTarget-impl.js:286:3)
        at HTMLUnknownElementImpl._dispatch (C:\Users\ryang\soyl-site\node_modules\jsdom\lib\jsdom\living\events\EventTarget-impl.js:233:9)
        at HTMLUnknownElementImpl.dispatchEvent (C:\Users\ryang\soyl-site\node_modules\jsdom\lib\jsdom\living\events\EventTarget-impl.js:104:17)
        at HTMLUnknownElement.dispatchEvent (C:\Users\ryang\soyl-site\node_modules\jsdom\lib\jsdom\living\generated\EventTarget.js:241:34)
        at Object.invokeGuardedCallbackDev (C:\Users\ryang\soyl-site\node_modules\react-dom\cjs\react-dom.development.js:4213:16)
        at invokeGuardedCallback (C:\Users\ryang\soyl-site\node_modules\react-dom\cjs\react-dom.development.js:4277:31)
        at beginWork$1 (C:\Users\ryang\soyl-site\node_modules\react-dom\cjs\react-dom.development.js:27490:7)
        at performUnitOfWork (C:\Users\ryang\soyl-site\node_modules\react-dom\cjs\react-dom.development.js:26599:12)
        at workLoopSync (C:\Users\ryang\soyl-site\node_modules\react-dom\cjs\react-dom.development.js:26505:5)
        at renderRootSync (C:\Users\ryang\soyl-site\node_modules\react-dom\cjs\react-dom.development.js:26473:7)
        at recoverFromConcurrentError (C:\Users\ryang\soyl-site\node_modules\react-dom\cjs\react-dom.development.js:25889:20)
        at performConcurrentWorkOnRoot (C:\Users\ryang\soyl-site\node_modules\react-dom\cjs\react-dom.development.js:25789:22)
        at flushActQueue (C:\Users\ryang\soyl-site\node_modules\react\cjs\react.development.js:2667:24)
        at act (C:\Users\ryang\soyl-site\node_modules\react\cjs\react.development.js:2582:11)
        at C:\Users\ryang\soyl-site\node_modules\@testing-library\react\dist\act-compat.js:47:25
        at renderRoot (C:\Users\ryang\soyl-site\node_modules\@testing-library\react\dist\pure.js:180:26)
        at render (C:\Users\ryang\soyl-site\node_modules\@testing-library\react\dist\pure.js:271:10)
        at Object.<anonymous> (C:\Users\ryang\soyl-site\src\components\__tests__\AssistantPromo.test.tsx:207:11)
        at Promise.then.completed (C:\Users\ryang\soyl-site\node_modules\jest-circus\build\utils.js:298:28)
        at new Promise (<anonymous>)
        at callAsyncCircusFn (C:\Users\ryang\soyl-site\node_modules\jest-circus\build\utils.js:231:10)
        at _callCircusTest (C:\Users\ryang\soyl-site\node_modules\jest-circus\build\run.js:316:40)
        at _runTest (C:\Users\ryang\soyl-site\node_modules\jest-circus\build\run.js:252:3)
        at _runTestsForDescribeBlock (C:\Users\ryang\soyl-site\node_modules\jest-circus\build\run.js:126:9)
        at _runTestsForDescribeBlock (C:\Users\ryang\soyl-site\node_modules\jest-circus\build\run.js:121:9)
        at run (C:\Users\ryang\soyl-site\node_modules\jest-circus\build\run.js:71:3)
        at runAndTransformResultsToJestFormat (C:\Users\ryang\soyl-site\node_modules\jest-circus\build\legacy-code-todo-rewrite\jestAdapterInit.js:122:21)
        at jestAdapter (C:\Users\ryang\soyl-site\node_modules\jest-circus\build\legacy-code-todo-rewrite\jestAdapter.js:79:19)
        at runTestInternal (C:\Users\ryang\soyl-site\node_modules\jest-runner\build\runTest.js:367:16)
        at runTest (C:\Users\ryang\soyl-site\node_modules\jest-runner\build\runTest.js:444:34) {
      detail: TypeError: Invalid base URL: 
          at new URLImpl (C:\Users\ryang\soyl-site\node_modules\whatwg-url\lib\URL-impl.js:15:15)
          at Object.exports.setup (C:\Users\ryang\soyl-site\node_modules\whatwg-url\lib\URL.js:54:12)
          at new URL (C:\Users\ryang\soyl-site\node_modules\whatwg-url\lib\URL.js:115:22)
          at getImgProps (C:\Users\ryang\soyl-site\node_modules\next\src\shared\lib\get-img-props.ts:666:19)
          at C:\Users\ryang\soyl-site\node_modules\next\src\client\image-component.tsx:398:20
          at renderWithHooks (C:\Users\ryang\soyl-site\node_modules\react-dom\cjs\react-dom.development.js:15486:18)
          at updateForwardRef (C:\Users\ryang\soyl-site\node_modules\react-dom\cjs\react-dom.development.js:19245:20)
          at beginWork (C:\Users\ryang\soyl-site\node_modules\react-dom\cjs\react-dom.development.js:21675:16)
          at HTMLUnknownElement.callCallback (C:\Users\ryang\soyl-site\node_modules\react-dom\cjs\react-dom.development.js:4164:14)
          at HTMLUnknownElement.callTheUserObjectsOperation (C:\Users\ryang\soyl-site\node_modules\jsdom\lib\jsdom\living\generated\EventListener.js:26:30)
          at innerInvokeEventListeners (C:\Users\ryang\soyl-site\node_modules\jsdom\lib\jsdom\living\events\EventTarget-impl.js:350:25)
          at invokeEventListeners (C:\Users\ryang\soyl-site\node_modules\jsdom\lib\jsdom\living\events\EventTarget-impl.js:286:3)
          at HTMLUnknownElementImpl._dispatch (C:\Users\ryang\soyl-site\node_modules\jsdom\lib\jsdom\living\events\EventTarget-impl.js:233:9)
          at HTMLUnknownElementImpl.dispatchEvent (C:\Users\ryang\soyl-site\node_modules\jsdom\lib\jsdom\living\events\EventTarget-impl.js:104:17)
          at HTMLUnknownElement.dispatchEvent (C:\Users\ryang\soyl-site\node_modules\jsdom\lib\jsdom\living\generated\EventTarget.js:241:34)
          at Object.invokeGuardedCallbackDev (C:\Users\ryang\soyl-site\node_modules\react-dom\cjs\react-dom.development.js:4213:16)
          at invokeGuardedCallback (C:\Users\ryang\soyl-site\node_modules\react-dom\cjs\react-dom.development.js:4277:31)
          at beginWork$1 (C:\Users\ryang\soyl-site\node_modules\react-dom\cjs\react-dom.development.js:27490:7)
          at performUnitOfWork (C:\Users\ryang\soyl-site\node_modules\react-dom\cjs\react-dom.development.js:26599:12)
          at workLoopSync (C:\Users\ryang\soyl-site\node_modules\react-dom\cjs\react-dom.development.js:26505:5)
          at renderRootSync (C:\Users\ryang\soyl-site\node_modules\react-dom\cjs\react-dom.development.js:26473:7)
          at recoverFromConcurrentError (C:\Users\ryang\soyl-site\node_modules\react-dom\cjs\react-dom.development.js:25889:20)
          at performConcurrentWorkOnRoot (C:\Users\ryang\soyl-site\node_modules\react-dom\cjs\react-dom.development.js:25789:22)
          at flushActQueue (C:\Users\ryang\soyl-site\node_modules\react\cjs\react.development.js:2667:24)
          at act (C:\Users\ryang\soyl-site\node_modules\react\cjs\react.development.js:2582:11)
          at C:\Users\ryang\soyl-site\node_modules\@testing-library\react\dist\act-compat.js:47:25
          at renderRoot (C:\Users\ryang\soyl-site\node_modules\@testing-library\react\dist\pure.js:180:26)
          at render (C:\Users\ryang\soyl-site\node_modules\@testing-library\react\dist\pure.js:271:10)
          at Object.<anonymous> (C:\Users\ryang\soyl-site\src\components\__tests__\AssistantPromo.test.tsx:207:11)
          at Promise.then.completed (C:\Users\ryang\soyl-site\node_modules\jest-circus\build\utils.js:298:28)
          at new Promise (<anonymous>)
          at callAsyncCircusFn (C:\Users\ryang\soyl-site\node_modules\jest-circus\build\utils.js:231:10)
          at _callCircusTest (C:\Users\ryang\soyl-site\node_modules\jest-circus\build\run.js:316:40)
          at _runTest (C:\Users\ryang\soyl-site\node_modules\jest-circus\build\run.js:252:3)
          at _runTestsForDescribeBlock (C:\Users\ryang\soyl-site\node_modules\jest-circus\build\run.js:126:9)
          at _runTestsForDescribeBlock (C:\Users\ryang\soyl-site\node_modules\jest-circus\build\run.js:121:9)
          at run (C:\Users\ryang\soyl-site\node_modules\jest-circus\build\run.js:71:3)
          at runAndTransformResultsToJestFormat (C:\Users\ryang\soyl-site\node_modules\jest-circus\build\legacy-code-todo-rewrite\jestAdapterInit.js:122:21)
          at jestAdapter (C:\Users\ryang\soyl-site\node_modules\jest-circus\build\legacy-code-todo-rewrite\jestAdapter.js:79:19)
          at runTestInternal (C:\Users\ryang\soyl-site\node_modules\jest-runner\build\runTest.js:367:16)
          at runTest (C:\Users\ryang\soyl-site\node_modules\jest-runner\build\runTest.js:444:34),
      type: 'unhandled exception'
    }

    [0m [90m 205 |[39m     jest[33m.[39mspyOn(document[33m,[39m [32m'getElementById'[39m)[33m.[39mmockReturnValue(mockElement [36mas[39m unknown [36mas[39m [33mHTMLElement[39m)
     [90m 206 |[39m
    [31m[1m>[22m[39m[90m 207 |[39m     render([33m<[39m[33mAssistantPromo[39m [33m/[39m[33m>[39m)
     [90m     |[39m           [31m[1m^[22m[39m
     [90m 208 |[39m     [36mawait[39m waitFor(() [33m=>[39m {
     [90m 209 |[39m       expect(screen[33m.[39mgetByRole([32m'link'[39m[33m,[39m { name[33m:[39m [35m/how it works/i[39m }))[33m.[39mtoBeInTheDocument()
     [90m 210 |[39m     })[0m

      at VirtualConsole.<anonymous> (node_modules/jest-environment-jsdom/build/index.js:63:23)
      at reportException (node_modules/jsdom/lib/jsdom/living/helpers/runtime-script-errors.js:70:28)
      at innerInvokeEventListeners (node_modules/jsdom/lib/jsdom/living/events/EventTarget-impl.js:353:9)
      at invokeEventListeners (node_modules/jsdom/lib/jsdom/living/events/EventTarget-impl.js:286:3)
      at HTMLUnknownElementImpl._dispatch (node_modules/jsdom/lib/jsdom/living/events/EventTarget-impl.js:233:9)
      at HTMLUnknownElementImpl.dispatchEvent (node_modules/jsdom/lib/jsdom/living/events/EventTarget-impl.js:104:17)
      at HTMLUnknownElement.dispatchEvent (node_modules/jsdom/lib/jsdom/living/generated/EventTarget.js:241:34)
      at Object.invokeGuardedCallbackDev (node_modules/react-dom/cjs/react-dom.development.js:4213:16)
      at invokeGuardedCallback (node_modules/react-dom/cjs/react-dom.development.js:4277:31)
      at beginWork$1 (node_modules/react-dom/cjs/react-dom.development.js:27490:7)
      at performUnitOfWork (node_modules/react-dom/cjs/react-dom.development.js:26599:12)
      at workLoopSync (node_modules/react-dom/cjs/react-dom.development.js:26505:5)
      at renderRootSync (node_modules/react-dom/cjs/react-dom.development.js:26473:7)
      at recoverFromConcurrentError (node_modules/react-dom/cjs/react-dom.development.js:25889:20)
      at performConcurrentWorkOnRoot (node_modules/react-dom/cjs/react-dom.development.js:25789:22)
      at flushActQueue (node_modules/react/cjs/react.development.js:2667:24)
      at act (node_modules/react/cjs/react.development.js:2582:11)
      at node_modules/@testing-library/react/dist/act-compat.js:47:25
      at renderRoot (node_modules/@testing-library/react/dist/pure.js:180:26)
      at render (node_modules/@testing-library/react/dist/pure.js:271:10)
      at Object.<anonymous> (src/components/__tests__/AssistantPromo.test.tsx:207:11)

  console.error
    The above error occurred in the <ForwardRef> component:
    
        at C:\Users\ryang\soyl-site\node_modules\next\src\client\image-component.tsx:369:5
        at div
        at div
        at children (C:\Users\ryang\soyl-site\src\components\__tests__\AssistantPromo.test.tsx:19:7)
        at div
        at div
        at section
        at AssistantPromo (C:\Users\ryang\soyl-site\src\components\AssistantPromo.tsx:9:41)
    
    Consider adding an error boundary to your tree to customize error handling behavior.
    Visit https://reactjs.org/link/error-boundaries to learn more about error boundaries.

    [0m [90m 205 |[39m     jest[33m.[39mspyOn(document[33m,[39m [32m'getElementById'[39m)[33m.[39mmockReturnValue(mockElement [36mas[39m unknown [36mas[39m [33mHTMLElement[39m)
     [90m 206 |[39m
    [31m[1m>[22m[39m[90m 207 |[39m     render([33m<[39m[33mAssistantPromo[39m [33m/[39m[33m>[39m)
     [90m     |[39m           [31m[1m^[22m[39m
     [90m 208 |[39m     [36mawait[39m waitFor(() [33m=>[39m {
     [90m 209 |[39m       expect(screen[33m.[39mgetByRole([32m'link'[39m[33m,[39m { name[33m:[39m [35m/how it works/i[39m }))[33m.[39mtoBeInTheDocument()
     [90m 210 |[39m     })[0m

      at logCapturedError (node_modules/react-dom/cjs/react-dom.development.js:18704:23)
      at update.callback (node_modules/react-dom/cjs/react-dom.development.js:18737:5)
      at callCallback (node_modules/react-dom/cjs/react-dom.development.js:15036:12)
      at commitUpdateQueue (node_modules/react-dom/cjs/react-dom.development.js:15057:9)
      at commitLayoutEffectOnFiber (node_modules/react-dom/cjs/react-dom.development.js:23430:13)
      at commitLayoutMountEffects_complete (node_modules/react-dom/cjs/react-dom.development.js:24727:9)
      at commitLayoutEffects_begin (node_modules/react-dom/cjs/react-dom.development.js:24713:7)
      at commitLayoutEffects (node_modules/react-dom/cjs/react-dom.development.js:24651:3)
      at commitRootImpl (node_modules/react-dom/cjs/react-dom.development.js:26862:5)
      at commitRoot (node_modules/react-dom/cjs/react-dom.development.js:26721:5)
      at finishConcurrentRender (node_modules/react-dom/cjs/react-dom.development.js:25931:9)
      at performConcurrentWorkOnRoot (node_modules/react-dom/cjs/react-dom.development.js:25848:7)
      at flushActQueue (node_modules/react/cjs/react.development.js:2667:24)
      at act (node_modules/react/cjs/react.development.js:2582:11)
      at node_modules/@testing-library/react/dist/act-compat.js:47:25
      at renderRoot (node_modules/@testing-library/react/dist/pure.js:180:26)
      at render (node_modules/@testing-library/react/dist/pure.js:271:10)
      at Object.<anonymous> (src/components/__tests__/AssistantPromo.test.tsx:207:11)

node.exe : FAIL src/components/
__tests__/AssistantPromo.test.t
sx
At line:1 char:1
+ & "C:\Program 
Files\nodejs/node.exe" 
"C:\Program 
Files\nodejs/node_mo ...
+ ~~~~~~~~~~~~~~~~~~~~~~~~~~~~~
~~~~~~~~~~~~~~~~~~~~~~~~~~~~~~~
~~~~~~~~~
    + CategoryInfo          :  
   NotSpecified: (FAIL src/co  
  mpon...tPromo.test.tsx:Str   
 ing) [], RemoteException
    + FullyQualifiedErrorId :  
   NativeCommandError
 
  AssistantPromo
    ├ù renders the promo 
section with correct heading 
(124 ms)
    ├ù renders the description 
text (26 ms)
    ├ù renders primary CTA 
button that redirects to under 
development page (25 ms)
    ├ù renders secondary CTA 
link to how it works (18 ms)
    ├ù has correct 
accessibility attributes (17 
ms)
    ├ù handles scroll to 
how-it-works section (13 ms)
    ├ù handles reduced motion 
preference (16 ms)

  ΓùÅ AssistantPromo ΓÇ║ 
renders the promo section with 
correct heading

    TypeError: Invalid base 
URL:

    [0m [90m 111 |[39m
     [90m 112 |[39m   
it([32m'renders the promo 
section with correct 
heading'[39m[33m,[39m 
[36masync[39m () 
[33m=>[39m {
    [31m[1m>[22m[39m[90m 
113 |[39m     render([33m<[3
9m[33mAssistantPromo[39m 
[33m/[39m[33m>[39m)
     [90m     |[39m          
 [31m[1m^[22m[39m
     [90m 114 |[39m     
[36mawait[39m waitFor(() 
[33m=>[39m {
     [90m 115 |[39m       exp
ect(screen[33m.[39mgetByRole(
[32m'region'[39m[33m,[39m 
{ name[33m:[39m [35m/soyl 
assistant/i[39m }))[33m.[39m
toBeInTheDocument()
     [90m 116 |[39m     
})[0m

      at new URLImpl (node_modu
les/whatwg-url/lib/URL-impl.js:
15:15)
      at Object.exports.setup (
node_modules/whatwg-url/lib/URL
.js:54:12)
      at new URL (node_modules/
whatwg-url/lib/URL.js:115:22)
      at getImgProps (node_modu
les/next/src/shared/lib/get-img
-props.ts:666:19)
      at node_modules/next/src/
client/image-component.tsx:398:
20
      at renderWithHooks (node_
modules/react-dom/cjs/react-dom
.development.js:15486:18)
      at updateForwardRef (node
_modules/react-dom/cjs/react-do
m.development.js:19245:20)
      at beginWork (node_module
s/react-dom/cjs/react-dom.devel
opment.js:21675:16)
      at beginWork$1 (node_modu
les/react-dom/cjs/react-dom.dev
elopment.js:27465:14)
      at performUnitOfWork (nod
e_modules/react-dom/cjs/react-d
om.development.js:26599:12)
      at workLoopSync (node_mod
ules/react-dom/cjs/react-dom.de
velopment.js:26505:5)
      at renderRootSync (node_m
odules/react-dom/cjs/react-dom.
development.js:26473:7)
      at 
recoverFromConcurrentError (nod
e_modules/react-dom/cjs/react-d
om.development.js:25889:20)
      at 
performConcurrentWorkOnRoot (no
de_modules/react-dom/cjs/react-
dom.development.js:25789:22)
      at flushActQueue (node_mo
dules/react/cjs/react.developme
nt.js:2667:24)
      at act (node_modules/reac
t/cjs/react.development.js:2582
:11)
      at node_modules/@testing-
library/react/dist/act-compat.j
s:47:25
      at renderRoot (node_modul
es/@testing-library/react/dist/
pure.js:180:26)
      at render (node_modules/@
testing-library/react/dist/pure
.js:271:10)
      at Object.<anonymous> (sr
c/components/__tests__/Assistan
tPromo.test.tsx:113:11)

  ΓùÅ AssistantPromo ΓÇ║ 
renders the description text

    TypeError: Invalid base 
URL:

    [0m [90m 119 |[39m
     [90m 120 |[39m   
it([32m'renders the 
description 
text'[39m[33m,[39m 
[36masync[39m () 
[33m=>[39m {
    [31m[1m>[22m[39m[90m 
121 |[39m     render([33m<[3
9m[33mAssistantPromo[39m 
[33m/[39m[33m>[39m)
     [90m     |[39m          
 [31m[1m^[22m[39m
     [90m 122 |[39m     
[36mawait[39m waitFor(() 
[33m=>[39m {
     [90m 123 |[39m       
expect(
     [90m 124 |[39m         s
creen[33m.[39mgetByText([35m
/Try our multimodal, 
emotion-aware AI 
assistant/[39m)[0m

      at new URLImpl (node_modu
les/whatwg-url/lib/URL-impl.js:
15:15)
      at Object.exports.setup (
node_modules/whatwg-url/lib/URL
.js:54:12)
      at new URL (node_modules/
whatwg-url/lib/URL.js:115:22)
      at getImgProps (node_modu
les/next/src/shared/lib/get-img
-props.ts:666:19)
      at node_modules/next/src/
client/image-component.tsx:398:
20
      at renderWithHooks (node_
modules/react-dom/cjs/react-dom
.development.js:15486:18)
      at updateForwardRef (node
_modules/react-dom/cjs/react-do
m.development.js:19245:20)
      at beginWork (node_module
s/react-dom/cjs/react-dom.devel
opment.js:21675:16)
      at beginWork$1 (node_modu
les/react-dom/cjs/react-dom.dev
elopment.js:27465:14)
      at performUnitOfWork (nod
e_modules/react-dom/cjs/react-d
om.development.js:26599:12)
      at workLoopSync (node_mod
ules/react-dom/cjs/react-dom.de
velopment.js:26505:5)
      at renderRootSync (node_m
odules/react-dom/cjs/react-dom.
development.js:26473:7)
      at 
recoverFromConcurrentError (nod
e_modules/react-dom/cjs/react-d
om.development.js:25889:20)
      at 
performConcurrentWorkOnRoot (no
de_modules/react-dom/cjs/react-
dom.development.js:25789:22)
      at flushActQueue (node_mo
dules/react/cjs/react.developme
nt.js:2667:24)
      at act (node_modules/reac
t/cjs/react.development.js:2582
:11)
      at node_modules/@testing-
library/react/dist/act-compat.j
s:47:25
      at renderRoot (node_modul
es/@testing-library/react/dist/
pure.js:180:26)
      at render (node_modules/@
testing-library/react/dist/pure
.js:271:10)
      at Object.<anonymous> (sr
c/components/__tests__/Assistan
tPromo.test.tsx:121:11)

  ΓùÅ AssistantPromo ΓÇ║ 
renders primary CTA button 
that redirects to under 
development page

    TypeError: Invalid base 
URL:

    [0m [90m 128 |[39m
     [90m 129 |[39m   
it([32m'renders primary CTA 
button that redirects to under 
development 
page'[39m[33m,[39m 
[36masync[39m () 
[33m=>[39m {
    [31m[1m>[22m[39m[90m 
130 |[39m     render([33m<[3
9m[33mAssistantPromo[39m 
[33m/[39m[33m>[39m)
     [90m     |[39m          
 [31m[1m^[22m[39m
     [90m 131 |[39m
     [90m 132 |[39m     
[36mawait[39m waitFor(() 
[33m=>[39m {
     [90m 133 |[39m       exp
ect(screen[33m.[39mgetByText(
[32m'Try the Assistant'[39m))
[33m.[39mtoBeInTheDocument()
[0m

      at new URLImpl (node_modu
les/whatwg-url/lib/URL-impl.js:
15:15)
      at Object.exports.setup (
node_modules/whatwg-url/lib/URL
.js:54:12)
      at new URL (node_modules/
whatwg-url/lib/URL.js:115:22)
      at getImgProps (node_modu
les/next/src/shared/lib/get-img
-props.ts:666:19)
      at node_modules/next/src/
client/image-component.tsx:398:
20
      at renderWithHooks (node_
modules/react-dom/cjs/react-dom
.development.js:15486:18)
      at updateForwardRef (node
_modules/react-dom/cjs/react-do
m.development.js:19245:20)
      at beginWork (node_module
s/react-dom/cjs/react-dom.devel
opment.js:21675:16)
      at beginWork$1 (node_modu
les/react-dom/cjs/react-dom.dev
elopment.js:27465:14)
      at performUnitOfWork (nod
e_modules/react-dom/cjs/react-d
om.development.js:26599:12)
      at workLoopSync (node_mod
ules/react-dom/cjs/react-dom.de
velopment.js:26505:5)
      at renderRootSync (node_m
odules/react-dom/cjs/react-dom.
development.js:26473:7)
      at 
recoverFromConcurrentError (nod
e_modules/react-dom/cjs/react-d
om.development.js:25889:20)
      at 
performConcurrentWorkOnRoot (no
de_modules/react-dom/cjs/react-
dom.development.js:25789:22)
      at flushActQueue (node_mo
dules/react/cjs/react.developme
nt.js:2667:24)
      at act (node_modules/reac
t/cjs/react.development.js:2582
:11)
      at node_modules/@testing-
library/react/dist/act-compat.j
s:47:25
      at renderRoot (node_modul
es/@testing-library/react/dist/
pure.js:180:26)
      at render (node_modules/@
testing-library/react/dist/pure
.js:271:10)
      at Object.<anonymous> (sr
c/components/__tests__/Assistan
tPromo.test.tsx:130:11)

  ΓùÅ AssistantPromo ΓÇ║ 
renders secondary CTA link to 
how it works

    TypeError: Invalid base 
URL:

    [0m [90m 142 |[39m
     [90m 143 |[39m   
it([32m'renders secondary CTA 
link to how it 
works'[39m[33m,[39m 
[36masync[39m () 
[33m=>[39m {
    [31m[1m>[22m[39m[90m 
144 |[39m     render([33m<[3
9m[33mAssistantPromo[39m 
[33m/[39m[33m>[39m)
     [90m     |[39m          
 [31m[1m^[22m[39m
     [90m 145 |[39m     
[36mawait[39m waitFor(() 
[33m=>[39m {
     [90m 146 |[39m       exp
ect(screen[33m.[39mgetByRole(
[32m'link'[39m[33m,[39m { 
name[33m:[39m [35m/how it 
works/i[39m }))[33m.[39mtoBe
InTheDocument()
     [90m 147 |[39m     
})[0m

      at new URLImpl (node_modu
les/whatwg-url/lib/URL-impl.js:
15:15)
      at Object.exports.setup (
node_modules/whatwg-url/lib/URL
.js:54:12)
      at new URL (node_modules/
whatwg-url/lib/URL.js:115:22)
      at getImgProps (node_modu
les/next/src/shared/lib/get-img
-props.ts:666:19)
      at node_modules/next/src/
client/image-component.tsx:398:
20
      at renderWithHooks (node_
modules/react-dom/cjs/react-dom
.development.js:15486:18)
      at updateForwardRef (node
_modules/react-dom/cjs/react-do
m.development.js:19245:20)
      at beginWork (node_module
s/react-dom/cjs/react-dom.devel
opment.js:21675:16)
      at beginWork$1 (node_modu
les/react-dom/cjs/react-dom.dev
elopment.js:27465:14)
      at performUnitOfWork (nod
e_modules/react-dom/cjs/react-d
om.development.js:26599:12)
      at workLoopSync (node_mod
ules/react-dom/cjs/react-dom.de
velopment.js:26505:5)
      at renderRootSync (node_m
odules/react-dom/cjs/react-dom.
development.js:26473:7)
      at 
recoverFromConcurrentError (nod
e_modules/react-dom/cjs/react-d
om.development.js:25889:20)
      at 
performConcurrentWorkOnRoot (no
de_modules/react-dom/cjs/react-
dom.development.js:25789:22)
      at flushActQueue (node_mo
dules/react/cjs/react.developme
nt.js:2667:24)
      at act (node_modules/reac
t/cjs/react.development.js:2582
:11)
      at node_modules/@testing-
library/react/dist/act-compat.j
s:47:25
      at renderRoot (node_modul
es/@testing-library/react/dist/
pure.js:180:26)
      at render (node_modules/@
testing-library/react/dist/pure
.js:271:10)
      at Object.<anonymous> (sr
c/components/__tests__/Assistan
tPromo.test.tsx:144:11)

  ΓùÅ AssistantPromo ΓÇ║ has 
correct accessibility 
attributes

    TypeError: Invalid base 
URL:

    [0m [90m 152 |[39m
     [90m 153 |[39m   
it([32m'has correct 
accessibility 
attributes'[39m[33m,[39m 
[36masync[39m () 
[33m=>[39m {
    [31m[1m>[22m[39m[90m 
154 |[39m     render([33m<[3
9m[33mAssistantPromo[39m 
[33m/[39m[33m>[39m)
     [90m     |[39m          
 [31m[1m^[22m[39m
     [90m 155 |[39m     
[36mawait[39m waitFor(() 
[33m=>[39m {
     [90m 156 |[39m       exp
ect(screen[33m.[39mgetByRole(
[32m'region'[39m[33m,[39m 
{ name[33m:[39m [35m/soyl 
assistant/i[39m }))[33m.[39m
toBeInTheDocument()
     [90m 157 |[39m     
})[0m

      at new URLImpl (node_modu
les/whatwg-url/lib/URL-impl.js:
15:15)
      at Object.exports.setup (
node_modules/whatwg-url/lib/URL
.js:54:12)
      at new URL (node_modules/
whatwg-url/lib/URL.js:115:22)
      at getImgProps (node_modu
les/next/src/shared/lib/get-img
-props.ts:666:19)
      at node_modules/next/src/
client/image-component.tsx:398:
20
      at renderWithHooks (node_
modules/react-dom/cjs/react-dom
.development.js:15486:18)
      at updateForwardRef (node
_modules/react-dom/cjs/react-do
m.development.js:19245:20)
      at beginWork (node_module
s/react-dom/cjs/react-dom.devel
opment.js:21675:16)
      at beginWork$1 (node_modu
les/react-dom/cjs/react-dom.dev
elopment.js:27465:14)
      at performUnitOfWork (nod
e_modules/react-dom/cjs/react-d
om.development.js:26599:12)
      at workLoopSync (node_mod
ules/react-dom/cjs/react-dom.de
velopment.js:26505:5)
      at renderRootSync (node_m
odules/react-dom/cjs/react-dom.
development.js:26473:7)
      at 
recoverFromConcurrentError (nod
e_modules/react-dom/cjs/react-d
om.development.js:25889:20)
      at 
performConcurrentWorkOnRoot (no
de_modules/react-dom/cjs/react-
dom.development.js:25789:22)
      at flushActQueue (node_mo
dules/react/cjs/react.developme
nt.js:2667:24)
      at act (node_modules/reac
t/cjs/react.development.js:2582
:11)
      at node_modules/@testing-
library/react/dist/act-compat.j
s:47:25
      at renderRoot (node_modul
es/@testing-library/react/dist/
pure.js:180:26)
      at render (node_modules/@
testing-library/react/dist/pure
.js:271:10)
      at Object.<anonymous> (sr
c/components/__tests__/Assistan
tPromo.test.tsx:154:11)

  ΓùÅ AssistantPromo ΓÇ║ 
handles scroll to how-it-works 
section

    TypeError: Invalid base 
URL:

    [0m [90m 172 |[39m     j
est[33m.[39mspyOn(document[3
3m,[39m [32m'getElementById'
[39m)[33m.[39mmockReturnValue
(mockElement [36mas[39m 
unknown [36mas[39m 
[33mHTMLElement[39m)
     [90m 173 |[39m
    [31m[1m>[22m[39m[90m 
174 |[39m     render([33m<[3
9m[33mAssistantPromo[39m 
[33m/[39m[33m>[39m)
     [90m     |[39m          
 [31m[1m^[22m[39m
     [90m 175 |[39m     
[36mawait[39m waitFor(() 
[33m=>[39m {
     [90m 176 |[39m       exp
ect(screen[33m.[39mgetByRole(
[32m'link'[39m[33m,[39m { 
name[33m:[39m [35m/how it 
works/i[39m }))[33m.[39mtoBe
InTheDocument()
     [90m 177 |[39m     
})[0m

      at new URLImpl (node_modu
les/whatwg-url/lib/URL-impl.js:
15:15)
      at Object.exports.setup (
node_modules/whatwg-url/lib/URL
.js:54:12)
      at new URL (node_modules/
whatwg-url/lib/URL.js:115:22)
      at getImgProps (node_modu
les/next/src/shared/lib/get-img
-props.ts:666:19)
      at node_modules/next/src/
client/image-component.tsx:398:
20
      at renderWithHooks (node_
modules/react-dom/cjs/react-dom
.development.js:15486:18)
      at updateForwardRef (node
_modules/react-dom/cjs/react-do
m.development.js:19245:20)
      at beginWork (node_module
s/react-dom/cjs/react-dom.devel
opment.js:21675:16)
      at beginWork$1 (node_modu
les/react-dom/cjs/react-dom.dev
elopment.js:27465:14)
      at performUnitOfWork (nod
e_modules/react-dom/cjs/react-d
om.development.js:26599:12)
      at workLoopSync (node_mod
ules/react-dom/cjs/react-dom.de
velopment.js:26505:5)
      at renderRootSync (node_m
odules/react-dom/cjs/react-dom.
development.js:26473:7)
      at 
recoverFromConcurrentError (nod
e_modules/react-dom/cjs/react-d
om.development.js:25889:20)
      at 
performConcurrentWorkOnRoot (no
de_modules/react-dom/cjs/react-
dom.development.js:25789:22)
      at flushActQueue (node_mo
dules/react/cjs/react.developme
nt.js:2667:24)
      at act (node_modules/reac
t/cjs/react.development.js:2582
:11)
      at node_modules/@testing-
library/react/dist/act-compat.j
s:47:25
      at renderRoot (node_modul
es/@testing-library/react/dist/
pure.js:180:26)
      at render (node_modules/@
testing-library/react/dist/pure
.js:271:10)
      at Object.<anonymous> (sr
c/components/__tests__/Assistan
tPromo.test.tsx:174:11)

  ΓùÅ AssistantPromo ΓÇ║ 
handles reduced motion 
preference

    TypeError: Invalid base 
URL:

    [0m [90m 205 |[39m     j
est[33m.[39mspyOn(document[3
3m,[39m [32m'getElementById'
[39m)[33m.[39mmockReturnValue
(mockElement [36mas[39m 
unknown [36mas[39m 
[33mHTMLElement[39m)
     [90m 206 |[39m
    [31m[1m>[22m[39m[90m 
207 |[39m     render([33m<[3
9m[33mAssistantPromo[39m 
[33m/[39m[33m>[39m)
     [90m     |[39m          
 [31m[1m^[22m[39m
     [90m 208 |[39m     
[36mawait[39m waitFor(() 
[33m=>[39m {
     [90m 209 |[39m       exp
ect(screen[33m.[39mgetByRole(
[32m'link'[39m[33m,[39m { 
name[33m:[39m [35m/how it 
works/i[39m }))[33m.[39mtoBe
InTheDocument()
     [90m 210 |[39m     
})[0m

      at new URLImpl (node_modu
les/whatwg-url/lib/URL-impl.js:
15:15)
      at Object.exports.setup (
node_modules/whatwg-url/lib/URL
.js:54:12)
      at new URL (node_modules/
whatwg-url/lib/URL.js:115:22)
      at getImgProps (node_modu
les/next/src/shared/lib/get-img
-props.ts:666:19)
      at node_modules/next/src/
client/image-component.tsx:398:
20
      at renderWithHooks (node_
modules/react-dom/cjs/react-dom
.development.js:15486:18)
      at updateForwardRef (node
_modules/react-dom/cjs/react-do
m.development.js:19245:20)
      at beginWork (node_module
s/react-dom/cjs/react-dom.devel
opment.js:21675:16)
      at beginWork$1 (node_modu
les/react-dom/cjs/react-dom.dev
elopment.js:27465:14)
      at performUnitOfWork (nod
e_modules/react-dom/cjs/react-d
om.development.js:26599:12)
      at workLoopSync (node_mod
ules/react-dom/cjs/react-dom.de
velopment.js:26505:5)
      at renderRootSync (node_m
odules/react-dom/cjs/react-dom.
development.js:26473:7)
      at 
recoverFromConcurrentError (nod
e_modules/react-dom/cjs/react-d
om.development.js:25889:20)
      at 
performConcurrentWorkOnRoot (no
de_modules/react-dom/cjs/react-
dom.development.js:25789:22)
      at flushActQueue (node_mo
dules/react/cjs/react.developme
nt.js:2667:24)
      at act (node_modules/reac
t/cjs/react.development.js:2582
:11)
      at node_modules/@testing-
library/react/dist/act-compat.j
s:47:25
      at renderRoot (node_modul
es/@testing-library/react/dist/
pure.js:180:26)
      at render (node_modules/@
testing-library/react/dist/pure
.js:271:10)
      at Object.<anonymous> (sr
c/components/__tests__/Assistan
tPromo.test.tsx:207:11)

Test Suites: 1 failed, 1 total
Tests:       7 failed, 7 total
Snapshots:   0 total
Time:        1.771 s, 
estimated 2 s
Ran all test suites matching /s
rc\\components\\__tests__\\Assi
stantPromo.test.tsx/i.
